


ARM Macro Assembler    Page 1 


    1 00000000                 AREA             MYCODE, CODE, READONLY
    2 00000000                 ENTRY
    3 00000000                 EXPORT           Delay
    4 00000000         
    5 00000000         Delay
    6 00000000 F44F 3080       MOV              R0, #0x00010000
    7 00000004         LOOP
    8 00000004 F1A0 0001       SUB              R0, #1
    9 00000008 2800            CMP              R0, #0
   10 0000000A D1FB            BNE              LOOP
   11 0000000C         
   12 0000000C 4770            BX               LR          ;·µ»ØÖ÷º¯Êý
   13 0000000E         
   14 0000000E                 END
Command Line: --debug --xref --diag_suppress=9931 --cpu=Cortex-M4.fp --apcs=int
erwork --depend=.\objects\delay.d -o.\objects\delay.o -I.\RTE\_Target_1 -ID:\Ke
il5\ARM\PACK\Keil\STM32F4xx_DFP\2.17.1\Drivers\CMSIS\Device\ST\STM32F4xx\Includ
e -ID:\Keil5\ARM\CMSIS\Include --predefine="__UVISION_VERSION SETA 524" --prede
fine="STM32F411xE SETA 1" --list=.\listings\delay.lst Hardware\Delay.s



ARM Macro Assembler    Page 1 Alphabetic symbol ordering
Relocatable symbols

Delay 00000000

Symbol: Delay
   Definitions
      At line 5 in file Hardware\Delay.s
   Uses
      At line 3 in file Hardware\Delay.s
Comment: Delay used once
LOOP 00000004

Symbol: LOOP
   Definitions
      At line 7 in file Hardware\Delay.s
   Uses
      At line 10 in file Hardware\Delay.s
Comment: LOOP used once
MYCODE 00000000

Symbol: MYCODE
   Definitions
      At line 1 in file Hardware\Delay.s
   Uses
      None
Comment: MYCODE unused
3 symbols
336 symbols in table
