Component: ARM Compiler 5.06 update 5 (build 528) Tool: armlink [4d35e2]

==============================================================================

Section Cross References

    startup_stm32f40_41xxx.o(RESET) refers to startup_stm32f40_41xxx.o(STACK) for __initial_sp
    startup_stm32f40_41xxx.o(RESET) refers to startup_stm32f40_41xxx.o(.text) for Reset_Handler
    startup_stm32f40_41xxx.o(RESET) refers to stm32f4xx_it.o(i.NMI_Handler) for NMI_Handler
    startup_stm32f40_41xxx.o(RESET) refers to stm32f4xx_it.o(i.HardFault_Handler) for HardFault_Handler
    startup_stm32f40_41xxx.o(RESET) refers to stm32f4xx_it.o(i.MemManage_Handler) for MemManage_Handler
    startup_stm32f40_41xxx.o(RESET) refers to stm32f4xx_it.o(i.BusFault_Handler) for BusFault_Handler
    startup_stm32f40_41xxx.o(RESET) refers to stm32f4xx_it.o(i.UsageFault_Handler) for UsageFault_Handler
    startup_stm32f40_41xxx.o(RESET) refers to stm32f4xx_it.o(i.SVC_Handler) for SVC_Handler
    startup_stm32f40_41xxx.o(RESET) refers to stm32f4xx_it.o(i.DebugMon_Handler) for DebugMon_Handler
    startup_stm32f40_41xxx.o(RESET) refers to stm32f4xx_it.o(i.PendSV_Handler) for PendSV_Handler
    startup_stm32f40_41xxx.o(RESET) refers to ppm.o(i.TIM3_IRQHandler) for TIM3_IRQHandler
    startup_stm32f40_41xxx.o(RESET) refers to usart.o(i.USART1_IRQHandler) for USART1_IRQHandler
    startup_stm32f40_41xxx.o(.text) refers to system_stm32f4xx.o(i.SystemInit) for SystemInit
    startup_stm32f40_41xxx.o(.text) refers to entry.o(.ARM.Collect$$$$00000000) for __main
    system_stm32f4xx.o(i.SystemCoreClockUpdate) refers to system_stm32f4xx.o(.data) for SystemCoreClock
    system_stm32f4xx.o(i.SystemInit) refers to system_stm32f4xx.o(i.SetSysClock) for SetSysClock
    stm32f4xx_adc.o(i.ADC_DeInit) refers to stm32f4xx_rcc.o(i.RCC_APB2PeriphResetCmd) for RCC_APB2PeriphResetCmd
    stm32f4xx_can.o(i.CAN_DeInit) refers to stm32f4xx_rcc.o(i.RCC_APB1PeriphResetCmd) for RCC_APB1PeriphResetCmd
    stm32f4xx_can.o(i.CAN_GetITStatus) refers to stm32f4xx_can.o(i.CheckITStatus) for CheckITStatus
    stm32f4xx_cryp.o(i.CRYP_DeInit) refers to stm32f4xx_rcc.o(i.RCC_AHB2PeriphResetCmd) for RCC_AHB2PeriphResetCmd
    stm32f4xx_cryp_aes.o(i.CRYP_AES_CBC) refers to stm32f4xx_cryp.o(i.CRYP_KeyStructInit) for CRYP_KeyStructInit
    stm32f4xx_cryp_aes.o(i.CRYP_AES_CBC) refers to stm32f4xx_cryp.o(i.CRYP_FIFOFlush) for CRYP_FIFOFlush
    stm32f4xx_cryp_aes.o(i.CRYP_AES_CBC) refers to stm32f4xx_cryp.o(i.CRYP_Init) for CRYP_Init
    stm32f4xx_cryp_aes.o(i.CRYP_AES_CBC) refers to stm32f4xx_cryp.o(i.CRYP_KeyInit) for CRYP_KeyInit
    stm32f4xx_cryp_aes.o(i.CRYP_AES_CBC) refers to stm32f4xx_cryp.o(i.CRYP_Cmd) for CRYP_Cmd
    stm32f4xx_cryp_aes.o(i.CRYP_AES_CBC) refers to stm32f4xx_cryp.o(i.CRYP_GetFlagStatus) for CRYP_GetFlagStatus
    stm32f4xx_cryp_aes.o(i.CRYP_AES_CBC) refers to stm32f4xx_cryp.o(i.CRYP_IVInit) for CRYP_IVInit
    stm32f4xx_cryp_aes.o(i.CRYP_AES_CBC) refers to stm32f4xx_cryp.o(i.CRYP_GetCmdStatus) for CRYP_GetCmdStatus
    stm32f4xx_cryp_aes.o(i.CRYP_AES_CBC) refers to stm32f4xx_cryp.o(i.CRYP_DataIn) for CRYP_DataIn
    stm32f4xx_cryp_aes.o(i.CRYP_AES_CBC) refers to stm32f4xx_cryp.o(i.CRYP_DataOut) for CRYP_DataOut
    stm32f4xx_cryp_aes.o(i.CRYP_AES_CCM) refers to stm32f4xx_cryp.o(i.CRYP_KeyStructInit) for CRYP_KeyStructInit
    stm32f4xx_cryp_aes.o(i.CRYP_AES_CCM) refers to stm32f4xx_cryp.o(i.CRYP_FIFOFlush) for CRYP_FIFOFlush
    stm32f4xx_cryp_aes.o(i.CRYP_AES_CCM) refers to stm32f4xx_cryp.o(i.CRYP_KeyInit) for CRYP_KeyInit
    stm32f4xx_cryp_aes.o(i.CRYP_AES_CCM) refers to stm32f4xx_cryp.o(i.CRYP_IVInit) for CRYP_IVInit
    stm32f4xx_cryp_aes.o(i.CRYP_AES_CCM) refers to stm32f4xx_cryp.o(i.CRYP_Init) for CRYP_Init
    stm32f4xx_cryp_aes.o(i.CRYP_AES_CCM) refers to stm32f4xx_cryp.o(i.CRYP_PhaseConfig) for CRYP_PhaseConfig
    stm32f4xx_cryp_aes.o(i.CRYP_AES_CCM) refers to stm32f4xx_cryp.o(i.CRYP_DataIn) for CRYP_DataIn
    stm32f4xx_cryp_aes.o(i.CRYP_AES_CCM) refers to stm32f4xx_cryp.o(i.CRYP_Cmd) for CRYP_Cmd
    stm32f4xx_cryp_aes.o(i.CRYP_AES_CCM) refers to stm32f4xx_cryp.o(i.CRYP_GetCmdStatus) for CRYP_GetCmdStatus
    stm32f4xx_cryp_aes.o(i.CRYP_AES_CCM) refers to stm32f4xx_cryp.o(i.CRYP_GetFlagStatus) for CRYP_GetFlagStatus
    stm32f4xx_cryp_aes.o(i.CRYP_AES_CCM) refers to stm32f4xx_cryp.o(i.CRYP_DataOut) for CRYP_DataOut
    stm32f4xx_cryp_aes.o(i.CRYP_AES_CTR) refers to stm32f4xx_cryp.o(i.CRYP_KeyStructInit) for CRYP_KeyStructInit
    stm32f4xx_cryp_aes.o(i.CRYP_AES_CTR) refers to stm32f4xx_cryp.o(i.CRYP_KeyInit) for CRYP_KeyInit
    stm32f4xx_cryp_aes.o(i.CRYP_AES_CTR) refers to stm32f4xx_cryp.o(i.CRYP_Init) for CRYP_Init
    stm32f4xx_cryp_aes.o(i.CRYP_AES_CTR) refers to stm32f4xx_cryp.o(i.CRYP_IVInit) for CRYP_IVInit
    stm32f4xx_cryp_aes.o(i.CRYP_AES_CTR) refers to stm32f4xx_cryp.o(i.CRYP_FIFOFlush) for CRYP_FIFOFlush
    stm32f4xx_cryp_aes.o(i.CRYP_AES_CTR) refers to stm32f4xx_cryp.o(i.CRYP_Cmd) for CRYP_Cmd
[...]
    Removing stm32f4xx_sdio.o(i.SDIO_ClearFlag), (12 bytes).
    Removing stm32f4xx_sdio.o(i.SDIO_ClearITPendingBit), (12 bytes).
    Removing stm32f4xx_sdio.o(i.SDIO_ClockCmd), (12 bytes).
    Removing stm32f4xx_sdio.o(i.SDIO_CmdStructInit), (14 bytes).
    Removing stm32f4xx_sdio.o(i.SDIO_CommandCompletionCmd), (12 bytes).
    Removing stm32f4xx_sdio.o(i.SDIO_DMACmd), (12 bytes).
    Removing stm32f4xx_sdio.o(i.SDIO_DataConfig), (52 bytes).
    Removing stm32f4xx_sdio.o(i.SDIO_DataStructInit), (20 bytes).
    Removing stm32f4xx_sdio.o(i.SDIO_DeInit), (22 bytes).
    Removing stm32f4xx_sdio.o(i.SDIO_GetCommandResponse), (12 bytes).
    Removing stm32f4xx_sdio.o(i.SDIO_GetDataCounter), (12 bytes).
    Removing stm32f4xx_sdio.o(i.SDIO_GetFIFOCount), (12 bytes).
    Removing stm32f4xx_sdio.o(i.SDIO_GetFlagStatus), (24 bytes).
    Removing stm32f4xx_sdio.o(i.SDIO_GetITStatus), (24 bytes).
    Removing stm32f4xx_sdio.o(i.SDIO_GetPowerState), (16 bytes).
    Removing stm32f4xx_sdio.o(i.SDIO_GetResponse), (24 bytes).
    Removing stm32f4xx_sdio.o(i.SDIO_ITConfig), (32 bytes).
    Removing stm32f4xx_sdio.o(i.SDIO_Init), (48 bytes).
    Removing stm32f4xx_sdio.o(i.SDIO_ReadData), (12 bytes).
    Removing stm32f4xx_sdio.o(i.SDIO_SendCEATACmd), (12 bytes).
    Removing stm32f4xx_sdio.o(i.SDIO_SendCommand), (44 bytes).
    Removing stm32f4xx_sdio.o(i.SDIO_SendSDIOSuspendCmd), (12 bytes).
    Removing stm32f4xx_sdio.o(i.SDIO_SetPowerState), (12 bytes).
    Removing stm32f4xx_sdio.o(i.SDIO_SetSDIOOperation), (12 bytes).
    Removing stm32f4xx_sdio.o(i.SDIO_SetSDIOReadWaitMode), (12 bytes).
    Removing stm32f4xx_sdio.o(i.SDIO_StartSDIOReadWait), (12 bytes).
    Removing stm32f4xx_sdio.o(i.SDIO_StopSDIOReadWait), (12 bytes).
    Removing stm32f4xx_sdio.o(i.SDIO_StructInit), (16 bytes).
    Removing stm32f4xx_sdio.o(i.SDIO_WriteData), (12 bytes).
    Removing stm32f4xx_spdifrx.o(.rev16_text), (4 bytes).
    Removing stm32f4xx_spdifrx.o(.revsh_text), (4 bytes).
    Removing stm32f4xx_spdifrx.o(.rrx_text), (6 bytes).
    Removing stm32f4xx_spi.o(.rev16_text), (4 bytes).
    Removing stm32f4xx_spi.o(.revsh_text), (4 bytes).
    Removing stm32f4xx_spi.o(.rrx_text), (6 bytes).
    Removing stm32f4xx_spi.o(i.I2S_Cmd), (24 bytes).
    Removing stm32f4xx_spi.o(i.I2S_FullDuplexConfig), (80 bytes).
    Removing stm32f4xx_spi.o(i.I2S_Init), (420 bytes).
    Removing stm32f4xx_spi.o(i.I2S_StructInit), (20 bytes).
    Removing stm32f4xx_spi.o(i.SPI_BiDirectionalLineConfig), (28 bytes).
    Removing stm32f4xx_spi.o(i.SPI_CalculateCRC), (24 bytes).
    Removing stm32f4xx_spi.o(i.SPI_Cmd), (24 bytes).
    Removing stm32f4xx_spi.o(i.SPI_DataSizeConfig), (18 bytes).
    Removing stm32f4xx_spi.o(i.SPI_GetCRC), (16 bytes).
    Removing stm32f4xx_spi.o(i.SPI_GetCRCPolynomial), (6 bytes).
    Removing stm32f4xx_spi.o(i.SPI_I2S_ClearFlag), (6 bytes).
    Removing stm32f4xx_spi.o(i.SPI_I2S_ClearITPendingBit), (20 bytes).
    Removing stm32f4xx_spi.o(i.SPI_I2S_DMACmd), (18 bytes).
    Removing stm32f4xx_spi.o(i.SPI_I2S_DeInit), (176 bytes).
    Removing stm32f4xx_spi.o(i.SPI_I2S_GetFlagStatus), (18 bytes).
    Removing stm32f4xx_spi.o(i.SPI_I2S_GetITStatus), (52 bytes).
    Removing stm32f4xx_spi.o(i.SPI_I2S_ITConfig), (32 bytes).
    Removing stm32f4xx_spi.o(i.SPI_I2S_ReceiveData), (6 bytes).
    Removing stm32f4xx_spi.o(i.SPI_I2S_SendData), (4 bytes).
    Removing stm32f4xx_spi.o(i.SPI_Init), (60 bytes).
    Removing stm32f4xx_spi.o(i.SPI_NSSInternalSoftwareConfig), (30 bytes).
    Removing stm32f4xx_spi.o(i.SPI_SSOutputCmd), (24 bytes).
    Removing stm32f4xx_spi.o(i.SPI_StructInit), (24 bytes).
    Removing stm32f4xx_spi.o(i.SPI_TIModeCmd), (24 bytes).
    Removing stm32f4xx_spi.o(i.SPI_TransmitCRC), (10 bytes).
    Removing stm32f4xx_syscfg.o(.rev16_text), (4 bytes).
    Removing stm32f4xx_syscfg.o(.revsh_text), (4 bytes).
    Removing stm32f4xx_syscfg.o(.rrx_text), (6 bytes).
    Removing stm32f4xx_syscfg.o(i.SYSCFG_CompensationCellCmd), (12 bytes).
    Removing stm32f4xx_syscfg.o(i.SYSCFG_DeInit), (22 bytes).
    Removing stm32f4xx_syscfg.o(i.SYSCFG_ETH_MediaInterfaceConfig), (12 bytes).
    Removing stm32f4xx_syscfg.o(i.SYSCFG_EXTILineConfig), (64 bytes).
    Removing stm32f4xx_syscfg.o(i.SYSCFG_GetCompensationCellStatus), (24 bytes).
    Removing stm32f4xx_syscfg.o(i.SYSCFG_MemoryRemapConfig), (12 bytes).
    Removing stm32f4xx_syscfg.o(i.SYSCFG_MemorySwappingBank), (12 bytes).
    Removing stm32f4xx_tim.o(.rev16_text), (4 bytes).
    Removing stm32f4xx_tim.o(.revsh_text), (4 bytes).
    Removing stm32f4xx_tim.o(.rrx_text), (6 bytes).
    Removing stm32f4xx_tim.o(i.TIM_ARRPreloadConfig), (24 bytes).
    Removing stm32f4xx_tim.o(i.TIM_BDTRConfig), (32 bytes).
    Removing stm32f4xx_tim.o(i.TIM_BDTRStructInit), (18 bytes).
    Removing stm32f4xx_tim.o(i.TIM_CCPreloadControl), (24 bytes).
    Removing stm32f4xx_tim.o(i.TIM_CCxCmd), (30 bytes).
    Removing stm32f4xx_tim.o(i.TIM_CCxNCmd), (30 bytes).
    Removing stm32f4xx_tim.o(i.TIM_ClearFlag), (6 bytes).
    Removing stm32f4xx_tim.o(i.TIM_ClearOC1Ref), (18 bytes).
    Removing stm32f4xx_tim.o(i.TIM_ClearOC2Ref), (24 bytes).
    Removing stm32f4xx_tim.o(i.TIM_ClearOC3Ref), (18 bytes).
    Removing stm32f4xx_tim.o(i.TIM_ClearOC4Ref), (24 bytes).
    Removing stm32f4xx_tim.o(i.TIM_CounterModeConfig), (18 bytes).
    Removing stm32f4xx_tim.o(i.TIM_CtrlPWMOutputs), (30 bytes).
    Removing stm32f4xx_tim.o(i.TIM_DMACmd), (18 bytes).
    Removing stm32f4xx_tim.o(i.TIM_DMAConfig), (10 bytes).
    Removing stm32f4xx_tim.o(i.TIM_DeInit), (400 bytes).
    Removing stm32f4xx_tim.o(i.TIM_ETRClockMode1Config), (54 bytes).
    Removing stm32f4xx_tim.o(i.TIM_ETRClockMode2Config), (32 bytes).
    Removing stm32f4xx_tim.o(i.TIM_ETRConfig), (28 bytes).
    Removing stm32f4xx_tim.o(i.TIM_EncoderInterfaceConfig), (66 bytes).
    Removing stm32f4xx_tim.o(i.TIM_ForcedOC1Config), (18 bytes).
    Removing stm32f4xx_tim.o(i.TIM_ForcedOC2Config), (26 bytes).
    Removing stm32f4xx_tim.o(i.TIM_ForcedOC3Config), (18 bytes).
    Removing stm32f4xx_tim.o(i.TIM_ForcedOC4Config), (26 bytes).
    Removing stm32f4xx_tim.o(i.TIM_GenerateEvent), (4 bytes).
    Removing stm32f4xx_tim.o(i.TIM_GetCapture1), (6 bytes).
    Removing stm32f4xx_tim.o(i.TIM_GetCapture2), (6 bytes).
    Removing stm32f4xx_tim.o(i.TIM_GetCapture3), (6 bytes).
    Removing stm32f4xx_tim.o(i.TIM_GetCapture4), (6 bytes).
    Removing stm32f4xx_tim.o(i.TIM_GetCounter), (6 bytes).
    Removing stm32f4xx_tim.o(i.TIM_GetFlagStatus), (18 bytes).
    Removing stm32f4xx_tim.o(i.TIM_GetPrescaler), (6 bytes).
    Removing stm32f4xx_tim.o(i.TIM_ICStructInit), (18 bytes).
    Removing stm32f4xx_tim.o(i.TIM_ITRxExternalClockConfig), (24 bytes).
    Removing stm32f4xx_tim.o(i.TIM_InternalClockConfig), (12 bytes).
    Removing stm32f4xx_tim.o(i.TIM_OC1FastConfig), (18 bytes).
    Removing stm32f4xx_tim.o(i.TIM_OC1Init), (124 bytes).
    Removing stm32f4xx_tim.o(i.TIM_OC1NPolarityConfig), (18 bytes).
    Removing stm32f4xx_tim.o(i.TIM_OC1PolarityConfig), (18 bytes).
    Removing stm32f4xx_tim.o(i.TIM_OC1PreloadConfig), (18 bytes).
    Removing stm32f4xx_tim.o(i.TIM_OC2FastConfig), (26 bytes).
    Removing stm32f4xx_tim.o(i.TIM_OC2Init), (164 bytes).
    Removing stm32f4xx_tim.o(i.TIM_OC2NPolarityConfig), (26 bytes).
    Removing stm32f4xx_tim.o(i.TIM_OC2PolarityConfig), (26 bytes).
    Removing stm32f4xx_tim.o(i.TIM_OC2PreloadConfig), (26 bytes).
    Removing stm32f4xx_tim.o(i.TIM_OC3FastConfig), (18 bytes).
    Removing stm32f4xx_tim.o(i.TIM_OC3Init), (160 bytes).
    Removing stm32f4xx_tim.o(i.TIM_OC3NPolarityConfig), (26 bytes).
    Removing stm32f4xx_tim.o(i.TIM_OC3PolarityConfig), (26 bytes).
    Removing stm32f4xx_tim.o(i.TIM_OC3PreloadConfig), (18 bytes).
    Removing stm32f4xx_tim.o(i.TIM_OC4FastConfig), (26 bytes).
    Removing stm32f4xx_tim.o(i.TIM_OC4Init), (120 bytes).
    Removing stm32f4xx_tim.o(i.TIM_OC4PolarityConfig), (26 bytes).
    Removing stm32f4xx_tim.o(i.TIM_OC4PreloadConfig), (26 bytes).
    Removing stm32f4xx_tim.o(i.TIM_OCStructInit), (20 bytes).
    Removing stm32f4xx_tim.o(i.TIM_PWMIConfig), (124 bytes).
    Removing stm32f4xx_tim.o(i.TIM_PrescalerConfig), (6 bytes).
    Removing stm32f4xx_tim.o(i.TIM_RemapConfig), (6 bytes).
    Removing stm32f4xx_tim.o(i.TIM_SelectCCDMA), (24 bytes).
    Removing stm32f4xx_tim.o(i.TIM_SelectCOM), (24 bytes).
    Removing stm32f4xx_tim.o(i.TIM_SelectHallSensor), (24 bytes).
    Removing stm32f4xx_tim.o(i.TIM_SelectMasterSlaveMode), (18 bytes).
    Removing stm32f4xx_tim.o(i.TIM_SelectOCxM), (86 bytes).
    Removing stm32f4xx_tim.o(i.TIM_SelectOnePulseMode), (18 bytes).
    Removing stm32f4xx_tim.o(i.TIM_SelectOutputTrigger), (18 bytes).
    Removing stm32f4xx_tim.o(i.TIM_SetAutoreload), (4 bytes).
    Removing stm32f4xx_tim.o(i.TIM_SetClockDivision), (18 bytes).
    Removing stm32f4xx_tim.o(i.TIM_SetCompare1), (4 bytes).
    Removing stm32f4xx_tim.o(i.TIM_SetCompare2), (4 bytes).
    Removing stm32f4xx_tim.o(i.TIM_SetCompare3), (4 bytes).
    Removing stm32f4xx_tim.o(i.TIM_SetCompare4), (4 bytes).
    Removing stm32f4xx_tim.o(i.TIM_SetCounter), (4 bytes).
    Removing stm32f4xx_tim.o(i.TIM_TIxExternalClockConfig), (62 bytes).
    Removing stm32f4xx_tim.o(i.TIM_TimeBaseStructInit), (18 bytes).
    Removing stm32f4xx_tim.o(i.TIM_UpdateDisableConfig), (24 bytes).
    Removing stm32f4xx_tim.o(i.TIM_UpdateRequestConfig), (24 bytes).
    Removing stm32f4xx_usart.o(.rev16_text), (4 bytes).
    Removing stm32f4xx_usart.o(.revsh_text), (4 bytes).
    Removing stm32f4xx_usart.o(.rrx_text), (6 bytes).
    Removing stm32f4xx_usart.o(i.USART_ClearFlag), (18 bytes).
    Removing stm32f4xx_usart.o(i.USART_ClearITPendingBit), (30 bytes).
    Removing stm32f4xx_usart.o(i.USART_ClockInit), (32 bytes).
    Removing stm32f4xx_usart.o(i.USART_ClockStructInit), (12 bytes).
    Removing stm32f4xx_usart.o(i.USART_Cmd), (24 bytes).
    Removing stm32f4xx_usart.o(i.USART_DMACmd), (18 bytes).
    Removing stm32f4xx_usart.o(i.USART_DeInit), (240 bytes).
    Removing stm32f4xx_usart.o(i.USART_GetFlagStatus), (26 bytes).
    Removing stm32f4xx_usart.o(i.USART_GetITStatus), (84 bytes).
    Removing stm32f4xx_usart.o(i.USART_HalfDuplexCmd), (24 bytes).
    Removing stm32f4xx_usart.o(i.USART_ITConfig), (74 bytes).
    Removing stm32f4xx_usart.o(i.USART_Init), (212 bytes).
    Removing stm32f4xx_usart.o(i.USART_IrDACmd), (24 bytes).
    Removing stm32f4xx_usart.o(i.USART_IrDAConfig), (18 bytes).
    Removing stm32f4xx_usart.o(i.USART_LINBreakDetectLengthConfig), (18 bytes).
    Removing stm32f4xx_usart.o(i.USART_LINCmd), (24 bytes).
    Removing stm32f4xx_usart.o(i.USART_OneBitMethodCmd), (24 bytes).
    Removing stm32f4xx_usart.o(i.USART_OverSampling8Cmd), (22 bytes).
    Removing stm32f4xx_usart.o(i.USART_ReceiveData), (10 bytes).
    Removing stm32f4xx_usart.o(i.USART_ReceiverWakeUpCmd), (24 bytes).
    Removing stm32f4xx_usart.o(i.USART_SendBreak), (10 bytes).
    Removing stm32f4xx_usart.o(i.USART_SendData), (8 bytes).
    Removing stm32f4xx_usart.o(i.USART_SetAddress), (18 bytes).
    Removing stm32f4xx_usart.o(i.USART_SetGuardTime), (16 bytes).
    Removing stm32f4xx_usart.o(i.USART_SetPrescaler), (16 bytes).
    Removing stm32f4xx_usart.o(i.USART_SmartCardCmd), (24 bytes).
    Removing stm32f4xx_usart.o(i.USART_SmartCardNACKCmd), (24 bytes).
    Removing stm32f4xx_usart.o(i.USART_StructInit), (24 bytes).
    Removing stm32f4xx_usart.o(i.USART_WakeUpConfig), (18 bytes).
    Removing stm32f4xx_wwdg.o(.rev16_text), (4 bytes).
    Removing stm32f4xx_wwdg.o(.revsh_text), (4 bytes).
    Removing stm32f4xx_wwdg.o(.rrx_text), (6 bytes).
    Removing stm32f4xx_wwdg.o(i.WWDG_ClearFlag), (12 bytes).
    Removing stm32f4xx_wwdg.o(i.WWDG_DeInit), (22 bytes).
    Removing stm32f4xx_wwdg.o(i.WWDG_Enable), (16 bytes).
    Removing stm32f4xx_wwdg.o(i.WWDG_EnableIT), (12 bytes).
    Removing stm32f4xx_wwdg.o(i.WWDG_GetFlagStatus), (20 bytes).
    Removing stm32f4xx_wwdg.o(i.WWDG_SetCounter), (16 bytes).
    Removing stm32f4xx_wwdg.o(i.WWDG_SetPrescaler), (24 bytes).
    Removing stm32f4xx_wwdg.o(i.WWDG_SetWindowValue), (40 bytes).
    Removing stm32f4xx_it.o(.rev16_text), (4 bytes).
    Removing stm32f4xx_it.o(.revsh_text), (4 bytes).
    Removing stm32f4xx_it.o(.rrx_text), (6 bytes).
    Removing main.o(.rev16_text), (4 bytes).
    Removing main.o(.revsh_text), (4 bytes).
    Removing main.o(.rrx_text), (6 bytes).
    Removing service.o(.rev16_text), (4 bytes).
    Removing service.o(.revsh_text), (4 bytes).
    Removing service.o(.rrx_text), (6 bytes).
    Removing service.o(i.GY86_Show), (420 bytes).
    Removing service.o(i.test), (52 bytes).
    Removing delay.o(.rev16_text), (4 bytes).
    Removing delay.o(.revsh_text), (4 bytes).
    Removing delay.o(.rrx_text), (6 bytes).
    Removing delay.o(i.Delay_s), (26 bytes).
    Removing pwm.o(.rev16_text), (4 bytes).
    Removing pwm.o(.revsh_text), (4 bytes).
    Removing pwm.o(.rrx_text), (6 bytes).
    Removing pwm.o(i.MOTOR_SetSpeed), (42 bytes).
    Removing pwm.o(i.PWM_SetCompare), (52 bytes).
    Removing pwm.o(i.Unlock_ALL_ESC), (96 bytes).
    Removing pwm.o(i.Unlock_ESC), (38 bytes).
    Removing gy86.o(.rev16_text), (4 bytes).
    Removing gy86.o(.revsh_text), (4 bytes).
    Removing gy86.o(.rrx_text), (6 bytes).
    Removing gy86.o(i.MS5611_Calculate), (284 bytes).
    Removing gy86.o(i.MS5611_ReadProm), (192 bytes).
    Removing gy86.o(i.MS5611_ReadTempPress), (78 bytes).
    Removing oled.o(.rev16_text), (4 bytes).
    Removing oled.o(.revsh_text), (4 bytes).
    Removing oled.o(.rrx_text), (6 bytes).
    Removing oled.o(i.OLED_Pow), (20 bytes).
    Removing oled.o(i.OLED_ShowBinNum), (62 bytes).
    Removing oled.o(i.OLED_ShowChar), (116 bytes).
    Removing oled.o(i.OLED_ShowHexNum), (84 bytes).
    Removing oled.o(i.OLED_ShowNum), (68 bytes).
    Removing oled.o(i.OLED_ShowSignedNum), (102 bytes).
    Removing oled.o(i.OLED_ShowString), (40 bytes).
    Removing oled.o(.constdata), (1520 bytes).
    Removing usart.o(.rev16_text), (4 bytes).
    Removing usart.o(.revsh_text), (4 bytes).
    Removing usart.o(.rrx_text), (6 bytes).
    Removing usart.o(i.USART_SendString), (22 bytes).
    Removing usart.o(i.fputc), (16 bytes).
    Removing ppm.o(.rev16_text), (4 bytes).
    Removing ppm.o(.revsh_text), (4 bytes).
    Removing ppm.o(.rrx_text), (6 bytes).
    Removing madgwick.o(.rev16_text), (4 bytes).
    Removing madgwick.o(.revsh_text), (4 bytes).
    Removing madgwick.o(.rrx_text), (6 bytes).
    Removing madgwick.o(i.Quaternion2Euler), (360 bytes).
    Removing dadd.o(.text), (334 bytes).
    Removing dmul.o(.text), (228 bytes).
    Removing dneg.o(.text), (6 bytes).
    Removing dfixul.o(.text), (48 bytes).
    Removing cdcmple.o(.text), (48 bytes).

831 unused section(s) (total 37554 bytes) removed from the image.

==============================================================================

Image Symbol Table

    Local Symbols

    Symbol Name                              Value     Ov Type        Size  Object(Section)

    ../clib/microlib/division.c              0x00000000   Number         0  uldiv.o ABSOLUTE
    ../clib/microlib/division.c              0x00000000   Number         0  uidiv.o ABSOLUTE
    ../clib/microlib/errno.c                 0x00000000   Number         0  errno.o ABSOLUTE
    ../clib/microlib/init/entry.s            0x00000000   Number         0  entry11b.o ABSOLUTE
    ../clib/microlib/init/entry.s            0x00000000   Number         0  entry11a.o ABSOLUTE
    ../clib/microlib/init/entry.s            0x00000000   Number         0  entry7b.o ABSOLUTE
    ../clib/microlib/init/entry.s            0x00000000   Number         0  entry10b.o ABSOLUTE
    ../clib/microlib/init/entry.s            0x00000000   Number         0  entry10a.o ABSOLUTE
    ../clib/microlib/init/entry.s            0x00000000   Number         0  entry7a.o ABSOLUTE
    ../clib/microlib/init/entry.s            0x00000000   Number         0  entry9b.o ABSOLUTE
    ../clib/microlib/init/entry.s            0x00000000   Number         0  entry9a.o ABSOLUTE
    ../clib/microlib/init/entry.s            0x00000000   Number         0  entry.o ABSOLUTE
    ../clib/microlib/init/entry.s            0x00000000   Number         0  entry8b.o ABSOLUTE
    ../clib/microlib/init/entry.s            0x00000000   Number         0  entry5.o ABSOLUTE
    ../clib/microlib/init/entry.s            0x00000000   Number         0  entry2.o ABSOLUTE
    ../clib/microlib/init/entry.s            0x00000000   Number         0  entry8a.o ABSOLUTE
    ../clib/microlib/longlong.c              0x00000000   Number         0  llsshr.o ABSOLUTE
    ../clib/microlib/longlong.c              0x00000000   Number         0  llushr.o ABSOLUTE
    ../clib/microlib/longlong.c              0x00000000   Number         0  llshl.o ABSOLUTE
    ../clib/microlib/malloc/malloc.c         0x00000000   Number         0  malloca.o ABSOLUTE
    ../clib/microlib/malloc/malloc.c         0x00000000   Number         0  mallocra.o ABSOLUTE
    ../clib/microlib/malloc/malloc.c         0x00000000   Number         0  mallocr.o ABSOLUTE
    ../clib/microlib/malloc/malloc.c         0x00000000   Number         0  malloc.o ABSOLUTE
    ../clib/microlib/malloc/mvars.c          0x00000000   Number         0  mvars.o ABSOLUTE
    ../clib/microlib/printf/printf.c         0x00000000   Number         0  printfb.o ABSOLUTE
    ../clib/microlib/printf/printf.c         0x00000000   Number         0  printf4.o ABSOLUTE
    ../clib/microlib/printf/printf.c         0x00000000   Number         0  printfa.o ABSOLUTE
    ../clib/microlib/printf/printf.c         0x00000000   Number         0  printf3.o ABSOLUTE
    ../clib/microlib/printf/printf.c         0x00000000   Number         0  printf5.o ABSOLUTE
    ../clib/microlib/printf/printf.c         0x00000000   Number         0  printf2.o ABSOLUTE
    ../clib/microlib/printf/printf.c         0x00000000   Number         0  printf6.o ABSOLUTE
    ../clib/microlib/printf/printf.c         0x00000000   Number         0  printf1.o ABSOLUTE
    ../clib/microlib/printf/printf.c         0x00000000   Number         0  printf7.o ABSOLUTE
    ../clib/microlib/printf/printf.c         0x00000000   Number         0  printf0.o ABSOLUTE
    ../clib/microlib/printf/printf.c         0x00000000   Number         0  printf8.o ABSOLUTE
    ../clib/microlib/printf/stubs.s          0x00000000   Number         0  stubs.o ABSOLUTE
    ../clib/microlib/stdio/streams.c         0x00000000   Number         0  stdout.o ABSOLUTE
    ../clib/microlib/string/memcpy.c         0x00000000   Number         0  memcpya.o ABSOLUTE
    ../clib/microlib/string/memcpy.c         0x00000000   Number         0  memcpyb.o ABSOLUTE
    ../clib/microlib/stubs.s                 0x00000000   Number         0  iusefp.o ABSOLUTE
    ../fplib/microlib/d2f.c                  0x00000000   Number         0  d2f.o ABSOLUTE
    ../fplib/microlib/f2d.c                  0x00000000   Number         0  f2d.o ABSOLUTE
    ../fplib/microlib/fpadd.c                0x00000000   Number         0  dadd.o ABSOLUTE
    ../fplib/microlib/fpdiv.c                0x00000000   Number         0  ddiv.o ABSOLUTE
    ../fplib/microlib/fpepilogue.c           0x00000000   Number         0  fepilogue.o ABSOLUTE
    ../fplib/microlib/fpepilogue.c           0x00000000   Number         0  depilogue.o ABSOLUTE
    ../fplib/microlib/fpfix.c                0x00000000   Number         0  dfixul.o ABSOLUTE
    ../fplib/microlib/fpflt.c                0x00000000   Number         0  dfltui.o ABSOLUTE
    ../fplib/microlib/fpmul.c                0x00000000   Number         0  dmul.o ABSOLUTE
    ../fplib/microlib/fpneg.c                0x00000000   Number         0  dneg.o ABSOLUTE
    ../fplib/microlib/fpsqrt.c               0x00000000   Number         0  dsqrt.o ABSOLUTE
    ../mathlib/asin.c                        0x00000000   Number         0  asin.o ABSOLUTE
    ../mathlib/asin.c                        0x00000000   Number         0  asin_x.o ABSOLUTE
    ../mathlib/atan.c                        0x00000000   Number         0  atan_x.o ABSOLUTE
    ../mathlib/atan.c                        0x00000000   Number         0  atan.o ABSOLUTE
    ../mathlib/atan2.c                       0x00000000   Number         0  atan2.o ABSOLUTE
    ../mathlib/atan2.c                       0x00000000   Number         0  atan2_x.o ABSOLUTE
    ../mathlib/dunder.c                      0x00000000   Number         0  dunder.o ABSOLUTE
    ../mathlib/fabs.c                        0x00000000   Number         0  fabs.o ABSOLUTE
    ../mathlib/fpclassify.c                  0x00000000   Number         0  fpclassify.o ABSOLUTE
    ../mathlib/poly.c                        0x00000000   Number         0  poly.o ABSOLUTE
    ../mathlib/qnan.c                        0x00000000   Number         0  qnan.o ABSOLUTE
    ../mathlib/sqrt.c                        0x00000000   Number         0  sqrt.o ABSOLUTE
    ../mathlib/sqrt.c                        0x00000000   Number         0  sqrt_x.o ABSOLUTE
    ..\..\STM32F4¹Ì¼þ¿â\STM32F4xx_DSP_StdPeriph_Lib_V1.9.0\Project\STM32F4xx_StdPeriph_Templates\stm32f4xx_it.c 0x00000000   Number         0  stm32f4xx_it.o ABSOLUTE
    ..\\..\\STM32F4\271\314\274\376\277\342\\STM32F4xx_DSP_StdPeriph_Lib_V1.9.0\\Project\\STM32F4xx_StdPeriph_Templates\\stm32f4xx_it.c 0x00000000   Number         0  stm32f4xx_it.o ABSOLUTE
    Hardware\GY86.c                          0x00000000   Number         0  gy86.o ABSOLUTE
    Hardware\Madgwick.c                      0x00000000   Number         0  madgwick.o ABSOLUTE
    Hardware\OLED.c                          0x00000000   Number         0  oled.o ABSOLUTE
    Hardware\PPM.c                           0x00000000   Number         0  ppm.o ABSOLUTE
    Hardware\\GY86.c                         0x00000000   Number         0  gy86.o ABSOLUTE
    Hardware\\Madgwick.c                     0x00000000   Number         0  madgwick.o ABSOLUTE
    Hardware\\OLED.c                         0x00000000   Number         0  oled.o ABSOLUTE
    Hardware\\PPM.c                          0x00000000   Number         0  ppm.o ABSOLUTE
    Hardware\\pwm.c                          0x00000000   Number         0  pwm.o ABSOLUTE
    Hardware\\usart.c                        0x00000000   Number         0  usart.o ABSOLUTE
    Hardware\pwm.c                           0x00000000   Number         0  pwm.o ABSOLUTE
    Hardware\usart.c                         0x00000000   Number         0  usart.o ABSOLUTE
    Library\\misc.c                          0x00000000   Number         0  misc.o ABSOLUTE
    Library\\stm32f4xx_adc.c                 0x00000000   Number         0  stm32f4xx_adc.o ABSOLUTE
    Library\\stm32f4xx_can.c                 0x00000000   Number         0  stm32f4xx_can.o ABSOLUTE
    Library\\stm32f4xx_cec.c                 0x00000000   Number         0  stm32f4xx_cec.o ABSOLUTE
    Library\\stm32f4xx_crc.c                 0x00000000   Number         0  stm32f4xx_crc.o ABSOLUTE
    Library\\stm32f4xx_cryp.c                0x00000000   Number         0  stm32f4xx_cryp.o ABSOLUTE
    Library\\stm32f4xx_cryp_aes.c            0x00000000   Number         0  stm32f4xx_cryp_aes.o ABSOLUTE
    Library\\stm32f4xx_cryp_des.c            0x00000000   Number         0  stm32f4xx_cryp_des.o ABSOLUTE
    Library\\stm32f4xx_cryp_tdes.c           0x00000000   Number         0  stm32f4xx_cryp_tdes.o ABSOLUTE
    Library\\stm32f4xx_dac.c                 0x00000000   Number         0  stm32f4xx_dac.o ABSOLUTE
    Library\\stm32f4xx_dbgmcu.c              0x00000000   Number         0  stm32f4xx_dbgmcu.o ABSOLUTE
    Library\\stm32f4xx_dcmi.c                0x00000000   Number         0  stm32f4xx_dcmi.o ABSOLUTE
    Library\\stm32f4xx_dfsdm.c               0x00000000   Number         0  stm32f4xx_dfsdm.o ABSOLUTE
    Library\\stm32f4xx_dma.c                 0x00000000   Number         0  stm32f4xx_dma.o ABSOLUTE
    Library\\stm32f4xx_dma2d.c               0x00000000   Number         0  stm32f4xx_dma2d.o ABSOLUTE
    Library\\stm32f4xx_dsi.c                 0x00000000   Number         0  stm32f4xx_dsi.o ABSOLUTE
    Library\\stm32f4xx_exti.c                0x00000000   Number         0  stm32f4xx_exti.o ABSOLUTE
    Library\\stm32f4xx_flash.c               0x00000000   Number         0  stm32f4xx_flash.o ABSOLUTE
    Library\\stm32f4xx_flash_ramfunc.c       0x00000000   Number         0  stm32f4xx_flash_ramfunc.o ABSOLUTE
    Library\\stm32f4xx_fmpi2c.c              0x00000000   Number         0  stm32f4xx_fmpi2c.o ABSOLUTE
    Library\\stm32f4xx_gpio.c                0x00000000   Number         0  stm32f4xx_gpio.o ABSOLUTE
    Library\\stm32f4xx_hash.c                0x00000000   Number         0  stm32f4xx_hash.o ABSOLUTE
    Library\\stm32f4xx_hash_md5.c            0x00000000   Number         0  stm32f4xx_hash_md5.o ABSOLUTE
    Library\\stm32f4xx_hash_sha1.c           0x00000000   Number         0  stm32f4xx_hash_sha1.o ABSOLUTE
    Library\\stm32f4xx_i2c.c                 0x00000000   Number         0  stm32f4xx_i2c.o ABSOLUTE
    Library\\stm32f4xx_iwdg.c                0x00000000   Number         0  stm32f4xx_iwdg.o ABSOLUTE
    Library\\stm32f4xx_lptim.c               0x00000000   Number         0  stm32f4xx_lptim.o ABSOLUTE
    Library\\stm32f4xx_ltdc.c                0x00000000   Number         0  stm32f4xx_ltdc.o ABSOLUTE
    Library\\stm32f4xx_pwr.c                 0x00000000   Number         0  stm32f4xx_pwr.o ABSOLUTE
    Library\\stm32f4xx_qspi.c                0x00000000   Number         0  stm32f4xx_qspi.o ABSOLUTE
    Library\\stm32f4xx_rcc.c                 0x00000000   Number         0  stm32f4xx_rcc.o ABSOLUTE
    Library\\stm32f4xx_rng.c                 0x00000000   Number         0  stm32f4xx_rng.o ABSOLUTE
    Library\\stm32f4xx_rtc.c                 0x00000000   Number         0  stm32f4xx_rtc.o ABSOLUTE
    Library\\stm32f4xx_sai.c                 0x00000000   Number         0  stm32f4xx_sai.o ABSOLUTE
    Library\\stm32f4xx_sdio.c                0x00000000   Number         0  stm32f4xx_sdio.o ABSOLUTE
    Library\\stm32f4xx_spdifrx.c             0x00000000   Number         0  stm32f4xx_spdifrx.o ABSOLUTE
    Library\\stm32f4xx_spi.c                 0x00000000   Number         0  stm32f4xx_spi.o ABSOLUTE
    Library\\stm32f4xx_syscfg.c              0x00000000   Number         0  stm32f4xx_syscfg.o ABSOLUTE
    Library\\stm32f4xx_tim.c                 0x00000000   Number         0  stm32f4xx_tim.o ABSOLUTE
    Library\\stm32f4xx_usart.c               0x00000000   Number         0  stm32f4xx_usart.o ABSOLUTE
    Library\\stm32f4xx_wwdg.c                0x00000000   Number         0  stm32f4xx_wwdg.o ABSOLUTE
    Library\misc.c                           0x00000000   Number         0  misc.o ABSOLUTE
    Library\stm32f4xx_adc.c                  0x00000000   Number         0  stm32f4xx_adc.o ABSOLUTE
    Library\stm32f4xx_can.c                  0x00000000   Number         0  stm32f4xx_can.o ABSOLUTE
    Library\stm32f4xx_cec.c                  0x00000000   Number         0  stm32f4xx_cec.o ABSOLUTE
    Library\stm32f4xx_crc.c                  0x00000000   Number         0  stm32f4xx_crc.o ABSOLUTE
    Library\stm32f4xx_cryp.c                 0x00000000   Number         0  stm32f4xx_cryp.o ABSOLUTE
    Library\stm32f4xx_cryp_aes.c             0x00000000   Number         0  stm32f4xx_cryp_aes.o ABSOLUTE
    Library\stm32f4xx_cryp_des.c             0x00000000   Number         0  stm32f4xx_cryp_des.o ABSOLUTE
    Library\stm32f4xx_cryp_tdes.c            0x00000000   Number         0  stm32f4xx_cryp_tdes.o ABSOLUTE
    Library\stm32f4xx_dac.c                  0x00000000   Number         0  stm32f4xx_dac.o ABSOLUTE
    Library\stm32f4xx_dbgmcu.c               0x00000000   Number         0  stm32f4xx_dbgmcu.o ABSOLUTE
    Library\stm32f4xx_dcmi.c                 0x00000000   Number         0  stm32f4xx_dcmi.o ABSOLUTE
    Library\stm32f4xx_dfsdm.c                0x00000000   Number         0  stm32f4xx_dfsdm.o ABSOLUTE
    Library\stm32f4xx_dma.c                  0x00000000   Number         0  stm32f4xx_dma.o ABSOLUTE
    Library\stm32f4xx_dma2d.c                0x00000000   Number         0  stm32f4xx_dma2d.o ABSOLUTE
    Library\stm32f4xx_dsi.c                  0x00000000   Number         0  stm32f4xx_dsi.o ABSOLUTE
    Library\stm32f4xx_exti.c                 0x00000000   Number         0  stm32f4xx_exti.o ABSOLUTE
    Library\stm32f4xx_flash.c                0x00000000   Number         0  stm32f4xx_flash.o ABSOLUTE
    Library\stm32f4xx_flash_ramfunc.c        0x00000000   Number         0  stm32f4xx_flash_ramfunc.o ABSOLUTE
    Library\stm32f4xx_fmpi2c.c               0x00000000   Number         0  stm32f4xx_fmpi2c.o ABSOLUTE
    Library\stm32f4xx_gpio.c                 0x00000000   Number         0  stm32f4xx_gpio.o ABSOLUTE
    Library\stm32f4xx_hash.c                 0x00000000   Number         0  stm32f4xx_hash.o ABSOLUTE
    Library\stm32f4xx_hash_md5.c             0x00000000   Number         0  stm32f4xx_hash_md5.o ABSOLUTE
    Library\stm32f4xx_hash_sha1.c            0x00000000   Number         0  stm32f4xx_hash_sha1.o ABSOLUTE
    Library\stm32f4xx_i2c.c                  0x00000000   Number         0  stm32f4xx_i2c.o ABSOLUTE
    Library\stm32f4xx_iwdg.c                 0x00000000   Number         0  stm32f4xx_iwdg.o ABSOLUTE
    Library\stm32f4xx_lptim.c                0x00000000   Number         0  stm32f4xx_lptim.o ABSOLUTE
    Library\stm32f4xx_ltdc.c                 0x00000000   Number         0  stm32f4xx_ltdc.o ABSOLUTE
    Library\stm32f4xx_pwr.c                  0x00000000   Number         0  stm32f4xx_pwr.o ABSOLUTE
    Library\stm32f4xx_qspi.c                 0x00000000   Number         0  stm32f4xx_qspi.o ABSOLUTE
    Library\stm32f4xx_rcc.c                  0x00000000   Number         0  stm32f4xx_rcc.o ABSOLUTE
    Library\stm32f4xx_rng.c                  0x00000000   Number         0  stm32f4xx_rng.o ABSOLUTE
    Library\stm32f4xx_rtc.c                  0x00000000   Number         0  stm32f4xx_rtc.o ABSOLUTE
    Library\stm32f4xx_sai.c                  0x00000000   Number         0  stm32f4xx_sai.o ABSOLUTE
    Library\stm32f4xx_sdio.c                 0x00000000   Number         0  stm32f4xx_sdio.o ABSOLUTE
    Library\stm32f4xx_spdifrx.c              0x00000000   Number         0  stm32f4xx_spdifrx.o ABSOLUTE
    Library\stm32f4xx_spi.c                  0x00000000   Number         0  stm32f4xx_spi.o ABSOLUTE
    Library\stm32f4xx_syscfg.c               0x00000000   Number         0  stm32f4xx_syscfg.o ABSOLUTE
    Library\stm32f4xx_tim.c                  0x00000000   Number         0  stm32f4xx_tim.o ABSOLUTE
    Library\stm32f4xx_usart.c                0x00000000   Number         0  stm32f4xx_usart.o ABSOLUTE
    Library\stm32f4xx_wwdg.c                 0x00000000   Number         0  stm32f4xx_wwdg.o ABSOLUTE
    Start\\system_stm32f4xx.c                0x00000000   Number         0  system_stm32f4xx.o ABSOLUTE
    Start\startup_stm32f40_41xxx.s           0x00000000   Number         0  startup_stm32f40_41xxx.o ABSOLUTE
    Start\system_stm32f4xx.c                 0x00000000   Number         0  system_stm32f4xx.o ABSOLUTE
    System\Delay.c                           0x00000000   Number         0  delay.o ABSOLUTE
    System\\Delay.c                          0x00000000   Number         0  delay.o ABSOLUTE
    User\Service.c                           0x00000000   Number         0  service.o ABSOLUTE
    User\\Service.c                          0x00000000   Number         0  service.o ABSOLUTE
    cdcmple.s                                0x00000000   Number         0  cdcmple.o ABSOLUTE
    cdrcmple.s                               0x00000000   Number         0  cdrcmple.o ABSOLUTE
    dc.s                                     0x00000000   Number         0  dc.o ABSOLUTE
    handlers.s                               0x00000000   Number         0  handlers.o ABSOLUTE
    init.s                                   0x00000000   Number         0  init.o ABSOLUTE
    main.c                                   0x00000000   Number         0  main.o ABSOLUTE
    main.c                                   0x00000000   Number         0  main.o ABSOLUTE
    RESET                                    0x08000000   Section      392  startup_stm32f40_41xxx.o(RESET)
    .ARM.Collect$$$$00000000                 0x08000188   Section        0  entry.o(.ARM.Collect$$$$00000000)
    .ARM.Collect$$$$00000001                 0x08000188   Section        4  entry2.o(.ARM.Collect$$$$00000001)
    .ARM.Collect$$$$00000004                 0x0800018c   Section        4  entry5.o(.ARM.Collect$$$$00000004)
    .ARM.Collect$$$$00000008                 0x08000190   Section        0  entry7b.o(.ARM.Collect$$$$00000008)
    .ARM.Collect$$$$0000000A                 0x08000190   Section        0  entry8b.o(.ARM.Collect$$$$0000000A)
    .ARM.Collect$$$$0000000B                 0x08000190   Section        8  entry9a.o(.ARM.Collect$$$$0000000B)
    .ARM.Collect$$$$0000000D                 0x08000198   Section        0  entry10a.o(.ARM.Collect$$$$0000000D)
    .ARM.Collect$$$$0000000F                 0x08000198   Section        0  entry11a.o(.ARM.Collect$$$$0000000F)
    .ARM.Collect$$$$00002712                 0x08000198   Section        4  entry2.o(.ARM.Collect$$$$00002712)
    __lit__00000000                          0x08000198   Data           4  entry2.o(.ARM.Collect$$$$00002712)
    .text                                    0x0800019c   Section       36  startup_stm32f40_41xxx.o(.text)
    $v0                                      0x0800019c   Number         0  startup_stm32f40_41xxx.o(.text)
    .text                                    0x080001c0   Section        0  ddiv.o(.text)
    .text                                    0x0800029e   Section        0  dfltui.o(.text)
    .text                                    0x080002b8   Section        0  f2d.o(.text)
    .text                                    0x080002e0   Section       48  cdrcmple.o(.text)
    .text                                    0x08000310   Section        0  d2f.o(.text)
    .text                                    0x08000348   Section        0  iusefp.o(.text)
    .text                                    0x08000348   Section        0  fepilogue.o(.text)
    .text                                    0x080003b6   Section        0  depilogue.o(.text)
    .text                                    0x08000470   Section        0  dsqrt.o(.text)
    .text                                    0x08000514   Section       36  init.o(.text)
    .text                                    0x08000538   Section        0  llshl.o(.text)
    .text                                    0x08000556   Section        0  llushr.o(.text)
    i.ALL_Init                               0x08000576   Section        0  service.o(i.ALL_Init)
    i.Ano_SendData                           0x08000592   Section        0  usart.o(i.Ano_SendData)
    i.BusFault_Handler                       0x0800060a   Section        0  stm32f4xx_it.o(i.BusFault_Handler)
    i.DebugMon_Handler                       0x0800060e   Section        0  stm32f4xx_it.o(i.DebugMon_Handler)
    i.Delay_ms                               0x08000610   Section        0  delay.o(i.Delay_ms)
    i.Delay_us                               0x0800062c   Section        0  delay.o(i.Delay_us)
    i.GPIO_Config                            0x08000678   Section        0  pwm.o(i.GPIO_Config)
    i.GPIO_Init                              0x080006dc   Section        0  stm32f4xx_gpio.o(i.GPIO_Init)
    i.GPIO_PinAFConfig                       0x0800076c   Section        0  stm32f4xx_gpio.o(i.GPIO_PinAFConfig)
    i.GPIO_ReadInputDataBit                  0x080007b2   Section        0  stm32f4xx_gpio.o(i.GPIO_ReadInputDataBit)
    i.GPIO_SetBits                           0x080007c4   Section        0  stm32f4xx_gpio.o(i.GPIO_SetBits)
    i.GPIO_WriteBit                          0x080007c8   Section        0  stm32f4xx_gpio.o(i.GPIO_WriteBit)
    i.GY86_Init                              0x080007d4   Section        0  gy86.o(i.GY86_Init)
    i.GY86_MS5611_SendCMD                    0x080007e4   Section        0  gy86.o(i.GY86_MS5611_SendCMD)
    i.GY86_ReadReg                           0x08000806   Section        0  gy86.o(i.GY86_ReadReg)
    i.GY86_WriteReg                          0x08000848   Section        0  gy86.o(i.GY86_WriteReg)
    i.HMC5883L_GetData                       0x08000878   Section        0  gy86.o(i.HMC5883L_GetData)
    i.HMC5883L_Init                          0x080008cc   Section        0  gy86.o(i.HMC5883L_Init)
    i.HardFault_Handler                      0x08000902   Section        0  stm32f4xx_it.o(i.HardFault_Handler)
    i.MOTOR_Init                             0x08000906   Section        0  pwm.o(i.MOTOR_Init)
    i.MPU6050_GetAccData                     0x08000912   Section        0  gy86.o(i.MPU6050_GetAccData)
    i.MPU6050_GetGyroData                    0x08000966   Section        0  gy86.o(i.MPU6050_GetGyroData)
    i.MPU6050_Init                           0x080009ba   Section        0  gy86.o(i.MPU6050_Init)
    i.MS5611_Reset                           0x080009fe   Section        0  gy86.o(i.MS5611_Reset)
    i.MadgwickUpdate                         0x08000a08   Section        0  madgwick.o(i.MadgwickUpdate)
    i.Madgwick_Test                          0x08001c44   Section        0  service.o(i.Madgwick_Test)
    i.MemManage_Handler                      0x08001d34   Section        0  stm32f4xx_it.o(i.MemManage_Handler)
    i.MyI2C_Init                             0x08001d38   Section        0  gy86.o(i.MyI2C_Init)
    i.MyI2C_ReceiveAck                       0x08001d78   Section        0  gy86.o(i.MyI2C_ReceiveAck)
    i.MyI2C_ReceiveByte                      0x08001d96   Section        0  gy86.o(i.MyI2C_ReceiveByte)
    i.MyI2C_SendAck                          0x08001dca   Section        0  gy86.o(i.MyI2C_SendAck)
    i.MyI2C_SendByte                         0x08001de2   Section        0  gy86.o(i.MyI2C_SendByte)
    i.MyI2C_Start                            0x08001e0c   Section        0  gy86.o(i.MyI2C_Start)
    i.MyI2C_Stop                             0x08001e28   Section        0  gy86.o(i.MyI2C_Stop)
    i.NMI_Handler                            0x08001e3e   Section        0  stm32f4xx_it.o(i.NMI_Handler)
    i.NVIC_Init                              0x08001e40   Section        0  misc.o(i.NVIC_Init)
    i.NVIC_PriorityGroupConfig               0x08001eb8   Section        0  misc.o(i.NVIC_PriorityGroupConfig)
    i.OLED_Clear                             0x08001ecc   Section        0  oled.o(i.OLED_Clear)
    i.OLED_I2C_Init                          0x08001ef8   Section        0  oled.o(i.OLED_I2C_Init)
    i.OLED_I2C_SendByte                      0x08001f48   Section        0  oled.o(i.OLED_I2C_SendByte)
    i.OLED_I2C_Start                         0x08001f7e   Section        0  oled.o(i.OLED_I2C_Start)
    i.OLED_I2C_Stop                          0x08001f9a   Section        0  oled.o(i.OLED_I2C_Stop)
    i.OLED_Init                              0x08001fb0   Section        0  oled.o(i.OLED_Init)
    i.OLED_SetCursor                         0x0800205e   Section        0  oled.o(i.OLED_SetCursor)
    i.OLED_W_SCL                             0x08002080   Section        0  oled.o(i.OLED_W_SCL)
    i.OLED_W_SDA                             0x0800209c   Section        0  oled.o(i.OLED_W_SDA)
    i.OLED_WriteCommand                      0x080020b8   Section        0  oled.o(i.OLED_WriteCommand)
    i.OLED_WriteData                         0x080020d8   Section        0  oled.o(i.OLED_WriteData)
    i.PPM_Init                               0x080020f8   Section        0  ppm.o(i.PPM_Init)
    i.PendSV_Handler                         0x080021d0   Section        0  stm32f4xx_it.o(i.PendSV_Handler)
    i.RCC_AHB1PeriphClockCmd                 0x080021d4   Section        0  stm32f4xx_rcc.o(i.RCC_AHB1PeriphClockCmd)
    i.RCC_APB1PeriphClockCmd                 0x080021f4   Section        0  stm32f4xx_rcc.o(i.RCC_APB1PeriphClockCmd)
    i.RCC_GetClocksFreq                      0x08002214   Section        0  stm32f4xx_rcc.o(i.RCC_GetClocksFreq)
    i.SCL_W                                  0x080022fc   Section        0  gy86.o(i.SCL_W)
    i.SDA_R                                  0x08002318   Section        0  gy86.o(i.SDA_R)
    i.SDA_W                                  0x08002334   Section        0  gy86.o(i.SDA_W)
    i.SVC_Handler                            0x08002350   Section        0  stm32f4xx_it.o(i.SVC_Handler)
    i.SetSysClock                            0x08002354   Section        0  system_stm32f4xx.o(i.SetSysClock)
    SetSysClock                              0x08002355   Thumb Code   138  system_stm32f4xx.o(i.SetSysClock)
    i.SystemInit                             0x080023f0   Section        0  system_stm32f4xx.o(i.SystemInit)
    i.TI1_Config                             0x08002458   Section        0  stm32f4xx_tim.o(i.TI1_Config)
    TI1_Config                               0x08002459   Thumb Code    58  stm32f4xx_tim.o(i.TI1_Config)
    i.TI2_Config                             0x08002492   Section        0  stm32f4xx_tim.o(i.TI2_Config)
    TI2_Config                               0x08002493   Thumb Code    80  stm32f4xx_tim.o(i.TI2_Config)
    i.TI3_Config                             0x080024e2   Section        0  stm32f4xx_tim.o(i.TI3_Config)
    TI3_Config                               0x080024e3   Thumb Code    72  stm32f4xx_tim.o(i.TI3_Config)
    i.TI4_Config                             0x0800252a   Section        0  stm32f4xx_tim.o(i.TI4_Config)
    TI4_Config                               0x0800252b   Thumb Code    80  stm32f4xx_tim.o(i.TI4_Config)
    i.TIM1_Config                            0x0800257c   Section        0  pwm.o(i.TIM1_Config)
    i.TIM3_IRQHandler                        0x080026ac   Section        0  ppm.o(i.TIM3_IRQHandler)
    i.TIM_ClearITPendingBit                  0x08002708   Section        0  stm32f4xx_tim.o(i.TIM_ClearITPendingBit)
    i.TIM_Cmd                                0x0800270e   Section        0  stm32f4xx_tim.o(i.TIM_Cmd)
    i.TIM_GetITStatus                        0x08002726   Section        0  stm32f4xx_tim.o(i.TIM_GetITStatus)
    i.TIM_ICInit                             0x08002748   Section        0  stm32f4xx_tim.o(i.TIM_ICInit)
    i.TIM_ITConfig                           0x080027b6   Section        0  stm32f4xx_tim.o(i.TIM_ITConfig)
    i.TIM_SelectInputTrigger                 0x080027c8   Section        0  stm32f4xx_tim.o(i.TIM_SelectInputTrigger)
    i.TIM_SelectSlaveMode                    0x080027da   Section        0  stm32f4xx_tim.o(i.TIM_SelectSlaveMode)
    i.TIM_SetIC1Prescaler                    0x080027ec   Section        0  stm32f4xx_tim.o(i.TIM_SetIC1Prescaler)
    i.TIM_SetIC2Prescaler                    0x080027fe   Section        0  stm32f4xx_tim.o(i.TIM_SetIC2Prescaler)
    i.TIM_SetIC3Prescaler                    0x08002818   Section        0  stm32f4xx_tim.o(i.TIM_SetIC3Prescaler)
    i.TIM_SetIC4Prescaler                    0x0800282a   Section        0  stm32f4xx_tim.o(i.TIM_SetIC4Prescaler)
    i.TIM_TimeBaseInit                       0x08002844   Section        0  stm32f4xx_tim.o(i.TIM_TimeBaseInit)
    i.USART1_IRQHandler                      0x080028c8   Section        0  usart.o(i.USART1_IRQHandler)
    i.USART_Config                           0x080028f0   Section        0  usart.o(i.USART_Config)
    i.USART_GPIO_Init                        0x08002a68   Section        0  usart.o(i.USART_GPIO_Init)
    i.USART_SendArray                        0x08002ac8   Section        0  usart.o(i.USART_SendArray)
    i.USART_SendByte                         0x08002af4   Section        0  usart.o(i.USART_SendByte)
    i.UsageFault_Handler                     0x08002b0c   Section        0  stm32f4xx_it.o(i.UsageFault_Handler)
    i.__hardfp_fabs                          0x08002b10   Section        0  fabs.o(i.__hardfp_fabs)
    i.__hardfp_sqrt                          0x08002b24   Section        0  sqrt.o(i.__hardfp_sqrt)
    i.__scatterload_copy                     0x08002b9e   Section       14  handlers.o(i.__scatterload_copy)
    i.__scatterload_null                     0x08002bac   Section        2  handlers.o(i.__scatterload_null)
    i.__scatterload_zeroinit                 0x08002bae   Section       14  handlers.o(i.__scatterload_zeroinit)
    i.__set_errno                            0x08002bbc   Section        0  errno.o(i.__set_errno)
    i.free                                   0x08002bc8   Section        0  malloc.o(i.free)
    i.main                                   0x08002c18   Section        0  main.o(i.main)
    i.malloc                                 0x08002c24   Section        0  malloc.o(i.malloc)
    .data                                    0x20000000   Section       16  stm32f4xx_rcc.o(.data)
    APBAHBPrescTable                         0x20000000   Data          16  stm32f4xx_rcc.o(.data)
    .data                                    0x20000010   Section       57  service.o(.data)
    cnt                                      0x20000048   Data           1  service.o(.data)
    .data                                    0x2000004a   Section        2  usart.o(.data)
    DIV_M                                    0x2000004a   Data           2  usart.o(.data)
    .data                                    0x2000004c   Section        3  ppm.o(.data)
    .data                                    0x20000050   Section       80  madgwick.o(.data)
    b_x                                      0x20000080   Data           4  madgwick.o(.data)
    b_z                                      0x20000084   Data           4  madgwick.o(.data)
    b_normx                                  0x20000088   Data           4  madgwick.o(.data)
    b_normz                                  0x2000008c   Data           4  madgwick.o(.data)
    wBias_x                                  0x20000090   Data           4  madgwick.o(.data)
    wBias_y                                  0x20000094   Data           4  madgwick.o(.data)
    wBias_z                                  0x20000098   Data           4  madgwick.o(.data)
    beta                                     0x2000009c   Data           4  madgwick.o(.data)
    .data                                    0x200000a0   Section        4  mvars.o(.data)
    .data                                    0x200000a4   Section        4  mvars.o(.data)
    .data                                    0x200000a8   Section        4  errno.o(.data)
    _errno                                   0x200000a8   Data           4  errno.o(.data)
    .bss                                     0x200000ac   Section      116  service.o(.bss)
    .bss                                     0x20000120   Section       16  delay.o(.bss)
    HEAP                                     0x20000130   Section      512  startup_stm32f40_41xxx.o(HEAP)
    STACK                                    0x20000330   Section     1024  startup_stm32f40_41xxx.o(STACK)

    Global Symbols

    Symbol Name                              Value     Ov Type        Size  Object(Section)

    BuildAttributes$$THM_ISAv4$E$P$D$K$B$S$7EM$VFPi3$EXTD16$VFPS$VFMA$PE$A:L22UL41UL21$X:L11$S22US41US21$IEEE1$IW$USESV6$~STKCKD$USESV7$~SHL$OTIME$ROPI$IEEEX$EBA8$MICROLIB$REQ8$PRES8$EABIv2 0x00000000   Number         0  anon$$obj.o ABSOLUTE
    __ARM_use_no_argv                        0x00000000   Number         0  main.o ABSOLUTE
    _printf_a                                0x00000000   Number         0  stubs.o ABSOLUTE
    _printf_c                                0x00000000   Number         0  stubs.o ABSOLUTE
    _printf_charcount                        0x00000000   Number         0  stubs.o ABSOLUTE
    _printf_d                                0x00000000   Number         0  stubs.o ABSOLUTE
    _printf_e                                0x00000000   Number         0  stubs.o ABSOLUTE
    _printf_f                                0x00000000   Number         0  stubs.o ABSOLUTE
    _printf_flags                            0x00000000   Number         0  stubs.o ABSOLUTE
    _printf_fp_dec                           0x00000000   Number         0  stubs.o ABSOLUTE
    _printf_fp_hex                           0x00000000   Number         0  stubs.o ABSOLUTE
    _printf_g                                0x00000000   Number         0  stubs.o ABSOLUTE
    _printf_i                                0x00000000   Number         0  stubs.o ABSOLUTE
    _printf_int_dec                          0x00000000   Number         0  stubs.o ABSOLUTE
    _printf_l                                0x00000000   Number         0  stubs.o ABSOLUTE
    _printf_lc                               0x00000000   Number         0  stubs.o ABSOLUTE
    _printf_ll                               0x00000000   Number         0  stubs.o ABSOLUTE
    _printf_lld                              0x00000000   Number         0  stubs.o ABSOLUTE
    _printf_lli                              0x00000000   Number         0  stubs.o ABSOLUTE
    _printf_llo                              0x00000000   Number         0  stubs.o ABSOLUTE
    _printf_llu                              0x00000000   Number         0  stubs.o ABSOLUTE
    _printf_llx                              0x00000000   Number         0  stubs.o ABSOLUTE
    _printf_longlong_dec                     0x00000000   Number         0  stubs.o ABSOLUTE
    _printf_longlong_hex                     0x00000000   Number         0  stubs.o ABSOLUTE
    _printf_longlong_oct                     0x00000000   Number         0  stubs.o ABSOLUTE
    _printf_ls                               0x00000000   Number         0  stubs.o ABSOLUTE
    _printf_mbtowc                           0x00000000   Number         0  stubs.o ABSOLUTE
    _printf_n                                0x00000000   Number         0  stubs.o ABSOLUTE
    _printf_o                                0x00000000   Number         0  stubs.o ABSOLUTE
    _printf_p                                0x00000000   Number         0  stubs.o ABSOLUTE
    _printf_percent                          0x00000000   Number         0  stubs.o ABSOLUTE
    _printf_pre_padding                      0x00000000   Number         0  stubs.o ABSOLUTE
    _printf_return_value                     0x00000000   Number         0  stubs.o ABSOLUTE
    _printf_s                                0x00000000   Number         0  stubs.o ABSOLUTE
    _printf_sizespec                         0x00000000   Number         0  stubs.o ABSOLUTE
    _printf_str                              0x00000000   Number         0  stubs.o ABSOLUTE
    _printf_truncate_signed                  0x00000000   Number         0  stubs.o ABSOLUTE
    _printf_truncate_unsigned                0x00000000   Number         0  stubs.o ABSOLUTE
    _printf_u                                0x00000000   Number         0  stubs.o ABSOLUTE
    _printf_wc                               0x00000000   Number         0  stubs.o ABSOLUTE
    _printf_wctomb                           0x00000000   Number         0  stubs.o ABSOLUTE
    _printf_widthprec                        0x00000000   Number         0  stubs.o ABSOLUTE
    _printf_x                                0x00000000   Number         0  stubs.o ABSOLUTE
    __cpp_initialize__aeabi_                  - Undefined Weak Reference
    __cxa_finalize                            - Undefined Weak Reference
    __decompress                              - Undefined Weak Reference
    _clock_init                               - Undefined Weak Reference
    _microlib_exit                            - Undefined Weak Reference
    __Vectors_Size                           0x00000188   Number         0  startup_stm32f40_41xxx.o ABSOLUTE
    __Vectors                                0x08000000   Data           4  startup_stm32f40_41xxx.o(RESET)
    __Vectors_End                            0x08000188   Data           0  startup_stm32f40_41xxx.o(RESET)
    __main                                   0x08000189   Thumb Code     0  entry.o(.ARM.Collect$$$$00000000)
    _main_stk                                0x08000189   Thumb Code     0  entry2.o(.ARM.Collect$$$$00000001)
    _main_scatterload                        0x0800018d   Thumb Code     0  entry5.o(.ARM.Collect$$$$00000004)
    __main_after_scatterload                 0x08000191   Thumb Code     0  entry5.o(.ARM.Collect$$$$00000004)
    _main_clock                              0x08000191   Thumb Code     0  entry7b.o(.ARM.Collect$$$$00000008)
    _main_cpp_init                           0x08000191   Thumb Code     0  entry8b.o(.ARM.Collect$$$$0000000A)
    _main_init                               0x08000191   Thumb Code     0  entry9a.o(.ARM.Collect$$$$0000000B)
    __rt_final_cpp                           0x08000199   Thumb Code     0  entry10a.o(.ARM.Collect$$$$0000000D)
    __rt_final_exit                          0x08000199   Thumb Code     0  entry11a.o(.ARM.Collect$$$$0000000F)
    Reset_Handler                            0x0800019d   Thumb Code     8  startup_stm32f40_41xxx.o(.text)
    SysTick_Handler                          0x080001b5   Thumb Code     2  startup_stm32f40_41xxx.o(.text)
    ADC_IRQHandler                           0x080001b7   Thumb Code     0  startup_stm32f40_41xxx.o(.text)
    CAN1_RX0_IRQHandler                      0x080001b7   Thumb Code     0  startup_stm32f40_41xxx.o(.text)
    CAN1_RX1_IRQHandler                      0x080001b7   Thumb Code     0  startup_stm32f40_41xxx.o(.text)
    CAN1_SCE_IRQHandler                      0x080001b7   Thumb Code     0  startup_stm32f40_41xxx.o(.text)
    CAN1_TX_IRQHandler                       0x080001b7   Thumb Code     0  startup_stm32f40_41xxx.o(.text)
    CAN2_RX0_IRQHandler                      0x080001b7   Thumb Code     0  startup_stm32f40_41xxx.o(.text)
    CAN2_RX1_IRQHandler                      0x080001b7   Thumb Code     0  startup_stm32f40_41xxx.o(.text)
    CAN2_SCE_IRQHandler                      0x080001b7   Thumb Code     0  startup_stm32f40_41xxx.o(.text)
    CAN2_TX_IRQHandler                       0x080001b7   Thumb Code     0  startup_stm32f40_41xxx.o(.text)
    CRYP_IRQHandler                          0x080001b7   Thumb Code     0  startup_stm32f40_41xxx.o(.text)
    DCMI_IRQHandler                          0x080001b7   Thumb Code     0  startup_stm32f40_41xxx.o(.text)
    DMA1_Stream0_IRQHandler                  0x080001b7   Thumb Code     0  startup_stm32f40_41xxx.o(.text)
    DMA1_Stream1_IRQHandler                  0x080001b7   Thumb Code     0  startup_stm32f40_41xxx.o(.text)
    DMA1_Stream2_IRQHandler                  0x080001b7   Thumb Code     0  startup_stm32f40_41xxx.o(.text)
    DMA1_Stream3_IRQHandler                  0x080001b7   Thumb Code     0  startup_stm32f40_41xxx.o(.text)
    DMA1_Stream4_IRQHandler                  0x080001b7   Thumb Code     0  startup_stm32f40_41xxx.o(.text)
    DMA1_Stream5_IRQHandler                  0x080001b7   Thumb Code     0  startup_stm32f40_41xxx.o(.text)
    DMA1_Stream6_IRQHandler                  0x080001b7   Thumb Code     0  startup_stm32f40_41xxx.o(.text)
    DMA1_Stream7_IRQHandler                  0x080001b7   Thumb Code     0  startup_stm32f40_41xxx.o(.text)
    DMA2_Stream0_IRQHandler                  0x080001b7   Thumb Code     0  startup_stm32f40_41xxx.o(.text)
    DMA2_Stream1_IRQHandler                  0x080001b7   Thumb Code     0  startup_stm32f40_41xxx.o(.text)
    DMA2_Stream2_IRQHandler                  0x080001b7   Thumb Code     0  startup_stm32f40_41xxx.o(.text)
    DMA2_Stream3_IRQHandler                  0x080001b7   Thumb Code     0  startup_stm32f40_41xxx.o(.text)
    DMA2_Stream4_IRQHandler                  0x080001b7   Thumb Code     0  startup_stm32f40_41xxx.o(.text)
    DMA2_Stream5_IRQHandler                  0x080001b7   Thumb Code     0  startup_stm32f40_41xxx.o(.text)
    DMA2_Stream6_IRQHandler                  0x080001b7   Thumb Code     0  startup_stm32f40_41xxx.o(.text)
    DMA2_Stream7_IRQHandler                  0x080001b7   Thumb Code     0  startup_stm32f40_41xxx.o(.text)
    ETH_IRQHandler                           0x080001b7   Thumb Code     0  startup_stm32f40_41xxx.o(.text)
    ETH_WKUP_IRQHandler                      0x080001b7   Thumb Code     0  startup_stm32f40_41xxx.o(.text)
    EXTI0_IRQHandler                         0x080001b7   Thumb Code     0  startup_stm32f40_41xxx.o(.text)
    EXTI15_10_IRQHandler                     0x080001b7   Thumb Code     0  startup_stm32f40_41xxx.o(.text)
    EXTI1_IRQHandler                         0x080001b7   Thumb Code     0  startup_stm32f40_41xxx.o(.text)
    EXTI2_IRQHandler                         0x080001b7   Thumb Code     0  startup_stm32f40_41xxx.o(.text)
    EXTI3_IRQHandler                         0x080001b7   Thumb Code     0  startup_stm32f40_41xxx.o(.text)
    EXTI4_IRQHandler                         0x080001b7   Thumb Code     0  startup_stm32f40_41xxx.o(.text)
    EXTI9_5_IRQHandler                       0x080001b7   Thumb Code     0  startup_stm32f40_41xxx.o(.text)
    FLASH_IRQHandler                         0x080001b7   Thumb Code     0  startup_stm32f40_41xxx.o(.text)
    FPU_IRQHandler                           0x080001b7   Thumb Code     0  startup_stm32f40_41xxx.o(.text)
    FSMC_IRQHandler                          0x080001b7   Thumb Code     0  startup_stm32f40_41xxx.o(.text)
    HASH_RNG_IRQHandler                      0x080001b7   Thumb Code     0  startup_stm32f40_41xxx.o(.text)
    I2C1_ER_IRQHandler                       0x080001b7   Thumb Code     0  startup_stm32f40_41xxx.o(.text)
    I2C1_EV_IRQHandler                       0x080001b7   Thumb Code     0  startup_stm32f40_41xxx.o(.text)
    I2C2_ER_IRQHandler                       0x080001b7   Thumb Code     0  startup_stm32f40_41xxx.o(.text)
    I2C2_EV_IRQHandler                       0x080001b7   Thumb Code     0  startup_stm32f40_41xxx.o(.text)
    I2C3_ER_IRQHandler                       0x080001b7   Thumb Code     0  startup_stm32f40_41xxx.o(.text)
    I2C3_EV_IRQHandler                       0x080001b7   Thumb Code     0  startup_stm32f40_41xxx.o(.text)
    OTG_FS_IRQHandler                        0x080001b7   Thumb Code     0  startup_stm32f40_41xxx.o(.text)
    OTG_FS_WKUP_IRQHandler                   0x080001b7   Thumb Code     0  startup_stm32f40_41xxx.o(.text)
    OTG_HS_EP1_IN_IRQHandler                 0x080001b7   Thumb Code     0  startup_stm32f40_41xxx.o(.text)
    OTG_HS_EP1_OUT_IRQHandler                0x080001b7   Thumb Code     0  startup_stm32f40_41xxx.o(.text)
    OTG_HS_IRQHandler                        0x080001b7   Thumb Code     0  startup_stm32f40_41xxx.o(.text)
    OTG_HS_WKUP_IRQHandler                   0x080001b7   Thumb Code     0  startup_stm32f40_41xxx.o(.text)
    PVD_IRQHandler                           0x080001b7   Thumb Code     0  startup_stm32f40_41xxx.o(.text)
    RCC_IRQHandler                           0x080001b7   Thumb Code     0  startup_stm32f40_41xxx.o(.text)
    RTC_Alarm_IRQHandler                     0x080001b7   Thumb Code     0  startup_stm32f40_41xxx.o(.text)
    RTC_WKUP_IRQHandler                      0x080001b7   Thumb Code     0  startup_stm32f40_41xxx.o(.text)
    SDIO_IRQHandler                          0x080001b7   Thumb Code     0  startup_stm32f40_41xxx.o(.text)
    SPI1_IRQHandler                          0x080001b7   Thumb Code     0  startup_stm32f40_41xxx.o(.text)
    SPI2_IRQHandler                          0x080001b7   Thumb Code     0  startup_stm32f40_41xxx.o(.text)
    SPI3_IRQHandler                          0x080001b7   Thumb Code     0  startup_stm32f40_41xxx.o(.text)
    TAMP_STAMP_IRQHandler                    0x080001b7   Thumb Code     0  startup_stm32f40_41xxx.o(.text)
    TIM1_BRK_TIM9_IRQHandler                 0x080001b7   Thumb Code     0  startup_stm32f40_41xxx.o(.text)
    TIM1_CC_IRQHandler                       0x080001b7   Thumb Code     0  startup_stm32f40_41xxx.o(.text)
    TIM1_TRG_COM_TIM11_IRQHandler            0x080001b7   Thumb Code     0  startup_stm32f40_41xxx.o(.text)
    TIM1_UP_TIM10_IRQHandler                 0x080001b7   Thumb Code     0  startup_stm32f40_41xxx.o(.text)
    TIM2_IRQHandler                          0x080001b7   Thumb Code     0  startup_stm32f40_41xxx.o(.text)
    TIM4_IRQHandler                          0x080001b7   Thumb Code     0  startup_stm32f40_41xxx.o(.text)
    TIM5_IRQHandler                          0x080001b7   Thumb Code     0  startup_stm32f40_41xxx.o(.text)
    TIM6_DAC_IRQHandler                      0x080001b7   Thumb Code     0  startup_stm32f40_41xxx.o(.text)
    TIM7_IRQHandler                          0x080001b7   Thumb Code     0  startup_stm32f40_41xxx.o(.text)
    TIM8_BRK_TIM12_IRQHandler                0x080001b7   Thumb Code     0  startup_stm32f40_41xxx.o(.text)
    TIM8_CC_IRQHandler                       0x080001b7   Thumb Code     0  startup_stm32f40_41xxx.o(.text)
    TIM8_TRG_COM_TIM14_IRQHandler            0x080001b7   Thumb Code     0  startup_stm32f40_41xxx.o(.text)
    TIM8_UP_TIM13_IRQHandler                 0x080001b7   Thumb Code     0  startup_stm32f40_41xxx.o(.text)
    UART4_IRQHandler                         0x080001b7   Thumb Code     0  startup_stm32f40_41xxx.o(.text)
    UART5_IRQHandler                         0x080001b7   Thumb Code     0  startup_stm32f40_41xxx.o(.text)
    USART2_IRQHandler                        0x080001b7   Thumb Code     0  startup_stm32f40_41xxx.o(.text)
    USART3_IRQHandler                        0x080001b7   Thumb Code     0  startup_stm32f40_41xxx.o(.text)
    USART6_IRQHandler                        0x080001b7   Thumb Code     0  startup_stm32f40_41xxx.o(.text)
    WWDG_IRQHandler                          0x080001b7   Thumb Code     0  startup_stm32f40_41xxx.o(.text)
    __aeabi_ddiv                             0x080001c1   Thumb Code   222  ddiv.o(.text)
    __aeabi_ui2d                             0x0800029f   Thumb Code    26  dfltui.o(.text)
    __aeabi_f2d                              0x080002b9   Thumb Code    38  f2d.o(.text)
    __aeabi_cdrcmple                         0x080002e1   Thumb Code    48  cdrcmple.o(.text)
    __aeabi_d2f                              0x08000311   Thumb Code    56  d2f.o(.text)
    __I$use$fp                               0x08000349   Thumb Code     0  iusefp.o(.text)
    _float_round                             0x08000349   Thumb Code    18  fepilogue.o(.text)
    _float_epilogue                          0x0800035b   Thumb Code    92  fepilogue.o(.text)
    _double_round                            0x080003b7   Thumb Code    30  depilogue.o(.text)
    _double_epilogue                         0x080003d5   Thumb Code   156  depilogue.o(.text)
    _dsqrt                                   0x08000471   Thumb Code   162  dsqrt.o(.text)
    __scatterload                            0x08000515   Thumb Code    28  init.o(.text)
    __scatterload_rt2                        0x08000515   Thumb Code     0  init.o(.text)
    __aeabi_llsl                             0x08000539   Thumb Code    30  llshl.o(.text)
    _ll_shift_l                              0x08000539   Thumb Code     0  llshl.o(.text)
    __aeabi_llsr                             0x08000557   Thumb Code    32  llushr.o(.text)
    _ll_ushift_r                             0x08000557   Thumb Code     0  llushr.o(.text)
    ALL_Init                                 0x08000577   Thumb Code    28  service.o(i.ALL_Init)
    Ano_SendData                             0x08000593   Thumb Code   120  usart.o(i.Ano_SendData)
    BusFault_Handler                         0x0800060b   Thumb Code     4  stm32f4xx_it.o(i.BusFault_Handler)
    DebugMon_Handler                         0x0800060f   Thumb Code     2  stm32f4xx_it.o(i.DebugMon_Handler)
    Delay_ms                                 0x08000611   Thumb Code    26  delay.o(i.Delay_ms)
    Delay_us                                 0x0800062d   Thumb Code    68  delay.o(i.Delay_us)
    GPIO_Config                              0x08000679   Thumb Code    90  pwm.o(i.GPIO_Config)
    GPIO_Init                                0x080006dd   Thumb Code   144  stm32f4xx_gpio.o(i.GPIO_Init)
    GPIO_PinAFConfig                         0x0800076d   Thumb Code    70  stm32f4xx_gpio.o(i.GPIO_PinAFConfig)
    GPIO_ReadInputDataBit                    0x080007b3   Thumb Code    18  stm32f4xx_gpio.o(i.GPIO_ReadInputDataBit)
    GPIO_SetBits                             0x080007c5   Thumb Code     4  stm32f4xx_gpio.o(i.GPIO_SetBits)
    GPIO_WriteBit                            0x080007c9   Thumb Code    12  stm32f4xx_gpio.o(i.GPIO_WriteBit)
    GY86_Init                                0x080007d5   Thumb Code    16  gy86.o(i.GY86_Init)
    GY86_MS5611_SendCMD                      0x080007e5   Thumb Code    34  gy86.o(i.GY86_MS5611_SendCMD)
    GY86_ReadReg                             0x08000807   Thumb Code    66  gy86.o(i.GY86_ReadReg)
    GY86_WriteReg                            0x08000849   Thumb Code    48  gy86.o(i.GY86_WriteReg)
    HMC5883L_GetData                         0x08000879   Thumb Code    84  gy86.o(i.HMC5883L_GetData)
    HMC5883L_Init                            0x080008cd   Thumb Code    54  gy86.o(i.HMC5883L_Init)
    HardFault_Handler                        0x08000903   Thumb Code     4  stm32f4xx_it.o(i.HardFault_Handler)
    MOTOR_Init                               0x08000907   Thumb Code    12  pwm.o(i.MOTOR_Init)
    MPU6050_GetAccData                       0x08000913   Thumb Code    84  gy86.o(i.MPU6050_GetAccData)
    MPU6050_GetGyroData                      0x08000967   Thumb Code    84  gy86.o(i.MPU6050_GetGyroData)
    MPU6050_Init                             0x080009bb   Thumb Code    68  gy86.o(i.MPU6050_Init)
    MS5611_Reset                             0x080009ff   Thumb Code    10  gy86.o(i.MS5611_Reset)
    MadgwickUpdate                           0x08000a09   Thumb Code  4652  madgwick.o(i.MadgwickUpdate)
    Madgwick_Test                            0x08001c45   Thumb Code   212  service.o(i.Madgwick_Test)
    MemManage_Handler                        0x08001d35   Thumb Code     4  stm32f4xx_it.o(i.MemManage_Handler)
    MyI2C_Init                               0x08001d39   Thumb Code    58  gy86.o(i.MyI2C_Init)
    MyI2C_ReceiveAck                         0x08001d79   Thumb Code    30  gy86.o(i.MyI2C_ReceiveAck)
    MyI2C_ReceiveByte                        0x08001d97   Thumb Code    52  gy86.o(i.MyI2C_ReceiveByte)
    MyI2C_SendAck                            0x08001dcb   Thumb Code    24  gy86.o(i.MyI2C_SendAck)
    MyI2C_SendByte                           0x08001de3   Thumb Code    42  gy86.o(i.MyI2C_SendByte)
    MyI2C_Start                              0x08001e0d   Thumb Code    28  gy86.o(i.MyI2C_Start)
    MyI2C_Stop                               0x08001e29   Thumb Code    22  gy86.o(i.MyI2C_Stop)
    NMI_Handler                              0x08001e3f   Thumb Code     2  stm32f4xx_it.o(i.NMI_Handler)
    NVIC_Init                                0x08001e41   Thumb Code   106  misc.o(i.NVIC_Init)
    NVIC_PriorityGroupConfig                 0x08001eb9   Thumb Code    10  misc.o(i.NVIC_PriorityGroupConfig)
    OLED_Clear                               0x08001ecd   Thumb Code    42  oled.o(i.OLED_Clear)
    OLED_I2C_Init                            0x08001ef9   Thumb Code    76  oled.o(i.OLED_I2C_Init)
    OLED_I2C_SendByte                        0x08001f49   Thumb Code    54  oled.o(i.OLED_I2C_SendByte)
    OLED_I2C_Start                           0x08001f7f   Thumb Code    28  oled.o(i.OLED_I2C_Start)
    OLED_I2C_Stop                            0x08001f9b   Thumb Code    22  oled.o(i.OLED_I2C_Stop)
    OLED_Init                                0x08001fb1   Thumb Code   174  oled.o(i.OLED_Init)
    OLED_SetCursor                           0x0800205f   Thumb Code    34  oled.o(i.OLED_SetCursor)
    OLED_W_SCL                               0x08002081   Thumb Code    24  oled.o(i.OLED_W_SCL)
    OLED_W_SDA                               0x0800209d   Thumb Code    24  oled.o(i.OLED_W_SDA)
    OLED_WriteCommand                        0x080020b9   Thumb Code    32  oled.o(i.OLED_WriteCommand)
    OLED_WriteData                           0x080020d9   Thumb Code    32  oled.o(i.OLED_WriteData)
    PPM_Init                                 0x080020f9   Thumb Code   206  ppm.o(i.PPM_Init)
    PendSV_Handler                           0x080021d1   Thumb Code     2  stm32f4xx_it.o(i.PendSV_Handler)
    RCC_AHB1PeriphClockCmd                   0x080021d5   Thumb Code    26  stm32f4xx_rcc.o(i.RCC_AHB1PeriphClockCmd)
    RCC_APB1PeriphClockCmd                   0x080021f5   Thumb Code    26  stm32f4xx_rcc.o(i.RCC_APB1PeriphClockCmd)
    RCC_GetClocksFreq                        0x08002215   Thumb Code   214  stm32f4xx_rcc.o(i.RCC_GetClocksFreq)
    SCL_W                                    0x080022fd   Thumb Code    24  gy86.o(i.SCL_W)
    SDA_R                                    0x08002319   Thumb Code    22  gy86.o(i.SDA_R)
    SDA_W                                    0x08002335   Thumb Code    22  gy86.o(i.SDA_W)
    SVC_Handler                              0x08002351   Thumb Code     2  stm32f4xx_it.o(i.SVC_Handler)
    SystemInit                               0x080023f1   Thumb Code    88  system_stm32f4xx.o(i.SystemInit)
    TIM1_Config                              0x0800257d   Thumb Code   294  pwm.o(i.TIM1_Config)
    TIM3_IRQHandler                          0x080026ad   Thumb Code    74  ppm.o(i.TIM3_IRQHandler)
    TIM_ClearITPendingBit                    0x08002709   Thumb Code     6  stm32f4xx_tim.o(i.TIM_ClearITPendingBit)
    TIM_Cmd                                  0x0800270f   Thumb Code    24  stm32f4xx_tim.o(i.TIM_Cmd)
    TIM_GetITStatus                          0x08002727   Thumb Code    34  stm32f4xx_tim.o(i.TIM_GetITStatus)
    TIM_ICInit                               0x08002749   Thumb Code   110  stm32f4xx_tim.o(i.TIM_ICInit)
    TIM_ITConfig                             0x080027b7   Thumb Code    18  stm32f4xx_tim.o(i.TIM_ITConfig)
    TIM_SelectInputTrigger                   0x080027c9   Thumb Code    18  stm32f4xx_tim.o(i.TIM_SelectInputTrigger)
    TIM_SelectSlaveMode                      0x080027db   Thumb Code    18  stm32f4xx_tim.o(i.TIM_SelectSlaveMode)
    TIM_SetIC1Prescaler                      0x080027ed   Thumb Code    18  stm32f4xx_tim.o(i.TIM_SetIC1Prescaler)
    TIM_SetIC2Prescaler                      0x080027ff   Thumb Code    26  stm32f4xx_tim.o(i.TIM_SetIC2Prescaler)
    TIM_SetIC3Prescaler                      0x08002819   Thumb Code    18  stm32f4xx_tim.o(i.TIM_SetIC3Prescaler)
    TIM_SetIC4Prescaler                      0x0800282b   Thumb Code    26  stm32f4xx_tim.o(i.TIM_SetIC4Prescaler)
    TIM_TimeBaseInit                         0x08002845   Thumb Code   104  stm32f4xx_tim.o(i.TIM_TimeBaseInit)
    USART1_IRQHandler                        0x080028c9   Thumb Code    32  usart.o(i.USART1_IRQHandler)
    USART_Config                             0x080028f1   Thumb Code   338  usart.o(i.USART_Config)
    USART_GPIO_Init                          0x08002a69   Thumb Code    86  usart.o(i.USART_GPIO_Init)
    USART_SendArray                          0x08002ac9   Thumb Code    40  usart.o(i.USART_SendArray)
    USART_SendByte                           0x08002af5   Thumb Code    20  usart.o(i.USART_SendByte)
    UsageFault_Handler                       0x08002b0d   Thumb Code     4  stm32f4xx_it.o(i.UsageFault_Handler)
    __hardfp_fabs                            0x08002b11   Thumb Code    20  fabs.o(i.__hardfp_fabs)
    __hardfp_sqrt                            0x08002b25   Thumb Code   122  sqrt.o(i.__hardfp_sqrt)
    __scatterload_copy                       0x08002b9f   Thumb Code    14  handlers.o(i.__scatterload_copy)
    __scatterload_null                       0x08002bad   Thumb Code     2  handlers.o(i.__scatterload_null)
    __scatterload_zeroinit                   0x08002baf   Thumb Code    14  handlers.o(i.__scatterload_zeroinit)
    __set_errno                              0x08002bbd   Thumb Code     6  errno.o(i.__set_errno)
    free                                     0x08002bc9   Thumb Code    76  malloc.o(i.free)
    main                                     0x08002c19   Thumb Code    12  main.o(i.main)
    malloc                                   0x08002c25   Thumb Code    92  malloc.o(i.malloc)
    Region$$Table$$Base                      0x08002c90   Number         0  anon$$obj.o(Region$$Table)
    Region$$Table$$Limit                     0x08002cb0   Number         0  anon$$obj.o(Region$$Table)
    RxData                                   0x20000010   Data           1  service.o(.data)
    Mag_OffsetX                              0x20000012   Data           2  service.o(.data)
    Mag_OffsetY                              0x20000014   Data           2  service.o(.data)
    Mag_OffsetZ                              0x20000016   Data           2  service.o(.data)
    Acc_Data                                 0x20000018   Data           6  service.o(.data)
    Gyro_Data                                0x2000001e   Data           6  service.o(.data)
    HMC_Data                                 0x20000024   Data           6  service.o(.data)
    q                                        0x2000002c   Data          16  service.o(.data)
    roll                                     0x2000003c   Data           4  service.o(.data)
    pitch                                    0x20000040   Data           4  service.o(.data)
    yaw                                      0x20000044   Data           4  service.o(.data)
    PPM_Time                                 0x2000004c   Data           2  ppm.o(.data)
    PPM_CNT                                  0x2000004e   Data           1  ppm.o(.data)
    mag_harderr                              0x20000050   Data          12  madgwick.o(.data)
    mag_softerr                              0x2000005c   Data          36  madgwick.o(.data)
    __microlib_freelist                      0x200000a0   Data           4  mvars.o(.data)
    __microlib_freelist_initialised          0x200000a4   Data           4  mvars.o(.data)
    PPM                                      0x200000ac   Data          16  service.o(.bss)
    data                                     0x200000bc   Data         100  service.o(.bss)
    Clocks                                   0x20000120   Data          16  delay.o(.bss)
    __heap_base                              0x20000130   Data           0  startup_stm32f40_41xxx.o(HEAP)
    __heap_limit                             0x20000330   Data           0  startup_stm32f40_41xxx.o(HEAP)
    __initial_sp                             0x20000730   Data           0  startup_stm32f40_41xxx.o(STACK)



==============================================================================

Memory Map of the image

  Image Entry point : 0x08000189

  Load Region LR_IROM1 (Base: 0x08000000, Size: 0x00002d5c, Max: 0x00080000, ABSOLUTE)

    Execution Region ER_IROM1 (Exec base: 0x08000000, Load base: 0x08000000, Size: 0x00002cb0, Max: 0x00080000, ABSOLUTE)

    Exec Addr    Load Addr    Size         Type   Attr      Idx    E Section Name        Object

    0x08000000   0x08000000   0x00000188   Data   RO            3    RESET               startup_stm32f40_41xxx.o
    0x08000188   0x08000188   0x00000000   Code   RO         5902  * .ARM.Collect$$$$00000000  mc_w.l(entry.o)
    0x08000188   0x08000188   0x00000004   Code   RO         6237    .ARM.Collect$$$$00000001  mc_w.l(entry2.o)
    0x0800018c   0x0800018c   0x00000004   Code   RO         6240    .ARM.Collect$$$$00000004  mc_w.l(entry5.o)
    0x08000190   0x08000190   0x00000000   Code   RO         6242    .ARM.Collect$$$$00000008  mc_w.l(entry7b.o)
    0x08000190   0x08000190   0x00000000   Code   RO         6244    .ARM.Collect$$$$0000000A  mc_w.l(entry8b.o)
    0x08000190   0x08000190   0x00000008   Code   RO         6245    .ARM.Collect$$$$0000000B  mc_w.l(entry9a.o)
    0x08000198   0x08000198   0x00000000   Code   RO         6247    .ARM.Collect$$$$0000000D  mc_w.l(entry10a.o)
    0x08000198   0x08000198   0x00000000   Code   RO         6249    .ARM.Collect$$$$0000000F  mc_w.l(entry11a.o)
    0x08000198   0x08000198   0x00000004   Code   RO         6238    .ARM.Collect$$$$00002712  mc_w.l(entry2.o)
    0x0800019c   0x0800019c   0x00000024   Code   RO            4    .text               startup_stm32f40_41xxx.o
    0x080001c0   0x080001c0   0x000000de   Code   RO         6194    .text               mf_w.l(ddiv.o)
    0x0800029e   0x0800029e   0x0000001a   Code   RO         6196    .text               mf_w.l(dfltui.o)
    0x080002b8   0x080002b8   0x00000026   Code   RO         6198    .text               mf_w.l(f2d.o)
    0x080002de   0x080002de   0x00000002   PAD
    0x080002e0   0x080002e0   0x00000030   Code   RO         6200    .text               mf_w.l(cdrcmple.o)
    0x08000310   0x08000310   0x00000038   Code   RO         6202    .text               mf_w.l(d2f.o)
    0x08000348   0x08000348   0x00000000   Code   RO         6269    .text               mc_w.l(iusefp.o)
    0x08000348   0x08000348   0x0000006e   Code   RO         6270    .text               mf_w.l(fepilogue.o)
    0x080003b6   0x080003b6   0x000000ba   Code   RO         6272    .text               mf_w.l(depilogue.o)
    0x08000470   0x08000470   0x000000a2   Code   RO         6280    .text               mf_w.l(dsqrt.o)
    0x08000512   0x08000512   0x00000002   PAD
    0x08000514   0x08000514   0x00000024   Code   RO         6286    .text               mc_w.l(init.o)
    0x08000538   0x08000538   0x0000001e   Code   RO         6288    .text               mc_w.l(llshl.o)
    0x08000556   0x08000556   0x00000020   Code   RO         6290    .text               mc_w.l(llushr.o)
    0x08000576   0x08000576   0x0000001c   Code   RO         5259    i.ALL_Init          service.o
    0x08000592   0x08000592   0x00000078   Code   RO         5713    i.Ano_SendData      usart.o
    0x0800060a   0x0800060a   0x00000004   Code   RO         5036    i.BusFault_Handler  stm32f4xx_it.o
    0x0800060e   0x0800060e   0x00000002   Code   RO         5037    i.DebugMon_Handler  stm32f4xx_it.o
    0x08000610   0x08000610   0x0000001a   Code   RO         5314    i.Delay_ms          delay.o
    0x0800062a   0x0800062a   0x00000002   PAD
    0x0800062c   0x0800062c   0x0000004c   Code   RO         5316    i.Delay_us          delay.o
    0x08000678   0x08000678   0x00000064   Code   RO         5353    i.GPIO_Config       pwm.o
    0x080006dc   0x080006dc   0x00000090   Code   RO         1933    i.GPIO_Init         stm32f4xx_gpio.o
    0x0800076c   0x0800076c   0x00000046   Code   RO         1934    i.GPIO_PinAFConfig  stm32f4xx_gpio.o
    0x080007b2   0x080007b2   0x00000012   Code   RO         1937    i.GPIO_ReadInputDataBit  stm32f4xx_gpio.o
    0x080007c4   0x080007c4   0x00000004   Code   RO         1941    i.GPIO_SetBits      stm32f4xx_gpio.o
    0x080007c8   0x080007c8   0x0000000c   Code   RO         1945    i.GPIO_WriteBit     stm32f4xx_gpio.o
    0x080007d4   0x080007d4   0x00000010   Code   RO         5413    i.GY86_Init         gy86.o
    0x080007e4   0x080007e4   0x00000022   Code   RO         5414    i.GY86_MS5611_SendCMD  gy86.o
    0x08000806   0x08000806   0x00000042   Code   RO         5415    i.GY86_ReadReg      gy86.o
    0x08000848   0x08000848   0x00000030   Code   RO         5416    i.GY86_WriteReg     gy86.o
    0x08000878   0x08000878   0x00000054   Code   RO         5417    i.HMC5883L_GetData  gy86.o
    0x080008cc   0x080008cc   0x00000036   Code   RO         5418    i.HMC5883L_Init     gy86.o
    0x08000902   0x08000902   0x00000004   Code   RO         5038    i.HardFault_Handler  stm32f4xx_it.o
    0x08000906   0x08000906   0x0000000c   Code   RO         5354    i.MOTOR_Init        pwm.o
    0x08000912   0x08000912   0x00000054   Code   RO         5419    i.MPU6050_GetAccData  gy86.o
    0x08000966   0x08000966   0x00000054   Code   RO         5420    i.MPU6050_GetGyroData  gy86.o
    0x080009ba   0x080009ba   0x00000044   Code   RO         5421    i.MPU6050_Init      gy86.o
    0x080009fe   0x080009fe   0x0000000a   Code   RO         5425    i.MS5611_Reset      gy86.o
    0x08000a08   0x08000a08   0x0000123c   Code   RO         5825    i.MadgwickUpdate    madgwick.o
    0x08001c44   0x08001c44   0x000000f0   Code   RO         5261    i.Madgwick_Test     service.o
    0x08001d34   0x08001d34   0x00000004   Code   RO         5039    i.MemManage_Handler  stm32f4xx_it.o
    0x08001d38   0x08001d38   0x00000040   Code   RO         5426    i.MyI2C_Init        gy86.o
    0x08001d78   0x08001d78   0x0000001e   Code   RO         5427    i.MyI2C_ReceiveAck  gy86.o
    0x08001d96   0x08001d96   0x00000034   Code   RO         5428    i.MyI2C_ReceiveByte  gy86.o
    0x08001dca   0x08001dca   0x00000018   Code   RO         5429    i.MyI2C_SendAck     gy86.o
    0x08001de2   0x08001de2   0x0000002a   Code   RO         5430    i.MyI2C_SendByte    gy86.o
    0x08001e0c   0x08001e0c   0x0000001c   Code   RO         5431    i.MyI2C_Start       gy86.o
    0x08001e28   0x08001e28   0x00000016   Code   RO         5432    i.MyI2C_Stop        gy86.o
    0x08001e3e   0x08001e3e   0x00000002   Code   RO         5040    i.NMI_Handler       stm32f4xx_it.o
    0x08001e40   0x08001e40   0x00000078   Code   RO          137    i.NVIC_Init         misc.o
    0x08001eb8   0x08001eb8   0x00000014   Code   RO          138    i.NVIC_PriorityGroupConfig  misc.o
    0x08001ecc   0x08001ecc   0x0000002a   Code   RO         5578    i.OLED_Clear        oled.o
    0x08001ef6   0x08001ef6   0x00000002   PAD
    0x08001ef8   0x08001ef8   0x00000050   Code   RO         5579    i.OLED_I2C_Init     oled.o
    0x08001f48   0x08001f48   0x00000036   Code   RO         5580    i.OLED_I2C_SendByte  oled.o
    0x08001f7e   0x08001f7e   0x0000001c   Code   RO         5581    i.OLED_I2C_Start    oled.o
    0x08001f9a   0x08001f9a   0x00000016   Code   RO         5582    i.OLED_I2C_Stop     oled.o
    0x08001fb0   0x08001fb0   0x000000ae   Code   RO         5583    i.OLED_Init         oled.o
    0x0800205e   0x0800205e   0x00000022   Code   RO         5585    i.OLED_SetCursor    oled.o
    0x08002080   0x08002080   0x0000001c   Code   RO         5592    i.OLED_W_SCL        oled.o
    0x0800209c   0x0800209c   0x0000001c   Code   RO         5593    i.OLED_W_SDA        oled.o
    0x080020b8   0x080020b8   0x00000020   Code   RO         5594    i.OLED_WriteCommand  oled.o
    0x080020d8   0x080020d8   0x00000020   Code   RO         5595    i.OLED_WriteData    oled.o
    0x080020f8   0x080020f8   0x000000d8   Code   RO         5788    i.PPM_Init          ppm.o
    0x080021d0   0x080021d0   0x00000002   Code   RO         5041    i.PendSV_Handler    stm32f4xx_it.o
    0x080021d2   0x080021d2   0x00000002   PAD
    0x080021d4   0x080021d4   0x00000020   Code   RO         2886    i.RCC_AHB1PeriphClockCmd  stm32f4xx_rcc.o
    0x080021f4   0x080021f4   0x00000020   Code   RO         2892    i.RCC_APB1PeriphClockCmd  stm32f4xx_rcc.o
    0x08002214   0x08002214   0x000000e8   Code   RO         2904    i.RCC_GetClocksFreq  stm32f4xx_rcc.o
    0x080022fc   0x080022fc   0x0000001c   Code   RO         5433    i.SCL_W             gy86.o
    0x08002318   0x08002318   0x0000001c   Code   RO         5434    i.SDA_R             gy86.o
    0x08002334   0x08002334   0x0000001c   Code   RO         5435    i.SDA_W             gy86.o
    0x08002350   0x08002350   0x00000002   Code   RO         5042    i.SVC_Handler       stm32f4xx_it.o
    0x08002352   0x08002352   0x00000002   PAD
    0x08002354   0x08002354   0x0000009c   Code   RO           13    i.SetSysClock       system_stm32f4xx.o
    0x080023f0   0x080023f0   0x00000068   Code   RO           15    i.SystemInit        system_stm32f4xx.o
    0x08002458   0x08002458   0x0000003a   Code   RO         4203    i.TI1_Config        stm32f4xx_tim.o
    0x08002492   0x08002492   0x00000050   Code   RO         4204    i.TI2_Config        stm32f4xx_tim.o
    0x080024e2   0x080024e2   0x00000048   Code   RO         4205    i.TI3_Config        stm32f4xx_tim.o
    0x0800252a   0x0800252a   0x00000050   Code   RO         4206    i.TI4_Config        stm32f4xx_tim.o
    0x0800257a   0x0800257a   0x00000002   PAD
    0x0800257c   0x0800257c   0x00000130   Code   RO         5357    i.TIM1_Config       pwm.o
    0x080026ac   0x080026ac   0x0000005c   Code   RO         5789    i.TIM3_IRQHandler   ppm.o
    0x08002708   0x08002708   0x00000006   Code   RO         4214    i.TIM_ClearITPendingBit  stm32f4xx_tim.o
    0x0800270e   0x0800270e   0x00000018   Code   RO         4219    i.TIM_Cmd           stm32f4xx_tim.o
    0x08002726   0x08002726   0x00000022   Code   RO         4240    i.TIM_GetITStatus   stm32f4xx_tim.o
    0x08002748   0x08002748   0x0000006e   Code   RO         4242    i.TIM_ICInit        stm32f4xx_tim.o
    0x080027b6   0x080027b6   0x00000012   Code   RO         4244    i.TIM_ITConfig      stm32f4xx_tim.o
    0x080027c8   0x080027c8   0x00000012   Code   RO         4273    i.TIM_SelectInputTrigger  stm32f4xx_tim.o
    0x080027da   0x080027da   0x00000012   Code   RO         4278    i.TIM_SelectSlaveMode  stm32f4xx_tim.o
    0x080027ec   0x080027ec   0x00000012   Code   RO         4286    i.TIM_SetIC1Prescaler  stm32f4xx_tim.o
    0x080027fe   0x080027fe   0x0000001a   Code   RO         4287    i.TIM_SetIC2Prescaler  stm32f4xx_tim.o
    0x08002818   0x08002818   0x00000012   Code   RO         4288    i.TIM_SetIC3Prescaler  stm32f4xx_tim.o
    0x0800282a   0x0800282a   0x0000001a   Code   RO         4289    i.TIM_SetIC4Prescaler  stm32f4xx_tim.o
    0x08002844   0x08002844   0x00000084   Code   RO         4291    i.TIM_TimeBaseInit  stm32f4xx_tim.o
    0x080028c8   0x080028c8   0x00000028   Code   RO         5714    i.USART1_IRQHandler  usart.o
    0x080028f0   0x080028f0   0x00000178   Code   RO         5715    i.USART_Config      usart.o
    0x08002a68   0x08002a68   0x00000060   Code   RO         5716    i.USART_GPIO_Init   usart.o
    0x08002ac8   0x08002ac8   0x0000002c   Code   RO         5717    i.USART_SendArray   usart.o
    0x08002af4   0x08002af4   0x00000018   Code   RO         5718    i.USART_SendByte    usart.o
    0x08002b0c   0x08002b0c   0x00000004   Code   RO         5043    i.UsageFault_Handler  stm32f4xx_it.o
    0x08002b10   0x08002b10   0x00000014   Code   RO         5884    i.__hardfp_fabs     m_wm.l(fabs.o)
    0x08002b24   0x08002b24   0x0000007a   Code   RO         5890    i.__hardfp_sqrt     m_wm.l(sqrt.o)
    0x08002b9e   0x08002b9e   0x0000000e   Code   RO         6296    i.__scatterload_copy  mc_w.l(handlers.o)
    0x08002bac   0x08002bac   0x00000002   Code   RO         6297    i.__scatterload_null  mc_w.l(handlers.o)
    0x08002bae   0x08002bae   0x0000000e   Code   RO         6298    i.__scatterload_zeroinit  mc_w.l(handlers.o)
    0x08002bbc   0x08002bbc   0x0000000c   Code   RO         6264    i.__set_errno       mc_w.l(errno.o)
    0x08002bc8   0x08002bc8   0x00000050   Code   RO         6166    i.free              mc_w.l(malloc.o)
    0x08002c18   0x08002c18   0x0000000c   Code   RO         5188    i.main              main.o
    0x08002c24   0x08002c24   0x0000006c   Code   RO         6167    i.malloc            mc_w.l(malloc.o)
    0x08002c90   0x08002c90   0x00000020   Data   RO         6294    Region$$Table       anon$$obj.o


    Execution Region RW_IRAM1 (Exec base: 0x20000000, Load base: 0x08002cb0, Size: 0x00000730, Max: 0x00020000, ABSOLUTE)

    Exec Addr    Load Addr    Size         Type   Attr      Idx    E Section Name        Object

    0x20000000   0x08002cb0   0x00000010   Data   RW         2934    .data               stm32f4xx_rcc.o
    0x20000010   0x08002cc0   0x00000039   Data   RW         5264    .data               service.o
    0x20000049   0x08002cf9   0x00000001   PAD
    0x2000004a   0x08002cfa   0x00000002   Data   RW         5721    .data               usart.o
    0x2000004c   0x08002cfc   0x00000003   Data   RW         5790    .data               ppm.o
    0x2000004f   0x08002cff   0x00000001   PAD
    0x20000050   0x08002d00   0x00000050   Data   RW         5827    .data               madgwick.o
    0x200000a0   0x08002d50   0x00000004   Data   RW         6260    .data               mc_w.l(mvars.o)
    0x200000a4   0x08002d54   0x00000004   Data   RW         6261    .data               mc_w.l(mvars.o)
    0x200000a8   0x08002d58   0x00000004   Data   RW         6265    .data               mc_w.l(errno.o)
    0x200000ac        -       0x00000074   Zero   RW         5263    .bss                service.o
    0x20000120        -       0x00000010   Zero   RW         5317    .bss                delay.o
    0x20000130        -       0x00000200   Zero   RW            2    HEAP                startup_stm32f40_41xxx.o
    0x20000330        -       0x00000400   Zero   RW            1    STACK               startup_stm32f40_41xxx.o


==============================================================================

Image component sizes


      Code (inc. data)   RO Data    RW Data    ZI Data      Debug   Object Name

       102          8          0          0         16       1211   delay.o
       894         22          0          0          0      11457   gy86.o
      4668        152          0         80          0       3867   madgwick.o
        12          0          0          0          0       1619   main.o
       140         24          0          0          0     209507   misc.o
       554         12          0          0          0       5774   oled.o
       308         28          0          3          0       1420   ppm.o
       416         20          0          0          0       1453   pwm.o
       268         28          0         57        116       2030   service.o
        36          8        392          0       1536        844   startup_stm32f40_41xxx.o
         0          0          0          0          0       1624   stm32f4xx_adc.o
         0          0          0          0          0      15172   stm32f4xx_dfsdm.o
       248          0          0          0          0       9478   stm32f4xx_gpio.o
        24          0          0          0          0       4964   stm32f4xx_it.o
       296         30          0         16          0       3918   stm32f4xx_rcc.o
       738         28          0          0          0      29966   stm32f4xx_tim.o
       260         34          0          0          0      46437   system_stm32f4xx.o
       700         64          0          2          0       4083   usart.o

    ----------------------------------------------------------------------
      9674        458        424        160       1668     354824   Object Totals
         0          0         32          0          0          0   (incl. Generated)
        10          0          0          2          0          0   (incl. Padding)

    ----------------------------------------------------------------------

      Code (inc. data)   RO Data    RW Data    ZI Data      Debug   Library Member Name

        20          0          0          0          0        124   fabs.o
       122          0          0          0          0        148   sqrt.o
         0          0          0          0          0          0   entry.o
         0          0          0          0          0          0   entry10a.o
         0          0          0          0          0          0   entry11a.o
         8          4          0          0          0          0   entry2.o
         4          0          0          0          0          0   entry5.o
         0          0          0          0          0          0   entry7b.o
         0          0          0          0          0          0   entry8b.o
         8          4          0          0          0          0   entry9a.o
        12          6          0          4          0         68   errno.o
        30          0          0          0          0          0   handlers.o
        36          8          0          0          0         68   init.o
         0          0          0          0          0          0   iusefp.o
        30          0          0          0          0         68   llshl.o
        32          0          0          0          0         68   llushr.o
       188         20          0          0          0        160   malloc.o
         0          0          0          8          0          0   mvars.o
        48          0          0          0          0         68   cdrcmple.o
        56          0          0          0          0         88   d2f.o
       222          0          0          0          0        100   ddiv.o
       186          0          0          0          0        176   depilogue.o
        26          0          0          0          0         76   dfltui.o
       162          0          0          0          0        100   dsqrt.o
        38          0          0          0          0         68   f2d.o
       110          0          0          0          0        168   fepilogue.o

    ----------------------------------------------------------------------
      1342         42          0         12          0       1548   Library Totals
         4          0          0          0          0          0   (incl. Padding)

    ----------------------------------------------------------------------

      Code (inc. data)   RO Data    RW Data    ZI Data      Debug   Library Name

       142          0          0          0          0        272   m_wm.l
       348         42          0         12          0        432   mc_w.l
       848          0          0          0          0        844   mf_w.l

    ----------------------------------------------------------------------
      1342         42          0         12          0       1548   Library Totals

    ----------------------------------------------------------------------

==============================================================================


      Code (inc. data)   RO Data    RW Data    ZI Data      Debug   

     11016        500        424        172       1668     347904   Grand Totals
     11016        500        424        172       1668     347904   ELF Image Totals
     11016        500        424        172          0          0   ROM Totals

==============================================================================

    Total RO  Size (Code + RO Data)                11440 (  11.17kB)
    Total RW  Size (RW Data + ZI Data)              1840 (   1.80kB)
    Total ROM Size (Code + RO Data + RW Data)      11612 (  11.34kB)

==============================================================================

