Component: ARM Compiler 5.06 update 5 (build 528) Tool: armlink [4d35e2]

==============================================================================

Section Cross References

    startup.o(RESET) refers to startup.o(STACK) for __initial_sp
    startup.o(RESET) refers to startup.o(.text) for Reset_Handler
    startup.o(RESET) refers to os_cpu_a.o(.text) for OS_CPU_PendSVHandler
    startup.o(RESET) refers to os_cpu_c.o(i.SysTick_Handler) for SysTick_Handler
    startup.o(RESET) refers to ppm.o(i.TIM3_IRQHandler) for TIM3_IRQHandler
    startup.o(RESET) refers to usart.o(i.USART1_IRQHandler) for USART1_IRQHandler
    startup.o(.text) refers to system.o(i.SystemInit) for SystemInit
    startup.o(.text) refers to entry.o(.ARM.Collect$$$$00000000) for __main
    stm32f4xx_adc.o(i.ADC_DeInit) refers to stm32f4xx_rcc.o(i.RCC_APB2PeriphResetCmd) for RCC_APB2PeriphResetCmd
    stm32f4xx_can.o(i.CAN_DeInit) refers to stm32f4xx_rcc.o(i.RCC_APB1PeriphResetCmd) for RCC_APB1PeriphResetCmd
    stm32f4xx_can.o(i.CAN_GetITStatus) refers to stm32f4xx_can.o(i.CheckITStatus) for CheckITStatus
    stm32f4xx_cryp.o(i.CRYP_DeInit) refers to stm32f4xx_rcc.o(i.RCC_AHB2PeriphResetCmd) for RCC_AHB2PeriphResetCmd
    stm32f4xx_dac.o(i.DAC_DeInit) refers to stm32f4xx_rcc.o(i.RCC_APB1PeriphResetCmd) for RCC_APB1PeriphResetCmd
    stm32f4xx_dma2d.o(i.DMA2D_DeInit) refers to stm32f4xx_rcc.o(i.RCC_AHB1PeriphResetCmd) for RCC_AHB1PeriphResetCmd
    stm32f4xx_flash.o(i.FLASH_EraseAllBank1Sectors) refers to stm32f4xx_flash.o(i.FLASH_WaitForLastOperation) for FLASH_WaitForLastOperation
    stm32f4xx_flash.o(i.FLASH_EraseAllBank2Sectors) refers to stm32f4xx_flash.o(i.FLASH_WaitForLastOperation) for FLASH_WaitForLastOperation
    stm32f4xx_flash.o(i.FLASH_EraseAllSectors) refers to stm32f4xx_flash.o(i.FLASH_WaitForLastOperation) for FLASH_WaitForLastOperation
    stm32f4xx_flash.o(i.FLASH_EraseSector) refers to stm32f4xx_flash.o(i.FLASH_WaitForLastOperation) for FLASH_WaitForLastOperation
    stm32f4xx_flash.o(i.FLASH_OB_Launch) refers to stm32f4xx_flash.o(i.FLASH_WaitForLastOperation) for FLASH_WaitForLastOperation
    stm32f4xx_flash.o(i.FLASH_OB_PCROP1Config) refers to stm32f4xx_flash.o(i.FLASH_WaitForLastOperation) for FLASH_WaitForLastOperation
    stm32f4xx_flash.o(i.FLASH_OB_PCROPConfig) refers to stm32f4xx_flash.o(i.FLASH_WaitForLastOperation) for FLASH_WaitForLastOperation
    stm32f4xx_flash.o(i.FLASH_OB_RDPConfig) refers to stm32f4xx_flash.o(i.FLASH_WaitForLastOperation) for FLASH_WaitForLastOperation
    stm32f4xx_flash.o(i.FLASH_OB_UserConfig) refers to stm32f4xx_flash.o(i.FLASH_WaitForLastOperation) for FLASH_WaitForLastOperation
    stm32f4xx_flash.o(i.FLASH_OB_WRP1Config) refers to stm32f4xx_flash.o(i.FLASH_WaitForLastOperation) for FLASH_WaitForLastOperation
    stm32f4xx_flash.o(i.FLASH_OB_WRPConfig) refers to stm32f4xx_flash.o(i.FLASH_WaitForLastOperation) for FLASH_WaitForLastOperation
    stm32f4xx_flash.o(i.FLASH_ProgramByte) refers to stm32f4xx_flash.o(i.FLASH_WaitForLastOperation) for FLASH_WaitForLastOperation
    stm32f4xx_flash.o(i.FLASH_ProgramDoubleWord) refers to stm32f4xx_flash.o(i.FLASH_WaitForLastOperation) for FLASH_WaitForLastOperation
    stm32f4xx_flash.o(i.FLASH_ProgramHalfWord) refers to stm32f4xx_flash.o(i.FLASH_WaitForLastOperation) for FLASH_WaitForLastOperation
    stm32f4xx_flash.o(i.FLASH_ProgramWord) refers to stm32f4xx_flash.o(i.FLASH_WaitForLastOperation) for FLASH_WaitForLastOperation
    stm32f4xx_flash.o(i.FLASH_WaitForLastOperation) refers to stm32f4xx_flash.o(i.FLASH_GetStatus) for FLASH_GetStatus
    stm32f4xx_gpio.o(i.GPIO_DeInit) refers to stm32f4xx_rcc.o(i.RCC_AHB1PeriphResetCmd) for RCC_AHB1PeriphResetCmd
    stm32f4xx_hash.o(i.HASH_DeInit) refers to stm32f4xx_rcc.o(i.RCC_AHB2PeriphResetCmd) for RCC_AHB2PeriphResetCmd
    stm32f4xx_i2c.o(i.I2C_DeInit) refers to stm32f4xx_rcc.o(i.RCC_APB1PeriphResetCmd) for RCC_APB1PeriphResetCmd
    stm32f4xx_i2c.o(i.I2C_Init) refers to stm32f4xx_rcc.o(i.RCC_GetClocksFreq) for RCC_GetClocksFreq
    stm32f4xx_ltdc.o(i.LTDC_DeInit) refers to stm32f4xx_rcc.o(i.RCC_APB2PeriphResetCmd) for RCC_APB2PeriphResetCmd
    stm32f4xx_pwr.o(i.PWR_DeInit) refers to stm32f4xx_rcc.o(i.RCC_APB1PeriphResetCmd) for RCC_APB1PeriphResetCmd
    stm32f4xx_rcc.o(i.RCC_GetClocksFreq) refers to stm32f4xx_rcc.o(.data) for APBAHBPrescTable
    stm32f4xx_rcc.o(i.RCC_WaitForHSEStartUp) refers to stm32f4xx_rcc.o(i.RCC_GetFlagStatus) for RCC_GetFlagStatus
    stm32f4xx_rtc.o(i.RTC_CoarseCalibCmd) refers to stm32f4xx_rtc.o(i.RTC_EnterInitMode) for RTC_EnterInitMode
    stm32f4xx_rtc.o(i.RTC_CoarseCalibCmd) refers to stm32f4xx_rtc.o(i.RTC_ExitInitMode) for RTC_ExitInitMode
    stm32f4xx_rtc.o(i.RTC_CoarseCalibConfig) refers to stm32f4xx_rtc.o(i.RTC_EnterInitMode) for RTC_EnterInitMode
    stm32f4xx_rtc.o(i.RTC_CoarseCalibConfig) refers to stm32f4xx_rtc.o(i.RTC_ExitInitMode) for RTC_ExitInitMode
[...]
    _SYSVIEW_Globals                         0x20004d20   Data          40  segger_sysview.o(.bss)
    _aPacket                                 0x20004d48   Data         227  segger_sysview.o(.bss)
    STACK                                    0x20004e30   Section     1024  startup.o(STACK)

    Global Symbols

    Symbol Name                              Value     Ov Type        Size  Object(Section)

    BuildAttributes$$THM_ISAv4$E$P$D$K$B$S$7EM$PE$A:L22UL41UL21$X:L11$S22US41US21$IEEE1$IW$USESV6$~STKCKD$USESV7$~SHL$OTIME$ROPI$IEEEX$EBA8$MICROLIB$REQ8$PRES8$EABIv2 0x00000000   Number         0  anon$$obj.o ABSOLUTE
    __ARM_use_no_argv                        0x00000000   Number         0  main.o ABSOLUTE
    _printf_a                                0x00000000   Number         0  stubs.o ABSOLUTE
    _printf_c                                0x00000000   Number         0  stubs.o ABSOLUTE
    _printf_charcount                        0x00000000   Number         0  stubs.o ABSOLUTE
    _printf_d                                0x00000000   Number         0  stubs.o ABSOLUTE
    _printf_e                                0x00000000   Number         0  stubs.o ABSOLUTE
    _printf_f                                0x00000000   Number         0  stubs.o ABSOLUTE
    _printf_flags                            0x00000000   Number         0  stubs.o ABSOLUTE
    _printf_fp_dec                           0x00000000   Number         0  stubs.o ABSOLUTE
    _printf_fp_hex                           0x00000000   Number         0  stubs.o ABSOLUTE
    _printf_g                                0x00000000   Number         0  stubs.o ABSOLUTE
    _printf_i                                0x00000000   Number         0  stubs.o ABSOLUTE
    _printf_int_dec                          0x00000000   Number         0  stubs.o ABSOLUTE
    _printf_l                                0x00000000   Number         0  stubs.o ABSOLUTE
    _printf_lc                               0x00000000   Number         0  stubs.o ABSOLUTE
    _printf_ll                               0x00000000   Number         0  stubs.o ABSOLUTE
    _printf_lld                              0x00000000   Number         0  stubs.o ABSOLUTE
    _printf_lli                              0x00000000   Number         0  stubs.o ABSOLUTE
    _printf_llo                              0x00000000   Number         0  stubs.o ABSOLUTE
    _printf_llu                              0x00000000   Number         0  stubs.o ABSOLUTE
    _printf_llx                              0x00000000   Number         0  stubs.o ABSOLUTE
    _printf_longlong_dec                     0x00000000   Number         0  stubs.o ABSOLUTE
    _printf_longlong_hex                     0x00000000   Number         0  stubs.o ABSOLUTE
    _printf_longlong_oct                     0x00000000   Number         0  stubs.o ABSOLUTE
    _printf_ls                               0x00000000   Number         0  stubs.o ABSOLUTE
    _printf_mbtowc                           0x00000000   Number         0  stubs.o ABSOLUTE
    _printf_n                                0x00000000   Number         0  stubs.o ABSOLUTE
    _printf_o                                0x00000000   Number         0  stubs.o ABSOLUTE
    _printf_p                                0x00000000   Number         0  stubs.o ABSOLUTE
    _printf_percent                          0x00000000   Number         0  stubs.o ABSOLUTE
    _printf_pre_padding                      0x00000000   Number         0  stubs.o ABSOLUTE
    _printf_return_value                     0x00000000   Number         0  stubs.o ABSOLUTE
    _printf_s                                0x00000000   Number         0  stubs.o ABSOLUTE
    _printf_sizespec                         0x00000000   Number         0  stubs.o ABSOLUTE
    _printf_str                              0x00000000   Number         0  stubs.o ABSOLUTE
    _printf_truncate_signed                  0x00000000   Number         0  stubs.o ABSOLUTE
    _printf_truncate_unsigned                0x00000000   Number         0  stubs.o ABSOLUTE
    _printf_u                                0x00000000   Number         0  stubs.o ABSOLUTE
    _printf_wc                               0x00000000   Number         0  stubs.o ABSOLUTE
    _printf_wctomb                           0x00000000   Number         0  stubs.o ABSOLUTE
    _printf_widthprec                        0x00000000   Number         0  stubs.o ABSOLUTE
    _printf_x                                0x00000000   Number         0  stubs.o ABSOLUTE
    __cpp_initialize__aeabi_                  - Undefined Weak Reference
    __cxa_finalize                            - Undefined Weak Reference
    __decompress                              - Undefined Weak Reference
    _clock_init                               - Undefined Weak Reference
    _microlib_exit                            - Undefined Weak Reference
    __Vectors_Size                           0x00000188   Number         0  startup.o ABSOLUTE
    __Vectors                                0x08000000   Data           4  startup.o(RESET)
    __Vectors_End                            0x08000188   Data           0  startup.o(RESET)
    __main                                   0x08000189   Thumb Code     0  entry.o(.ARM.Collect$$$$00000000)
    _main_stk                                0x08000189   Thumb Code     0  entry2.o(.ARM.Collect$$$$00000001)
    _main_scatterload                        0x0800018d   Thumb Code     0  entry5.o(.ARM.Collect$$$$00000004)
    __main_after_scatterload                 0x08000191   Thumb Code     0  entry5.o(.ARM.Collect$$$$00000004)
    _main_clock                              0x08000191   Thumb Code     0  entry7b.o(.ARM.Collect$$$$00000008)
    _main_cpp_init                           0x08000191   Thumb Code     0  entry8b.o(.ARM.Collect$$$$0000000A)
    _main_init                               0x08000191   Thumb Code     0  entry9a.o(.ARM.Collect$$$$0000000B)
    __rt_final_cpp                           0x08000199   Thumb Code     0  entry10a.o(.ARM.Collect$$$$0000000D)
    __rt_final_exit                          0x08000199   Thumb Code     0  entry11a.o(.ARM.Collect$$$$0000000F)
    Reset_Handler                            0x0800019d   Thumb Code     8  startup.o(.text)
    NMI_Handler                              0x080001a5   Thumb Code     2  startup.o(.text)
    HardFault_Handler                        0x080001a7   Thumb Code     2  startup.o(.text)
    MemManage_Handler                        0x080001a9   Thumb Code     2  startup.o(.text)
    BusFault_Handler                         0x080001ab   Thumb Code     2  startup.o(.text)
    UsageFault_Handler                       0x080001ad   Thumb Code     2  startup.o(.text)
    SVC_Handler                              0x080001af   Thumb Code     2  startup.o(.text)
    DebugMon_Handler                         0x080001b1   Thumb Code     2  startup.o(.text)
    ADC_IRQHandler                           0x080001b7   Thumb Code     0  startup.o(.text)
    CAN1_RX0_IRQHandler                      0x080001b7   Thumb Code     0  startup.o(.text)
    CAN1_RX1_IRQHandler                      0x080001b7   Thumb Code     0  startup.o(.text)
    CAN1_SCE_IRQHandler                      0x080001b7   Thumb Code     0  startup.o(.text)
    CAN1_TX_IRQHandler                       0x080001b7   Thumb Code     0  startup.o(.text)
    CAN2_RX0_IRQHandler                      0x080001b7   Thumb Code     0  startup.o(.text)
    CAN2_RX1_IRQHandler                      0x080001b7   Thumb Code     0  startup.o(.text)
    CAN2_SCE_IRQHandler                      0x080001b7   Thumb Code     0  startup.o(.text)
    CAN2_TX_IRQHandler                       0x080001b7   Thumb Code     0  startup.o(.text)
    CRYP_IRQHandler                          0x080001b7   Thumb Code     0  startup.o(.text)
    DCMI_IRQHandler                          0x080001b7   Thumb Code     0  startup.o(.text)
    DMA1_Stream0_IRQHandler                  0x080001b7   Thumb Code     0  startup.o(.text)
    DMA1_Stream1_IRQHandler                  0x080001b7   Thumb Code     0  startup.o(.text)
    DMA1_Stream2_IRQHandler                  0x080001b7   Thumb Code     0  startup.o(.text)
    DMA1_Stream3_IRQHandler                  0x080001b7   Thumb Code     0  startup.o(.text)
    DMA1_Stream4_IRQHandler                  0x080001b7   Thumb Code     0  startup.o(.text)
    DMA1_Stream5_IRQHandler                  0x080001b7   Thumb Code     0  startup.o(.text)
    DMA1_Stream6_IRQHandler                  0x080001b7   Thumb Code     0  startup.o(.text)
    DMA1_Stream7_IRQHandler                  0x080001b7   Thumb Code     0  startup.o(.text)
    DMA2_Stream0_IRQHandler                  0x080001b7   Thumb Code     0  startup.o(.text)
    DMA2_Stream1_IRQHandler                  0x080001b7   Thumb Code     0  startup.o(.text)
    DMA2_Stream2_IRQHandler                  0x080001b7   Thumb Code     0  startup.o(.text)
    DMA2_Stream3_IRQHandler                  0x080001b7   Thumb Code     0  startup.o(.text)
    DMA2_Stream4_IRQHandler                  0x080001b7   Thumb Code     0  startup.o(.text)
    DMA2_Stream5_IRQHandler                  0x080001b7   Thumb Code     0  startup.o(.text)
    DMA2_Stream6_IRQHandler                  0x080001b7   Thumb Code     0  startup.o(.text)
    DMA2_Stream7_IRQHandler                  0x080001b7   Thumb Code     0  startup.o(.text)
    ETH_IRQHandler                           0x080001b7   Thumb Code     0  startup.o(.text)
    ETH_WKUP_IRQHandler                      0x080001b7   Thumb Code     0  startup.o(.text)
    EXTI0_IRQHandler                         0x080001b7   Thumb Code     0  startup.o(.text)
    EXTI15_10_IRQHandler                     0x080001b7   Thumb Code     0  startup.o(.text)
    EXTI1_IRQHandler                         0x080001b7   Thumb Code     0  startup.o(.text)
    EXTI2_IRQHandler                         0x080001b7   Thumb Code     0  startup.o(.text)
    EXTI3_IRQHandler                         0x080001b7   Thumb Code     0  startup.o(.text)
    EXTI4_IRQHandler                         0x080001b7   Thumb Code     0  startup.o(.text)
    EXTI9_5_IRQHandler                       0x080001b7   Thumb Code     0  startup.o(.text)
    FLASH_IRQHandler                         0x080001b7   Thumb Code     0  startup.o(.text)
    FPU_IRQHandler                           0x080001b7   Thumb Code     0  startup.o(.text)
    FSMC_IRQHandler                          0x080001b7   Thumb Code     0  startup.o(.text)
    HASH_RNG_IRQHandler                      0x080001b7   Thumb Code     0  startup.o(.text)
    I2C1_ER_IRQHandler                       0x080001b7   Thumb Code     0  startup.o(.text)
    I2C1_EV_IRQHandler                       0x080001b7   Thumb Code     0  startup.o(.text)
    I2C2_ER_IRQHandler                       0x080001b7   Thumb Code     0  startup.o(.text)
    I2C2_EV_IRQHandler                       0x080001b7   Thumb Code     0  startup.o(.text)
    I2C3_ER_IRQHandler                       0x080001b7   Thumb Code     0  startup.o(.text)
    I2C3_EV_IRQHandler                       0x080001b7   Thumb Code     0  startup.o(.text)
    OTG_FS_IRQHandler                        0x080001b7   Thumb Code     0  startup.o(.text)
    OTG_FS_WKUP_IRQHandler                   0x080001b7   Thumb Code     0  startup.o(.text)
    OTG_HS_EP1_IN_IRQHandler                 0x080001b7   Thumb Code     0  startup.o(.text)
    OTG_HS_EP1_OUT_IRQHandler                0x080001b7   Thumb Code     0  startup.o(.text)
    OTG_HS_IRQHandler                        0x080001b7   Thumb Code     0  startup.o(.text)
    OTG_HS_WKUP_IRQHandler                   0x080001b7   Thumb Code     0  startup.o(.text)
    PVD_IRQHandler                           0x080001b7   Thumb Code     0  startup.o(.text)
    RCC_IRQHandler                           0x080001b7   Thumb Code     0  startup.o(.text)
    RTC_Alarm_IRQHandler                     0x080001b7   Thumb Code     0  startup.o(.text)
    RTC_WKUP_IRQHandler                      0x080001b7   Thumb Code     0  startup.o(.text)
    SDIO_IRQHandler                          0x080001b7   Thumb Code     0  startup.o(.text)
    SPI1_IRQHandler                          0x080001b7   Thumb Code     0  startup.o(.text)
    SPI2_IRQHandler                          0x080001b7   Thumb Code     0  startup.o(.text)
    SPI3_IRQHandler                          0x080001b7   Thumb Code     0  startup.o(.text)
    TAMP_STAMP_IRQHandler                    0x080001b7   Thumb Code     0  startup.o(.text)
    TIM1_BRK_TIM9_IRQHandler                 0x080001b7   Thumb Code     0  startup.o(.text)
    TIM1_CC_IRQHandler                       0x080001b7   Thumb Code     0  startup.o(.text)
    TIM1_TRG_COM_TIM11_IRQHandler            0x080001b7   Thumb Code     0  startup.o(.text)
    TIM1_UP_TIM10_IRQHandler                 0x080001b7   Thumb Code     0  startup.o(.text)
    TIM2_IRQHandler                          0x080001b7   Thumb Code     0  startup.o(.text)
    TIM4_IRQHandler                          0x080001b7   Thumb Code     0  startup.o(.text)
    TIM5_IRQHandler                          0x080001b7   Thumb Code     0  startup.o(.text)
    TIM6_DAC_IRQHandler                      0x080001b7   Thumb Code     0  startup.o(.text)
    TIM7_IRQHandler                          0x080001b7   Thumb Code     0  startup.o(.text)
    TIM8_BRK_TIM12_IRQHandler                0x080001b7   Thumb Code     0  startup.o(.text)
    TIM8_CC_IRQHandler                       0x080001b7   Thumb Code     0  startup.o(.text)
    TIM8_TRG_COM_TIM14_IRQHandler            0x080001b7   Thumb Code     0  startup.o(.text)
    TIM8_UP_TIM13_IRQHandler                 0x080001b7   Thumb Code     0  startup.o(.text)
    UART4_IRQHandler                         0x080001b7   Thumb Code     0  startup.o(.text)
    UART5_IRQHandler                         0x080001b7   Thumb Code     0  startup.o(.text)
    USART2_IRQHandler                        0x080001b7   Thumb Code     0  startup.o(.text)
    USART3_IRQHandler                        0x080001b7   Thumb Code     0  startup.o(.text)
    USART6_IRQHandler                        0x080001b7   Thumb Code     0  startup.o(.text)
    WWDG_IRQHandler                          0x080001b7   Thumb Code     0  startup.o(.text)
    OS_CPU_SR_Save                           0x080001c1   Thumb Code     0  os_cpu_a.o(.text)
    OS_CPU_SR_Restore                        0x080001dd   Thumb Code     0  os_cpu_a.o(.text)
    OSStartHighRdy                           0x080001ef   Thumb Code     0  os_cpu_a.o(.text)
    OSCtxSw                                  0x08000247   Thumb Code     0  os_cpu_a.o(.text)
    OSIntCtxSw                               0x08000247   Thumb Code     0  os_cpu_a.o(.text)
    OS_CPU_PendSVHandler                     0x08000251   Thumb Code     0  os_cpu_a.o(.text)
    __aeabi_memcpy                           0x080002d5   Thumb Code    36  memcpya.o(.text)
    __aeabi_memcpy4                          0x080002d5   Thumb Code     0  memcpya.o(.text)
    __aeabi_memcpy8                          0x080002d5   Thumb Code     0  memcpya.o(.text)
    __aeabi_memset                           0x080002f9   Thumb Code    14  memseta.o(.text)
    __aeabi_memset4                          0x080002f9   Thumb Code     0  memseta.o(.text)
    __aeabi_memset8                          0x080002f9   Thumb Code     0  memseta.o(.text)
    __aeabi_memclr                           0x08000307   Thumb Code     4  memseta.o(.text)
    __aeabi_memclr4                          0x08000307   Thumb Code     0  memseta.o(.text)
    __aeabi_memclr8                          0x08000307   Thumb Code     0  memseta.o(.text)
    _memset$wrapper                          0x0800030b   Thumb Code    18  memseta.o(.text)
    __aeabi_fadd                             0x0800031d   Thumb Code   164  fadd.o(.text)
    __aeabi_fsub                             0x080003c1   Thumb Code     6  fadd.o(.text)
    __aeabi_frsub                            0x080003c7   Thumb Code     6  fadd.o(.text)
    __aeabi_fmul                             0x080003cd   Thumb Code   100  fmul.o(.text)
    __aeabi_fdiv                             0x08000431   Thumb Code   124  fdiv.o(.text)
    __aeabi_ddiv                             0x080004ad   Thumb Code   222  ddiv.o(.text)
    __aeabi_i2f                              0x0800058b   Thumb Code    18  fflti.o(.text)
    __aeabi_ui2f                             0x0800059d   Thumb Code    10  ffltui.o(.text)
    __aeabi_ui2d                             0x080005a7   Thumb Code    26  dfltui.o(.text)
    __aeabi_f2uiz                            0x080005c1   Thumb Code    40  ffixui.o(.text)
    __aeabi_f2d                              0x080005e9   Thumb Code    38  f2d.o(.text)
    __aeabi_d2f                              0x0800060f   Thumb Code    56  d2f.o(.text)
    __aeabi_cfcmpeq                          0x08000649   Thumb Code     0  cfcmple.o(.text)
    __aeabi_cfcmple                          0x08000649   Thumb Code    20  cfcmple.o(.text)
    __aeabi_cfrcmple                         0x0800065d   Thumb Code    20  cfrcmple.o(.text)
    __aeabi_uidiv                            0x08000671   Thumb Code     0  uidiv.o(.text)
    __aeabi_uidivmod                         0x08000671   Thumb Code    44  uidiv.o(.text)
    __aeabi_uldivmod                         0x0800069d   Thumb Code    98  uldiv.o(.text)
    __I$use$fp                               0x080006ff   Thumb Code     0  iusefp.o(.text)
    _float_round                             0x080006ff   Thumb Code    18  fepilogue.o(.text)
    _float_epilogue                          0x08000711   Thumb Code    92  fepilogue.o(.text)
    _double_round                            0x0800076d   Thumb Code    30  depilogue.o(.text)
    _double_epilogue                         0x0800078b   Thumb Code   156  depilogue.o(.text)
    __aeabi_dadd                             0x08000827   Thumb Code   322  dadd.o(.text)
    __aeabi_dsub                             0x08000969   Thumb Code     6  dadd.o(.text)
    __aeabi_drsub                            0x0800096f   Thumb Code     6  dadd.o(.text)
    __aeabi_dmul                             0x08000975   Thumb Code   228  dmul.o(.text)
    __ARM_scalbn                             0x08000a59   Thumb Code    46  dscalb.o(.text)
    scalbn                                   0x08000a59   Thumb Code     0  dscalb.o(.text)
    _dsqrt                                   0x08000a87   Thumb Code   162  dsqrt.o(.text)
    __aeabi_d2ulz                            0x08000b29   Thumb Code    48  dfixul.o(.text)
    __aeabi_cdrcmple                         0x08000b59   Thumb Code    48  cdrcmple.o(.text)
    __scatterload                            0x08000b89   Thumb Code    28  init.o(.text)
    __scatterload_rt2                        0x08000b89   Thumb Code     0  init.o(.text)
    __aeabi_llsl                             0x08000bad   Thumb Code    30  llshl.o(.text)
    _ll_shift_l                              0x08000bad   Thumb Code     0  llshl.o(.text)
    __aeabi_llsr                             0x08000bcb   Thumb Code    32  llushr.o(.text)
    _ll_ushift_r                             0x08000bcb   Thumb Code     0  llushr.o(.text)
    __aeabi_lasr                             0x08000beb   Thumb Code    36  llsshr.o(.text)
    _ll_sshift_r                             0x08000beb   Thumb Code     0  llsshr.o(.text)
    App_TCBInitHook                          0x08000c0f   Thumb Code     2  app_hooks.o(i.App_TCBInitHook)
    App_TaskCreateHook                       0x08000c11   Thumb Code     2  app_hooks.o(i.App_TaskCreateHook)
    App_TaskDelHook                          0x08000c13   Thumb Code     2  app_hooks.o(i.App_TaskDelHook)
    App_TaskIdleHook                         0x08000c15   Thumb Code     2  app_hooks.o(i.App_TaskIdleHook)
    App_TaskReturnHook                       0x08000c17   Thumb Code     2  app_hooks.o(i.App_TaskReturnHook)
    App_TaskStatHook                         0x08000c19   Thumb Code     2  app_hooks.o(i.App_TaskStatHook)
    App_TaskSwHook                           0x08000c1b   Thumb Code     2  app_hooks.o(i.App_TaskSwHook)
    App_TimeTickHook                         0x08000c1d   Thumb Code     2  app_hooks.o(i.App_TimeTickHook)
    Board_Init                               0x08000c1f   Thumb Code    32  final.o(i.Board_Init)
    Delay_Init                               0x08000c3f   Thumb Code    62  delay.o(i.Delay_Init)
    Delay_us                                 0x08000c7d   Thumb Code    44  delay.o(i.Delay_us)
    GPIO_Config                              0x08000ca9   Thumb Code    90  pwm.o(i.GPIO_Config)
    GPIO_Init                                0x08000d0d   Thumb Code   144  stm32f4xx_gpio.o(i.GPIO_Init)
    GPIO_PinAFConfig                         0x08000d9d   Thumb Code    70  stm32f4xx_gpio.o(i.GPIO_PinAFConfig)
    GPIO_ReadInputDataBit                    0x08000de3   Thumb Code    18  stm32f4xx_gpio.o(i.GPIO_ReadInputDataBit)
    GPIO_SetBits                             0x08000df5   Thumb Code     4  stm32f4xx_gpio.o(i.GPIO_SetBits)
    GPIO_WriteBit                            0x08000df9   Thumb Code    12  stm32f4xx_gpio.o(i.GPIO_WriteBit)
    GY86_Init                                0x08000e05   Thumb Code    16  gy86.o(i.GY86_Init)
    GY86_MS5611_SendCMD                      0x08000e15   Thumb Code    34  gy86.o(i.GY86_MS5611_SendCMD)
    GY86_ReadReg                             0x08000e37   Thumb Code    66  gy86.o(i.GY86_ReadReg)
    GY86_WriteReg                            0x08000e79   Thumb Code    48  gy86.o(i.GY86_WriteReg)
    HMC5883L_GetData                         0x08000ea9   Thumb Code    84  gy86.o(i.HMC5883L_GetData)
    HMC5883L_Init                            0x08000efd   Thumb Code    54  gy86.o(i.HMC5883L_Init)
    InnerLoop_Update                         0x08000f35   Thumb Code   240  pid.o(i.InnerLoop_Update)
    MOTOR_Init                               0x08001029   Thumb Code    12  pwm.o(i.MOTOR_Init)
    MPU6050_GetData                          0x08001035   Thumb Code   162  gy86.o(i.MPU6050_GetData)
    MPU6050_Init                             0x080010d7   Thumb Code    68  gy86.o(i.MPU6050_Init)
    MS5611_Reset                             0x0800111b   Thumb Code    10  gy86.o(i.MS5611_Reset)
    MadgwickUpdate                           0x08001125   Thumb Code  3670  madgwick.o(i.MadgwickUpdate)
    Mutex_Init                               0x08001f85   Thumb Code    34  mytasks.o(i.Mutex_Init)
    MyI2C_Init                               0x08001fb5   Thumb Code    58  gy86.o(i.MyI2C_Init)
    MyI2C_ReceiveAck                         0x08001ff5   Thumb Code    30  gy86.o(i.MyI2C_ReceiveAck)
    MyI2C_ReceiveByte                        0x08002013   Thumb Code    52  gy86.o(i.MyI2C_ReceiveByte)
    MyI2C_SendAck                            0x08002047   Thumb Code    24  gy86.o(i.MyI2C_SendAck)
    MyI2C_SendByte                           0x0800205f   Thumb Code    42  gy86.o(i.MyI2C_SendByte)
    MyI2C_Start                              0x08002089   Thumb Code    28  gy86.o(i.MyI2C_Start)
    MyI2C_Stop                               0x080020a5   Thumb Code    22  gy86.o(i.MyI2C_Stop)
    NVIC_Init                                0x080020bd   Thumb Code   106  misc.o(i.NVIC_Init)
    NVIC_PriorityGroupConfig                 0x08002135   Thumb Code    10  misc.o(i.NVIC_PriorityGroupConfig)
    OLED_Clear                               0x08002149   Thumb Code    42  oled.o(i.OLED_Clear)
    OLED_I2C_Init                            0x08002175   Thumb Code    76  oled.o(i.OLED_I2C_Init)
    OLED_I2C_SendByte                        0x080021c5   Thumb Code    54  oled.o(i.OLED_I2C_SendByte)
    OLED_I2C_Start                           0x080021fb   Thumb Code    28  oled.o(i.OLED_I2C_Start)
    OLED_I2C_Stop                            0x08002217   Thumb Code    22  oled.o(i.OLED_I2C_Stop)
    OLED_Init                                0x0800222d   Thumb Code   174  oled.o(i.OLED_Init)
    OLED_SetCursor                           0x080022db   Thumb Code    34  oled.o(i.OLED_SetCursor)
    OLED_W_SCL                               0x080022fd   Thumb Code    24  oled.o(i.OLED_W_SCL)
    OLED_W_SDA                               0x08002319   Thumb Code    24  oled.o(i.OLED_W_SDA)
    OLED_WriteCommand                        0x08002335   Thumb Code    32  oled.o(i.OLED_WriteCommand)
    OLED_WriteData                           0x08002355   Thumb Code    32  oled.o(i.OLED_WriteData)
    OSDebugInit                              0x08002375   Thumb Code   118  os_dbg_r.o(i.OSDebugInit)
    OSEventNameSet                           0x080024d1   Thumb Code   122  os_core.o(i.OSEventNameSet)
    OSInit                                   0x08002551   Thumb Code    52  os_core.o(i.OSInit)
    OSInitHookEnd                            0x08002585   Thumb Code     2  os_cpu_c.o(i.OSInitHookEnd)
    OSIntEnter                               0x08002589   Thumb Code    34  os_core.o(i.OSIntEnter)
    OSIntExit                                0x080025b5   Thumb Code   144  os_core.o(i.OSIntExit)
    OSSchedLock                              0x08002665   Thumb Code    60  os_core.o(i.OSSchedLock)
    OSSchedUnlock                            0x080026ad   Thumb Code   100  os_core.o(i.OSSchedUnlock)
    OSSemCreate                              0x0800271d   Thumb Code    92  os_sem.o(i.OSSemCreate)
    OSSemPend                                0x08002785   Thumb Code   324  os_sem.o(i.OSSemPend)
    OSSemPost                                0x080028d5   Thumb Code   160  os_sem.o(i.OSSemPost)
    OSStart                                  0x08002975   Thumb Code    48  os_core.o(i.OSStart)
    OSTCBInitHook                            0x080029bd   Thumb Code    12  os_cpu_c.o(i.OSTCBInitHook)
    OSTaskCreate                             0x080029c9   Thumb Code   262  os_task.o(i.OSTaskCreate)
    OSTaskCreateExt                          0x08002add   Thumb Code   282  os_task.o(i.OSTaskCreateExt)
    OSTaskCreateHook                         0x08002c05   Thumb Code    12  os_cpu_c.o(i.OSTaskCreateHook)
    OSTaskDel                                0x08002c11   Thumb Code   354  os_task.o(i.OSTaskDel)
    OSTaskDelHook                            0x08002da1   Thumb Code    12  os_cpu_c.o(i.OSTaskDelHook)
    OSTaskIdleHook                           0x08002dad   Thumb Code     8  os_cpu_c.o(i.OSTaskIdleHook)
    OSTaskNameSet                            0x08002db5   Thumb Code   158  os_task.o(i.OSTaskNameSet)
    OSTaskReturnHook                         0x08002e61   Thumb Code    12  os_cpu_c.o(i.OSTaskReturnHook)
    OSTaskStatHook                           0x08002e6d   Thumb Code     8  os_cpu_c.o(i.OSTaskStatHook)
    OSTaskStkChk                             0x08002e75   Thumb Code   168  os_task.o(i.OSTaskStkChk)
    OSTaskStkInit                            0x08002f25   Thumb Code   170  os_cpu_c.o(i.OSTaskStkInit)
    OSTaskSuspend                            0x08002fd5   Thumb Code   196  os_task.o(i.OSTaskSuspend)
    OSTaskSwHook                             0x080030a9   Thumb Code    16  os_cpu_c.o(i.OSTaskSwHook)
    OSTimeDly                                0x080030bd   Thumb Code   118  os_time.o(i.OSTimeDly)
    OSTimeDlyHMSM                            0x08003149   Thumb Code   124  os_time.o(i.OSTimeDlyHMSM)
    OSTimeGet                                0x080031cd   Thumb Code    34  os_time.o(i.OSTimeGet)
    OSTimeTick                               0x080031f5   Thumb Code   246  os_core.o(i.OSTimeTick)
    OSTimeTickHook                           0x08003305   Thumb Code    34  os_cpu_c.o(i.OSTimeTickHook)
    OSTmrSignal                              0x0800332d   Thumb Code    16  os_tmr.o(i.OSTmrSignal)
    OSTmr_Init                               0x08003341   Thumb Code   168  os_tmr.o(i.OSTmr_Init)
    OS_CPU_SysTickInit                       0x080035d5   Thumb Code    50  os_cpu_c.o(i.OS_CPU_SysTickInit)
    OS_Dummy                                 0x0800360d   Thumb Code     2  os_core.o(i.OS_Dummy)
    OS_EventTaskRdy                          0x08003611   Thumb Code   138  os_core.o(i.OS_EventTaskRdy)
    OS_EventTaskRemove                       0x080036ad   Thumb Code    46  os_core.o(i.OS_EventTaskRemove)
    OS_EventTaskRemoveMulti                  0x080036db   Thumb Code    58  os_core.o(i.OS_EventTaskRemoveMulti)
    OS_EventTaskWait                         0x08003715   Thumb Code   122  os_core.o(i.OS_EventTaskWait)
    OS_EventWaitListInit                     0x0800379d   Thumb Code    28  os_core.o(i.OS_EventWaitListInit)
    OS_FlagInit                              0x080037b9   Thumb Code    74  os_flag.o(i.OS_FlagInit)
    OS_FlagUnlink                            0x08003811   Thumb Code    36  os_flag.o(i.OS_FlagUnlink)
    OS_MemClr                                0x08003a55   Thumb Code    18  os_core.o(i.OS_MemClr)
    OS_MemInit                               0x08003a69   Thumb Code    74  os_mem.o(i.OS_MemInit)
    OS_QInit                                 0x08003ac1   Thumb Code    72  os_q.o(i.OS_QInit)
    OS_Sched                                 0x08003b11   Thumb Code    98  os_core.o(i.OS_Sched)
    OS_TCBInit                               0x08003bbd   Thumb Code   336  os_core.o(i.OS_TCBInit)
    OS_TaskIdle                              0x08003d29   Thumb Code    42  os_core.o(i.OS_TaskIdle)
    OS_TaskReturn                            0x08003d59   Thumb Code    18  os_task.o(i.OS_TaskReturn)
    OS_TaskStat                              0x08003d71   Thumb Code   218  os_core.o(i.OS_TaskStat)
    OS_TaskStatStkChk                        0x08003e61   Thumb Code    54  os_core.o(i.OS_TaskStatStkChk)
    OS_TaskStkClr                            0x08003e9d   Thumb Code    26  os_task.o(i.OS_TaskStkClr)
    OuterLoop_Update                         0x08003eb9   Thumb Code   224  pid.o(i.OuterLoop_Update)
    PID_Calculate                            0x08003fa5   Thumb Code   194  pid.o(i.PID_Calculate)
    PID_Init                                 0x08004067   Thumb Code    30  pid.o(i.PID_Init)
    PID_Reset                                0x08004085   Thumb Code    14  pid.o(i.PID_Reset)
    PPM_Init                                 0x08004095   Thumb Code   206  ppm.o(i.PPM_Init)
    PWM_SetCompare                           0x0800416d   Thumb Code    48  pwm.o(i.PWM_SetCompare)
    QuadPID_Init                             0x080041a1   Thumb Code   190  pid.o(i.QuadPID_Init)
    QuadPID_MotorControl                     0x08004275   Thumb Code   236  pid.o(i.QuadPID_MotorControl)
    Quaternion2Euler                         0x08004369   Thumb Code   316  madgwick.o(i.Quaternion2Euler)
    RCC_AHB1PeriphClockCmd                   0x080044a5   Thumb Code    26  stm32f4xx_rcc.o(i.RCC_AHB1PeriphClockCmd)
    RCC_APB1PeriphClockCmd                   0x080044c5   Thumb Code    26  stm32f4xx_rcc.o(i.RCC_APB1PeriphClockCmd)
    SCL_W                                    0x080044e5   Thumb Code    24  gy86.o(i.SCL_W)
    SDA_R                                    0x08004501   Thumb Code    22  gy86.o(i.SDA_R)
    SDA_W                                    0x0800451d   Thumb Code    22  gy86.o(i.SDA_W)
    SEGGER_RTT_AllocUpBuffer                 0x08004539   Thumb Code   194  segger_rtt.o(i.SEGGER_RTT_AllocUpBuffer)
    SEGGER_RTT_ConfigDownBuffer              0x08004601   Thumb Code   114  segger_rtt.o(i.SEGGER_RTT_ConfigDownBuffer)
    SEGGER_RTT_ReadNoLock                    0x08004679   Thumb Code   166  segger_rtt.o(i.SEGGER_RTT_ReadNoLock)
    SEGGER_RTT_WriteSkipNoLock               0x08004725   Thumb Code   154  segger_rtt.o(i.SEGGER_RTT_WriteSkipNoLock)
    SEGGER_SYSVIEW_Conf                      0x080047c5   Thumb Code    24  segger_sysview_config_ucosii.o(i.SEGGER_SYSVIEW_Conf)
    SEGGER_SYSVIEW_GetSysDesc                0x080047e9   Thumb Code   180  segger_sysview.o(i.SEGGER_SYSVIEW_GetSysDesc)
    SEGGER_SYSVIEW_Init                      0x080048a5   Thumb Code    80  segger_sysview.o(i.SEGGER_SYSVIEW_Init)
    SEGGER_SYSVIEW_NameResource              0x0800490d   Thumb Code   104  segger_sysview.o(i.SEGGER_SYSVIEW_NameResource)
    SEGGER_SYSVIEW_OnIdle                    0x0800497d   Thumb Code    48  segger_sysview.o(i.SEGGER_SYSVIEW_OnIdle)
    SEGGER_SYSVIEW_OnTaskCreate              0x080049b1   Thumb Code    90  segger_sysview.o(i.SEGGER_SYSVIEW_OnTaskCreate)
    SEGGER_SYSVIEW_OnTaskStartExec           0x08004a15   Thumb Code    90  segger_sysview.o(i.SEGGER_SYSVIEW_OnTaskStartExec)
    SEGGER_SYSVIEW_OnTaskStartReady          0x08004a79   Thumb Code    90  segger_sysview.o(i.SEGGER_SYSVIEW_OnTaskStartReady)
    SEGGER_SYSVIEW_OnTaskStopReady           0x08004add   Thumb Code   122  segger_sysview.o(i.SEGGER_SYSVIEW_OnTaskStopReady)
    SEGGER_SYSVIEW_RecordEndCallU32          0x08004b61   Thumb Code   116  segger_sysview.o(i.SEGGER_SYSVIEW_RecordEndCallU32)
    SEGGER_SYSVIEW_RecordEnterISR            0x08004bd9   Thumb Code    90  segger_sysview.o(i.SEGGER_SYSVIEW_RecordEnterISR)
    SEGGER_SYSVIEW_RecordExitISR             0x08004c3d   Thumb Code    48  segger_sysview.o(i.SEGGER_SYSVIEW_RecordExitISR)
    SEGGER_SYSVIEW_RecordExitISRToScheduler  0x08004c71   Thumb Code    48  segger_sysview.o(i.SEGGER_SYSVIEW_RecordExitISRToScheduler)
    SEGGER_SYSVIEW_RecordSystime             0x08004ca5   Thumb Code    52  segger_sysview.o(i.SEGGER_SYSVIEW_RecordSystime)
    SEGGER_SYSVIEW_RecordU32                 0x08004ce1   Thumb Code    88  segger_sysview.o(i.SEGGER_SYSVIEW_RecordU32)
    SEGGER_SYSVIEW_RecordU32x2               0x08004d3d   Thumb Code   118  segger_sysview.o(i.SEGGER_SYSVIEW_RecordU32x2)
    SEGGER_SYSVIEW_RecordVoid                0x08004db9   Thumb Code    50  segger_sysview.o(i.SEGGER_SYSVIEW_RecordVoid)
    SEGGER_SYSVIEW_SendModule                0x08004df1   Thumb Code   172  segger_sysview.o(i.SEGGER_SYSVIEW_SendModule)
    SEGGER_SYSVIEW_SendModuleDescription     0x08004ea5   Thumb Code    30  segger_sysview.o(i.SEGGER_SYSVIEW_SendModuleDescription)
    SEGGER_SYSVIEW_SendNumModules            0x08004ec9   Thumb Code    80  segger_sysview.o(i.SEGGER_SYSVIEW_SendNumModules)
    SEGGER_SYSVIEW_SendSysDesc               0x08004f21   Thumb Code    66  segger_sysview.o(i.SEGGER_SYSVIEW_SendSysDesc)
    SEGGER_SYSVIEW_SendTaskInfo              0x08004f69   Thumb Code   260  segger_sysview.o(i.SEGGER_SYSVIEW_SendTaskInfo)
    SEGGER_SYSVIEW_SendTaskList              0x08005075   Thumb Code    26  segger_sysview.o(i.SEGGER_SYSVIEW_SendTaskList)
    SEGGER_SYSVIEW_SetRAMBase                0x08005095   Thumb Code     6  segger_sysview.o(i.SEGGER_SYSVIEW_SetRAMBase)
    SEGGER_SYSVIEW_ShrinkId                  0x080050a1   Thumb Code    10  segger_sysview.o(i.SEGGER_SYSVIEW_ShrinkId)
    SEGGER_SYSVIEW_Start                     0x080050b1   Thumb Code   240  segger_sysview.o(i.SEGGER_SYSVIEW_Start)
    SEGGER_SYSVIEW_Stop                      0x080051ad   Thumb Code    60  segger_sysview.o(i.SEGGER_SYSVIEW_Stop)
    SEGGER_SYSVIEW_Warn                      0x080051f1   Thumb Code   122  segger_sysview.o(i.SEGGER_SYSVIEW_Warn)
    SYSVIEW_AddTask                          0x08005271   Thumb Code   146  segger_sysview_ucosii.o(i.SYSVIEW_AddTask)
    SYSVIEW_RecordU32Register                0x08005315   Thumb Code   112  segger_sysview_ucosii.o(i.SYSVIEW_RecordU32Register)
    SYSVIEW_SendResourceList                 0x08005391   Thumb Code    70  segger_sysview_ucosii.o(i.SYSVIEW_SendResourceList)
    SYSVIEW_SendTaskInfo                     0x080053e1   Thumb Code    50  segger_sysview_ucosii.o(i.SYSVIEW_SendTaskInfo)
    SYSVIEW_TaskReady                        0x08005415   Thumb Code    22  segger_sysview_ucosii.o(i.SYSVIEW_TaskReady)
    SYSVIEW_TaskSuspend                      0x08005431   Thumb Code    24  segger_sysview_ucosii.o(i.SYSVIEW_TaskSuspend)
    SYSVIEW_TaskSwitchedIn                   0x0800544d   Thumb Code    28  segger_sysview_ucosii.o(i.SYSVIEW_TaskSwitchedIn)
    SYSVIEW_UpdateResource                   0x0800546d   Thumb Code    84  segger_sysview_ucosii.o(i.SYSVIEW_UpdateResource)
    SYSVIEW_UpdateTask                       0x080054c9   Thumb Code   144  segger_sysview_ucosii.o(i.SYSVIEW_UpdateTask)
    SysTick_Handler                          0x08005565   Thumb Code    38  os_cpu_c.o(i.SysTick_Handler)
    SystemInit                               0x0800558d   Thumb Code   206  system.o(i.SystemInit)
    TIM1_Config                              0x08005789   Thumb Code   294  pwm.o(i.TIM1_Config)
    TIM3_IRQHandler                          0x080058b9   Thumb Code    82  ppm.o(i.TIM3_IRQHandler)
    TIM_ClearITPendingBit                    0x0800591d   Thumb Code     6  stm32f4xx_tim.o(i.TIM_ClearITPendingBit)
    TIM_Cmd                                  0x08005923   Thumb Code    24  stm32f4xx_tim.o(i.TIM_Cmd)
    TIM_GetITStatus                          0x0800593b   Thumb Code    34  stm32f4xx_tim.o(i.TIM_GetITStatus)
    TIM_ICInit                               0x0800595d   Thumb Code   110  stm32f4xx_tim.o(i.TIM_ICInit)
    TIM_ITConfig                             0x080059cb   Thumb Code    18  stm32f4xx_tim.o(i.TIM_ITConfig)
    TIM_SelectInputTrigger                   0x080059dd   Thumb Code    18  stm32f4xx_tim.o(i.TIM_SelectInputTrigger)
    TIM_SelectSlaveMode                      0x080059ef   Thumb Code    18  stm32f4xx_tim.o(i.TIM_SelectSlaveMode)
    TIM_SetIC1Prescaler                      0x08005a01   Thumb Code    18  stm32f4xx_tim.o(i.TIM_SetIC1Prescaler)
    TIM_SetIC2Prescaler                      0x08005a13   Thumb Code    26  stm32f4xx_tim.o(i.TIM_SetIC2Prescaler)
    TIM_SetIC3Prescaler                      0x08005a2d   Thumb Code    18  stm32f4xx_tim.o(i.TIM_SetIC3Prescaler)
    TIM_SetIC4Prescaler                      0x08005a3f   Thumb Code    26  stm32f4xx_tim.o(i.TIM_SetIC4Prescaler)
    TIM_TimeBaseInit                         0x08005a59   Thumb Code   104  stm32f4xx_tim.o(i.TIM_TimeBaseInit)
    Task_Angle                               0x08005add   Thumb Code   120  mytasks.o(i.Task_Angle)
    Task_COM                                 0x08005b7d   Thumb Code   116  mytasks.o(i.Task_COM)
    Task_Inner                               0x08005c19   Thumb Code   148  mytasks.o(i.Task_Inner)
    Task_Outer                               0x08005cd9   Thumb Code   162  mytasks.o(i.Task_Outer)
    Task_Startup                             0x08005dad   Thumb Code    78  mytasks.o(i.Task_Startup)
    USART1_IRQHandler                        0x08005e2d   Thumb Code    42  usart.o(i.USART1_IRQHandler)
    USART_Config                             0x08005e61   Thumb Code   326  usart.o(i.USART_Config)
    USART_GPIO_Init                          0x08005fc5   Thumb Code    86  usart.o(i.USART_GPIO_Init)
    USART_SendByte                           0x08006025   Thumb Code    20  usart.o(i.USART_SendByte)
    __0printf                                0x08006409   Thumb Code    22  printfa.o(i.__0printf)
    __1printf                                0x08006409   Thumb Code     0  printfa.o(i.__0printf)
    __2printf                                0x08006409   Thumb Code     0  printfa.o(i.__0printf)
    __c89printf                              0x08006409   Thumb Code     0  printfa.o(i.__0printf)
    printf                                   0x08006409   Thumb Code     0  printfa.o(i.__0printf)
    __ARM_fpclassify                         0x08006429   Thumb Code    40  fpclassify.o(i.__ARM_fpclassify)
    __kernel_poly                            0x08006451   Thumb Code   170  poly.o(i.__kernel_poly)
    __mathlib_dbl_infnan                     0x080064fb   Thumb Code     6  dunder.o(i.__mathlib_dbl_infnan)
    __mathlib_dbl_infnan2                    0x08006501   Thumb Code     4  dunder.o(i.__mathlib_dbl_infnan2)
    __mathlib_dbl_invalid                    0x08006505   Thumb Code    12  dunder.o(i.__mathlib_dbl_invalid)
    __mathlib_dbl_underflow                  0x08006511   Thumb Code    10  dunder.o(i.__mathlib_dbl_underflow)
    __scatterload_copy                       0x08006521   Thumb Code    14  handlers.o(i.__scatterload_copy)
    __scatterload_null                       0x0800652f   Thumb Code     2  handlers.o(i.__scatterload_null)
    __scatterload_zeroinit                   0x08006531   Thumb Code    14  handlers.o(i.__scatterload_zeroinit)
    __set_errno                              0x08006541   Thumb Code     6  errno.o(i.__set_errno)
    asin                                     0x08006ed1   Thumb Code   572  asin.o(i.asin)
    atan                                     0x08007141   Thumb Code   474  atan.o(i.atan)
    atan2                                    0x08007361   Thumb Code   346  atan2.o(i.atan2)
    fputc                                    0x080074e1   Thumb Code    16  usart.o(i.fputc)
    main                                     0x080074f1   Thumb Code    44  main.o(i.main)
    sqrt                                     0x08007531   Thumb Code    76  sqrt.o(i.sqrt)
    OSUnMapTbl                               0x0800757c   Data         256  os_core.o(.constdata)
    OSDebugEn                                0x0800767c   Data           2  os_dbg_r.o(.constdata)
    OSEndiannessTest                         0x08007680   Data           4  os_dbg_r.o(.constdata)
    OSEventEn                                0x08007684   Data           2  os_dbg_r.o(.constdata)
    OSEventMax                               0x08007686   Data           2  os_dbg_r.o(.constdata)
    OSEventNameEn                            0x08007688   Data           2  os_dbg_r.o(.constdata)
    OSEventSize                              0x0800768a   Data           2  os_dbg_r.o(.constdata)
    OSEventTblSize                           0x0800768c   Data           2  os_dbg_r.o(.constdata)
    OSEventMultiEn                           0x0800768e   Data           2  os_dbg_r.o(.constdata)
    OSFlagEn                                 0x08007690   Data           2  os_dbg_r.o(.constdata)
    OSFlagGrpSize                            0x08007692   Data           2  os_dbg_r.o(.constdata)
    OSFlagNodeSize                           0x08007694   Data           2  os_dbg_r.o(.constdata)
    OSFlagWidth                              0x08007696   Data           2  os_dbg_r.o(.constdata)
    OSFlagMax                                0x08007698   Data           2  os_dbg_r.o(.constdata)
    OSFlagNameEn                             0x0800769a   Data           2  os_dbg_r.o(.constdata)
    OSLowestPrio                             0x0800769c   Data           2  os_dbg_r.o(.constdata)
    OSMboxEn                                 0x0800769e   Data           2  os_dbg_r.o(.constdata)
    OSMemEn                                  0x080076a0   Data           2  os_dbg_r.o(.constdata)
    OSMemMax                                 0x080076a2   Data           2  os_dbg_r.o(.constdata)
    OSMemNameEn                              0x080076a4   Data           2  os_dbg_r.o(.constdata)
    OSMemSize                                0x080076a6   Data           2  os_dbg_r.o(.constdata)
    OSMemTblSize                             0x080076a8   Data           2  os_dbg_r.o(.constdata)
    OSMutexEn                                0x080076aa   Data           2  os_dbg_r.o(.constdata)
    OSPtrSize                                0x080076ac   Data           2  os_dbg_r.o(.constdata)
    OSQEn                                    0x080076ae   Data           2  os_dbg_r.o(.constdata)
    OSQMax                                   0x080076b0   Data           2  os_dbg_r.o(.constdata)
    OSQSize                                  0x080076b2   Data           2  os_dbg_r.o(.constdata)
    OSRdyTblSize                             0x080076b4   Data           2  os_dbg_r.o(.constdata)
    OSSemEn                                  0x080076b6   Data           2  os_dbg_r.o(.constdata)
    OSStkWidth                               0x080076b8   Data           2  os_dbg_r.o(.constdata)
    OSTaskCreateEn                           0x080076ba   Data           2  os_dbg_r.o(.constdata)
    OSTaskCreateExtEn                        0x080076bc   Data           2  os_dbg_r.o(.constdata)
    OSTaskDelEn                              0x080076be   Data           2  os_dbg_r.o(.constdata)
    OSTaskIdleStkSize                        0x080076c0   Data           2  os_dbg_r.o(.constdata)
    OSTaskProfileEn                          0x080076c2   Data           2  os_dbg_r.o(.constdata)
    OSTaskMax                                0x080076c4   Data           2  os_dbg_r.o(.constdata)
    OSTaskNameEn                             0x080076c6   Data           2  os_dbg_r.o(.constdata)
    OSTaskStatEn                             0x080076c8   Data           2  os_dbg_r.o(.constdata)
    OSTaskStatStkSize                        0x080076ca   Data           2  os_dbg_r.o(.constdata)
    OSTaskStatStkChkEn                       0x080076cc   Data           2  os_dbg_r.o(.constdata)
    OSTaskSwHookEn                           0x080076ce   Data           2  os_dbg_r.o(.constdata)
    OSTaskRegTblSize                         0x080076d0   Data           2  os_dbg_r.o(.constdata)
    OSTCBPrioTblMax                          0x080076d2   Data           2  os_dbg_r.o(.constdata)
    OSTCBSize                                0x080076d4   Data           2  os_dbg_r.o(.constdata)
    OSTicksPerSec                            0x080076d6   Data           2  os_dbg_r.o(.constdata)
    OSTimeTickHookEn                         0x080076d8   Data           2  os_dbg_r.o(.constdata)
    OSVersionNbr                             0x080076da   Data           2  os_dbg_r.o(.constdata)
    OS_TLS_TblSize                           0x080076dc   Data           2  os_dbg_r.o(.constdata)
    OSTmrEn                                  0x080076de   Data           2  os_dbg_r.o(.constdata)
    OSTmrCfgMax                              0x080076e0   Data           2  os_dbg_r.o(.constdata)
    OSTmrCfgNameEn                           0x080076e2   Data           2  os_dbg_r.o(.constdata)
    OSTmrCfgWheelSize                        0x080076e4   Data           2  os_dbg_r.o(.constdata)
    OSTmrCfgTicksPerSec                      0x080076e6   Data           2  os_dbg_r.o(.constdata)
    OSTmrSize                                0x080076e8   Data           2  os_dbg_r.o(.constdata)
    OSTmrTblSize                             0x080076ea   Data           2  os_dbg_r.o(.constdata)
    OSTmrWheelSize                           0x080076ec   Data           2  os_dbg_r.o(.constdata)
    OSTmrWheelTblSize                        0x080076ee   Data           2  os_dbg_r.o(.constdata)
    OSDataSize                               0x080076f0   Data           2  os_dbg_r.o(.constdata)
    SYSVIEW_X_OS_TraceAPI                    0x080076f4   Data           8  segger_sysview_ucosii.o(.constdata)
    __mathlib_zero                           0x08007820   Data           8  qnan.o(.constdata)
    Region$$Table$$Base                      0x080078cc   Number         0  anon$$obj.o(Region$$Table)
    Region$$Table$$Limit                     0x080078ec   Number         0  anon$$obj.o(Region$$Table)
    PPM_Time                                 0x20000000   Data           2  ppm.o(.data)
    PPM_CNT                                  0x20000002   Data           1  ppm.o(.data)
    RxData                                   0x20000004   Data           1  usart.o(.data)
    HMC_Data                                 0x20000008   Data           6  final.o(.data)
    q                                        0x20000010   Data          16  final.o(.data)
    OS_CPU_ExceptStkBase                     0x20000038   Data           4  os_cpu_c.o(.data)
    OS_KA_BASEPRI_Boundary                   0x20000040   Data           4  os_cpu_c.o(.data)
    OSCtxSwCtr                               0x20000044   Data           4  os_core.o(.data)
    OSEventFreeList                          0x20000048   Data           4  os_core.o(.data)
    OSFlagFreeList                           0x2000004c   Data           4  os_core.o(.data)
    OSCPUUsage                               0x20000050   Data           1  os_core.o(.data)
    OSIdleCtrMax                             0x20000054   Data           4  os_core.o(.data)
    OSIdleCtrRun                             0x20000058   Data           4  os_core.o(.data)
    OSStatRdy                                0x2000005c   Data           1  os_core.o(.data)
    OSIntNesting                             0x2000005d   Data           1  os_core.o(.data)
    OSLockNesting                            0x2000005e   Data           1  os_core.o(.data)
    OSPrioCur                                0x2000005f   Data           1  os_core.o(.data)
    OSPrioHighRdy                            0x20000060   Data           1  os_core.o(.data)
    OSRdyGrp                                 0x20000061   Data           1  os_core.o(.data)
    OSRdyTbl                                 0x20000062   Data           8  os_core.o(.data)
    OSRunning                                0x2000006a   Data           1  os_core.o(.data)
    OSTaskCtr                                0x2000006b   Data           1  os_core.o(.data)
    OSIdleCtr                                0x2000006c   Data           4  os_core.o(.data)
    OSTCBCur                                 0x20000070   Data           4  os_core.o(.data)
    OSTCBFreeList                            0x20000074   Data           4  os_core.o(.data)
    OSTCBHighRdy                             0x20000078   Data           4  os_core.o(.data)
    OSTCBList                                0x2000007c   Data           4  os_core.o(.data)
    OSTickStepState                          0x20000080   Data           1  os_core.o(.data)
    OSMemFreeList                            0x20000084   Data           4  os_core.o(.data)
    OSQFreeList                              0x20000088   Data           4  os_core.o(.data)
    OSTaskRegNextAvailID                     0x2000008c   Data           1  os_core.o(.data)
    OSTime                                   0x20000090   Data           4  os_core.o(.data)
    OSTmrFree                                0x20000094   Data           2  os_core.o(.data)
    OSTmrUsed                                0x20000096   Data           2  os_core.o(.data)
    OSTmrTime                                0x20000098   Data           4  os_core.o(.data)
    OSTmrSem                                 0x2000009c   Data           4  os_core.o(.data)
    OSTmrSemSignal                           0x200000a0   Data           4  os_core.o(.data)
    OSTmrFreeList                            0x200000a4   Data           4  os_core.o(.data)
    GY86DataMutex                            0x200000a8   Data           4  mytasks.o(.data)
    SEQDataMutex                             0x200000ac   Data           4  mytasks.o(.data)
    QuadDataMutex                            0x200000b0   Data           4  mytasks.o(.data)
    err                                      0x200000b4   Data           1  mytasks.o(.data)
    SEGGER_SYSVIEW_TickCnt                   0x200000c0   Data           4  segger_sysview.o(.data)
    SEGGER_SYSVIEW_InterruptId               0x200000c4   Data           4  segger_sysview.o(.data)
    __stdout                                 0x200000d8   Data           4  stdout.o(.data)
    PPM                                      0x200000e0   Data          16  ppm.o(.bss)
    MPU6050_Data                             0x200000f0   Data          12  final.o(.bss)
    quad                                     0x200000fc   Data         308  final.o(.bss)
    OS_CPU_ExceptStk                         0x20000230   Data        1024  os_cpu_c.o(.bss)
    OSEventTbl                               0x20000630   Data         240  os_core.o(.bss)
    OSFlagTbl                                0x20000720   Data          80  os_core.o(.bss)
    OSTaskStatStk                            0x20000770   Data         512  os_core.o(.bss)
    OSTaskIdleStk                            0x20000970   Data         512  os_core.o(.bss)
    OSTCBPrioTbl                             0x20000b70   Data         256  os_core.o(.bss)
    OSTCBTbl                                 0x20000c70   Data        2024  os_core.o(.bss)
    OSMemTbl                                 0x20001458   Data         120  os_core.o(.bss)
    OSQTbl                                   0x200014d0   Data          96  os_core.o(.bss)
    OSTmrTbl                                 0x20001530   Data         640  os_core.o(.bss)
    OSTmrTaskStk                             0x200017b0   Data         512  os_core.o(.bss)
    OSTmrWheelTbl                            0x200019b0   Data          56  os_core.o(.bss)
    Task_StartupStk                          0x200019e8   Data         512  mytasks.o(.bss)
    Task_AngleStk                            0x20001be8   Data         512  mytasks.o(.bss)
    Task_OuterStk                            0x20001de8   Data         512  mytasks.o(.bss)
    Task_InnerStk                            0x20001fe8   Data         512  mytasks.o(.bss)
    Task_COMStk                              0x200021e8   Data         512  mytasks.o(.bss)
    _SEGGER_RTT                              0x20002c68   Data         168  segger_rtt.o(.bss)
    __initial_sp                             0x20005230   Data           0  startup.o(STACK)



==============================================================================

Memory Map of the image

  Image Entry point : 0x08000189

  Load Region LR_IROM1 (Base: 0x08000000, Size: 0x000079cc, Max: 0x00080000, ABSOLUTE)

    Execution Region ER_IROM1 (Exec base: 0x08000000, Load base: 0x08000000, Size: 0x000078ec, Max: 0x00080000, ABSOLUTE)

    Exec Addr    Load Addr    Size         Type   Attr      Idx    E Section Name        Object

    0x08000000   0x08000000   0x00000188   Data   RO          111    RESET               startup.o
    0x08000188   0x08000188   0x00000000   Code   RO         6998  * .ARM.Collect$$$$00000000  mc_w.l(entry.o)
    0x08000188   0x08000188   0x00000004   Code   RO         7323    .ARM.Collect$$$$00000001  mc_w.l(entry2.o)
    0x0800018c   0x0800018c   0x00000004   Code   RO         7326    .ARM.Collect$$$$00000004  mc_w.l(entry5.o)
    0x08000190   0x08000190   0x00000000   Code   RO         7328    .ARM.Collect$$$$00000008  mc_w.l(entry7b.o)
    0x08000190   0x08000190   0x00000000   Code   RO         7330    .ARM.Collect$$$$0000000A  mc_w.l(entry8b.o)
    0x08000190   0x08000190   0x00000008   Code   RO         7331    .ARM.Collect$$$$0000000B  mc_w.l(entry9a.o)
    0x08000198   0x08000198   0x00000000   Code   RO         7333    .ARM.Collect$$$$0000000D  mc_w.l(entry10a.o)
    0x08000198   0x08000198   0x00000000   Code   RO         7335    .ARM.Collect$$$$0000000F  mc_w.l(entry11a.o)
    0x08000198   0x08000198   0x00000004   Code   RO         7324    .ARM.Collect$$$$00002712  mc_w.l(entry2.o)
    0x0800019c   0x0800019c   0x00000024   Code   RO          112    .text               startup.o
    0x080001c0   0x080001c0   0x00000114   Code   RO         5016    .text               os_cpu_a.o
    0x080002d4   0x080002d4   0x00000024   Code   RO         7001    .text               mc_w.l(memcpya.o)
    0x080002f8   0x080002f8   0x00000024   Code   RO         7003    .text               mc_w.l(memseta.o)
    0x0800031c   0x0800031c   0x000000b0   Code   RO         7270    .text               mf_w.l(fadd.o)
    0x080003cc   0x080003cc   0x00000064   Code   RO         7272    .text               mf_w.l(fmul.o)
    0x08000430   0x08000430   0x0000007c   Code   RO         7274    .text               mf_w.l(fdiv.o)
    0x080004ac   0x080004ac   0x000000de   Code   RO         7276    .text               mf_w.l(ddiv.o)
    0x0800058a   0x0800058a   0x00000012   Code   RO         7278    .text               mf_w.l(fflti.o)
    0x0800059c   0x0800059c   0x0000000a   Code   RO         7280    .text               mf_w.l(ffltui.o)
    0x080005a6   0x080005a6   0x0000001a   Code   RO         7282    .text               mf_w.l(dfltui.o)
    0x080005c0   0x080005c0   0x00000028   Code   RO         7284    .text               mf_w.l(ffixui.o)
    0x080005e8   0x080005e8   0x00000026   Code   RO         7286    .text               mf_w.l(f2d.o)
    0x0800060e   0x0800060e   0x00000038   Code   RO         7288    .text               mf_w.l(d2f.o)
    0x08000646   0x08000646   0x00000002   PAD
    0x08000648   0x08000648   0x00000014   Code   RO         7290    .text               mf_w.l(cfcmple.o)
    0x0800065c   0x0800065c   0x00000014   Code   RO         7292    .text               mf_w.l(cfrcmple.o)
    0x08000670   0x08000670   0x0000002c   Code   RO         7338    .text               mc_w.l(uidiv.o)
    0x0800069c   0x0800069c   0x00000062   Code   RO         7340    .text               mc_w.l(uldiv.o)
    0x080006fe   0x080006fe   0x00000000   Code   RO         7349    .text               mc_w.l(iusefp.o)
    0x080006fe   0x080006fe   0x0000006e   Code   RO         7350    .text               mf_w.l(fepilogue.o)
    0x0800076c   0x0800076c   0x000000ba   Code   RO         7352    .text               mf_w.l(depilogue.o)
    0x08000826   0x08000826   0x0000014e   Code   RO         7354    .text               mf_w.l(dadd.o)
    0x08000974   0x08000974   0x000000e4   Code   RO         7356    .text               mf_w.l(dmul.o)
    0x08000a58   0x08000a58   0x0000002e   Code   RO         7358    .text               mf_w.l(dscalb.o)
    0x08000a86   0x08000a86   0x000000a2   Code   RO         7360    .text               mf_w.l(dsqrt.o)
    0x08000b28   0x08000b28   0x00000030   Code   RO         7362    .text               mf_w.l(dfixul.o)
    0x08000b58   0x08000b58   0x00000030   Code   RO         7366    .text               mf_w.l(cdrcmple.o)
    0x08000b88   0x08000b88   0x00000024   Code   RO         7368    .text               mc_w.l(init.o)
    0x08000bac   0x08000bac   0x0000001e   Code   RO         7370    .text               mc_w.l(llshl.o)
    0x08000bca   0x08000bca   0x00000020   Code   RO         7372    .text               mc_w.l(llushr.o)
    0x08000bea   0x08000bea   0x00000024   Code   RO         7374    .text               mc_w.l(llsshr.o)
    0x08000c0e   0x08000c0e   0x00000002   Code   RO            1    i.App_TCBInitHook   app_hooks.o
    0x08000c10   0x08000c10   0x00000002   Code   RO            2    i.App_TaskCreateHook  app_hooks.o
    0x08000c12   0x08000c12   0x00000002   Code   RO            3    i.App_TaskDelHook   app_hooks.o
    0x08000c14   0x08000c14   0x00000002   Code   RO            4    i.App_TaskIdleHook  app_hooks.o
    0x08000c16   0x08000c16   0x00000002   Code   RO            5    i.App_TaskReturnHook  app_hooks.o
    0x08000c18   0x08000c18   0x00000002   Code   RO            6    i.App_TaskStatHook  app_hooks.o
    0x08000c1a   0x08000c1a   0x00000002   Code   RO            7    i.App_TaskSwHook    app_hooks.o
    0x08000c1c   0x08000c1c   0x00000002   Code   RO            8    i.App_TimeTickHook  app_hooks.o
    0x08000c1e   0x08000c1e   0x00000020   Code   RO         4831    i.Board_Init        final.o
    0x08000c3e   0x08000c3e   0x0000003e   Code   RO         4980    i.Delay_Init        delay.o
    0x08000c7c   0x08000c7c   0x0000002c   Code   RO         4983    i.Delay_us          delay.o
    0x08000ca8   0x08000ca8   0x00000064   Code   RO         4735    i.GPIO_Config       pwm.o
    0x08000d0c   0x08000d0c   0x00000090   Code   RO         1610    i.GPIO_Init         stm32f4xx_gpio.o
    0x08000d9c   0x08000d9c   0x00000046   Code   RO         1611    i.GPIO_PinAFConfig  stm32f4xx_gpio.o
    0x08000de2   0x08000de2   0x00000012   Code   RO         1614    i.GPIO_ReadInputDataBit  stm32f4xx_gpio.o
    0x08000df4   0x08000df4   0x00000004   Code   RO         1618    i.GPIO_SetBits      stm32f4xx_gpio.o
    0x08000df8   0x08000df8   0x0000000c   Code   RO         1622    i.GPIO_WriteBit     stm32f4xx_gpio.o
    0x08000e04   0x08000e04   0x00000010   Code   RO         4425    i.GY86_Init         gy86.o
    0x08000e14   0x08000e14   0x00000022   Code   RO         4426    i.GY86_MS5611_SendCMD  gy86.o
    0x08000e36   0x08000e36   0x00000042   Code   RO         4427    i.GY86_ReadReg      gy86.o
    0x08000e78   0x08000e78   0x00000030   Code   RO         4428    i.GY86_WriteReg     gy86.o
    0x08000ea8   0x08000ea8   0x00000054   Code   RO         4429    i.HMC5883L_GetData  gy86.o
    0x08000efc   0x08000efc   0x00000036   Code   RO         4430    i.HMC5883L_Init     gy86.o
    0x08000f32   0x08000f32   0x00000002   PAD
    0x08000f34   0x08000f34   0x000000f4   Code   RO         4892    i.InnerLoop_Update  pid.o
    0x08001028   0x08001028   0x0000000c   Code   RO         4736    i.MOTOR_Init        pwm.o
    0x08001034   0x08001034   0x000000a2   Code   RO         4431    i.MPU6050_GetData   gy86.o
    0x080010d6   0x080010d6   0x00000044   Code   RO         4432    i.MPU6050_Init      gy86.o
    0x0800111a   0x0800111a   0x0000000a   Code   RO         4436    i.MS5611_Reset      gy86.o
    0x08001124   0x08001124   0x00000e60   Code   RO         4954    i.MadgwickUpdate    madgwick.o
    0x08001f84   0x08001f84   0x00000030   Code   RO         5982    i.Mutex_Init        mytasks.o
    0x08001fb4   0x08001fb4   0x00000040   Code   RO         4437    i.MyI2C_Init        gy86.o
    0x08001ff4   0x08001ff4   0x0000001e   Code   RO         4438    i.MyI2C_ReceiveAck  gy86.o
    0x08002012   0x08002012   0x00000034   Code   RO         4439    i.MyI2C_ReceiveByte  gy86.o
    0x08002046   0x08002046   0x00000018   Code   RO         4440    i.MyI2C_SendAck     gy86.o
    0x0800205e   0x0800205e   0x0000002a   Code   RO         4441    i.MyI2C_SendByte    gy86.o
    0x08002088   0x08002088   0x0000001c   Code   RO         4442    i.MyI2C_Start       gy86.o
    0x080020a4   0x080020a4   0x00000016   Code   RO         4443    i.MyI2C_Stop        gy86.o
    0x080020ba   0x080020ba   0x00000002   PAD
    0x080020bc   0x080020bc   0x00000078   Code   RO          132    i.NVIC_Init         misc.o
    0x08002134   0x08002134   0x00000014   Code   RO          133    i.NVIC_PriorityGroupConfig  misc.o
    0x08002148   0x08002148   0x0000002a   Code   RO         4581    i.OLED_Clear        oled.o
    0x08002172   0x08002172   0x00000002   PAD
    0x08002174   0x08002174   0x00000050   Code   RO         4582    i.OLED_I2C_Init     oled.o
    0x080021c4   0x080021c4   0x00000036   Code   RO         4583    i.OLED_I2C_SendByte  oled.o
    0x080021fa   0x080021fa   0x0000001c   Code   RO         4584    i.OLED_I2C_Start    oled.o
    0x08002216   0x08002216   0x00000016   Code   RO         4585    i.OLED_I2C_Stop     oled.o
    0x0800222c   0x0800222c   0x000000ae   Code   RO         4586    i.OLED_Init         oled.o
    0x080022da   0x080022da   0x00000022   Code   RO         4588    i.OLED_SetCursor    oled.o
    0x080022fc   0x080022fc   0x0000001c   Code   RO         4595    i.OLED_W_SCL        oled.o
    0x08002318   0x08002318   0x0000001c   Code   RO         4596    i.OLED_W_SDA        oled.o
    0x08002334   0x08002334   0x00000020   Code   RO         4597    i.OLED_WriteCommand  oled.o
    0x08002354   0x08002354   0x00000020   Code   RO         4598    i.OLED_WriteData    oled.o
    0x08002374   0x08002374   0x0000015c   Code   RO         5331    i.OSDebugInit       os_dbg_r.o
    0x080024d0   0x080024d0   0x00000080   Code   RO         5121    i.OSEventNameSet    os_core.o
    0x08002550   0x08002550   0x00000034   Code   RO         5123    i.OSInit            os_core.o
    0x08002584   0x08002584   0x00000002   Code   RO         5020    i.OSInitHookEnd     os_cpu_c.o
    0x08002586   0x08002586   0x00000002   PAD
    0x08002588   0x08002588   0x0000002c   Code   RO         5124    i.OSIntEnter        os_core.o
    0x080025b4   0x080025b4   0x000000b0   Code   RO         5125    i.OSIntExit         os_core.o
    0x08002664   0x08002664   0x00000048   Code   RO         5126    i.OSSchedLock       os_core.o
    0x080026ac   0x080026ac   0x00000070   Code   RO         5127    i.OSSchedUnlock     os_core.o
    0x0800271c   0x0800271c   0x00000068   Code   RO         5650    i.OSSemCreate       os_sem.o
    0x08002784   0x08002784   0x00000150   Code   RO         5652    i.OSSemPend         os_sem.o
    0x080028d4   0x080028d4   0x000000a0   Code   RO         5654    i.OSSemPost         os_sem.o
    0x08002974   0x08002974   0x00000048   Code   RO         5128    i.OSStart           os_core.o
    0x080029bc   0x080029bc   0x0000000c   Code   RO         5021    i.OSTCBInitHook     os_cpu_c.o
    0x080029c8   0x080029c8   0x00000114   Code   RO         5704    i.OSTaskCreate      os_task.o
    0x08002adc   0x08002adc   0x00000128   Code   RO         5705    i.OSTaskCreateExt   os_task.o
    0x08002c04   0x08002c04   0x0000000c   Code   RO         5022    i.OSTaskCreateHook  os_cpu_c.o
    0x08002c10   0x08002c10   0x00000190   Code   RO         5706    i.OSTaskDel         os_task.o
    0x08002da0   0x08002da0   0x0000000c   Code   RO         5023    i.OSTaskDelHook     os_cpu_c.o
    0x08002dac   0x08002dac   0x00000008   Code   RO         5024    i.OSTaskIdleHook    os_cpu_c.o
    0x08002db4   0x08002db4   0x000000ac   Code   RO         5709    i.OSTaskNameSet     os_task.o
    0x08002e60   0x08002e60   0x0000000c   Code   RO         5025    i.OSTaskReturnHook  os_cpu_c.o
    0x08002e6c   0x08002e6c   0x00000008   Code   RO         5026    i.OSTaskStatHook    os_cpu_c.o
    0x08002e74   0x08002e74   0x000000b0   Code   RO         5715    i.OSTaskStkChk      os_task.o
    0x08002f24   0x08002f24   0x000000b0   Code   RO         5027    i.OSTaskStkInit     os_cpu_c.o
    0x08002fd4   0x08002fd4   0x000000d4   Code   RO         5716    i.OSTaskSuspend     os_task.o
    0x080030a8   0x080030a8   0x00000014   Code   RO         5028    i.OSTaskSwHook      os_cpu_c.o
    0x080030bc   0x080030bc   0x0000008c   Code   RO         5805    i.OSTimeDly         os_time.o
    0x08003148   0x08003148   0x00000084   Code   RO         5806    i.OSTimeDlyHMSM     os_time.o
    0x080031cc   0x080031cc   0x00000028   Code   RO         5808    i.OSTimeGet         os_time.o
    0x080031f4   0x080031f4   0x00000110   Code   RO         5130    i.OSTimeTick        os_core.o
    0x08003304   0x08003304   0x00000028   Code   RO         5029    i.OSTimeTickHook    os_cpu_c.o
    0x0800332c   0x0800332c   0x00000014   Code   RO         5845    i.OSTmrSignal       os_tmr.o
    0x08003340   0x08003340   0x000000f4   Code   RO         5851    i.OSTmr_Init        os_tmr.o
    0x08003434   0x08003434   0x00000050   Code   RO         5852    i.OSTmr_InitTask    os_tmr.o
    0x08003484   0x08003484   0x00000074   Code   RO         5853    i.OSTmr_Link        os_tmr.o
    0x080034f8   0x080034f8   0x00000094   Code   RO         5854    i.OSTmr_Task        os_tmr.o
    0x0800358c   0x0800358c   0x00000048   Code   RO         5855    i.OSTmr_Unlink      os_tmr.o
    0x080035d4   0x080035d4   0x00000038   Code   RO         5030    i.OS_CPU_SysTickInit  os_cpu_c.o
    0x0800360c   0x0800360c   0x00000002   Code   RO         5132    i.OS_Dummy          os_core.o
    0x0800360e   0x0800360e   0x00000002   PAD
    0x08003610   0x08003610   0x0000009c   Code   RO         5133    i.OS_EventTaskRdy   os_core.o
    0x080036ac   0x080036ac   0x0000002e   Code   RO         5134    i.OS_EventTaskRemove  os_core.o
    0x080036da   0x080036da   0x0000003a   Code   RO         5135    i.OS_EventTaskRemoveMulti  os_core.o
    0x08003714   0x08003714   0x00000088   Code   RO         5136    i.OS_EventTaskWait  os_core.o
    0x0800379c   0x0800379c   0x0000001c   Code   RO         5138    i.OS_EventWaitListInit  os_core.o
    0x080037b8   0x080037b8   0x00000058   Code   RO         5356    i.OS_FlagInit       os_flag.o
    0x08003810   0x08003810   0x00000024   Code   RO         5358    i.OS_FlagUnlink     os_flag.o
    0x08003834   0x08003834   0x00000060   Code   RO         5139    i.OS_InitEventList  os_core.o
    0x08003894   0x08003894   0x0000005c   Code   RO         5140    i.OS_InitMisc       os_core.o
    0x080038f0   0x080038f0   0x00000044   Code   RO         5141    i.OS_InitRdyList    os_core.o
    0x08003934   0x08003934   0x00000080   Code   RO         5142    i.OS_InitTCBList    os_core.o
    0x080039b4   0x080039b4   0x00000050   Code   RO         5143    i.OS_InitTaskIdle   os_core.o
    0x08003a04   0x08003a04   0x00000050   Code   RO         5144    i.OS_InitTaskStat   os_core.o
    0x08003a54   0x08003a54   0x00000012   Code   RO         5145    i.OS_MemClr         os_core.o
    0x08003a66   0x08003a66   0x00000002   PAD
    0x08003a68   0x08003a68   0x00000058   Code   RO         5488    i.OS_MemInit        os_mem.o
    0x08003ac0   0x08003ac0   0x00000050   Code   RO         5587    i.OS_QInit          os_q.o
    0x08003b10   0x08003b10   0x00000080   Code   RO         5147    i.OS_Sched          os_core.o
    0x08003b90   0x08003b90   0x0000002c   Code   RO         5148    i.OS_SchedNew       os_core.o
    0x08003bbc   0x08003bbc   0x0000016c   Code   RO         5150    i.OS_TCBInit        os_core.o
    0x08003d28   0x08003d28   0x00000030   Code   RO         5151    i.OS_TaskIdle       os_core.o
    0x08003d58   0x08003d58   0x00000018   Code   RO         5717    i.OS_TaskReturn     os_task.o
    0x08003d70   0x08003d70   0x000000f0   Code   RO         5152    i.OS_TaskStat       os_core.o
    0x08003e60   0x08003e60   0x0000003c   Code   RO         5153    i.OS_TaskStatStkChk  os_core.o
    0x08003e9c   0x08003e9c   0x0000001a   Code   RO         5718    i.OS_TaskStkClr     os_task.o
    0x08003eb6   0x08003eb6   0x00000002   PAD
    0x08003eb8   0x08003eb8   0x000000ec   Code   RO         4893    i.OuterLoop_Update  pid.o
    0x08003fa4   0x08003fa4   0x000000c2   Code   RO         4894    i.PID_Calculate     pid.o
    0x08004066   0x08004066   0x0000001e   Code   RO         4895    i.PID_Init          pid.o
    0x08004084   0x08004084   0x0000000e   Code   RO         4896    i.PID_Reset         pid.o
    0x08004092   0x08004092   0x00000002   PAD
    0x08004094   0x08004094   0x000000d8   Code   RO         4704    i.PPM_Init          ppm.o
    0x0800416c   0x0800416c   0x00000034   Code   RO         4738    i.PWM_SetCompare    pwm.o
    0x080041a0   0x080041a0   0x000000d4   Code   RO         4897    i.QuadPID_Init      pid.o
    0x08004274   0x08004274   0x000000f4   Code   RO         4898    i.QuadPID_MotorControl  pid.o
    0x08004368   0x08004368   0x0000013c   Code   RO         4955    i.Quaternion2Euler  madgwick.o
    0x080044a4   0x080044a4   0x00000020   Code   RO         2407    i.RCC_AHB1PeriphClockCmd  stm32f4xx_rcc.o
    0x080044c4   0x080044c4   0x00000020   Code   RO         2413    i.RCC_APB1PeriphClockCmd  stm32f4xx_rcc.o
    0x080044e4   0x080044e4   0x0000001c   Code   RO         4444    i.SCL_W             gy86.o
    0x08004500   0x08004500   0x0000001c   Code   RO         4445    i.SDA_R             gy86.o
    0x0800451c   0x0800451c   0x0000001c   Code   RO         4446    i.SDA_W             gy86.o
    0x08004538   0x08004538   0x000000c8   Code   RO         6157    i.SEGGER_RTT_AllocUpBuffer  segger_rtt.o
    0x08004600   0x08004600   0x00000078   Code   RO         6158    i.SEGGER_RTT_ConfigDownBuffer  segger_rtt.o
    0x08004678   0x08004678   0x000000ac   Code   RO         6171    i.SEGGER_RTT_ReadNoLock  segger_rtt.o
    0x08004724   0x08004724   0x000000a0   Code   RO         6185    i.SEGGER_RTT_WriteSkipNoLock  segger_rtt.o
    0x080047c4   0x080047c4   0x00000024   Code   RO         6135    i.SEGGER_SYSVIEW_Conf  segger_sysview_config_ucosii.o
    0x080047e8   0x080047e8   0x000000bc   Code   RO         6403    i.SEGGER_SYSVIEW_GetSysDesc  segger_sysview.o
    0x080048a4   0x080048a4   0x00000068   Code   RO         6408    i.SEGGER_SYSVIEW_Init  segger_sysview.o
    0x0800490c   0x0800490c   0x00000070   Code   RO         6414    i.SEGGER_SYSVIEW_NameResource  segger_sysview.o
    0x0800497c   0x0800497c   0x00000034   Code   RO         6415    i.SEGGER_SYSVIEW_OnIdle  segger_sysview.o
    0x080049b0   0x080049b0   0x00000064   Code   RO         6416    i.SEGGER_SYSVIEW_OnTaskCreate  segger_sysview.o
    0x08004a14   0x08004a14   0x00000064   Code   RO         6417    i.SEGGER_SYSVIEW_OnTaskStartExec  segger_sysview.o
    0x08004a78   0x08004a78   0x00000064   Code   RO         6418    i.SEGGER_SYSVIEW_OnTaskStartReady  segger_sysview.o
    0x08004adc   0x08004adc   0x00000084   Code   RO         6420    i.SEGGER_SYSVIEW_OnTaskStopReady  segger_sysview.o
    0x08004b60   0x08004b60   0x00000078   Code   RO         6428    i.SEGGER_SYSVIEW_RecordEndCallU32  segger_sysview.o
    0x08004bd8   0x08004bd8   0x00000064   Code   RO         6429    i.SEGGER_SYSVIEW_RecordEnterISR  segger_sysview.o
    0x08004c3c   0x08004c3c   0x00000034   Code   RO         6431    i.SEGGER_SYSVIEW_RecordExitISR  segger_sysview.o
    0x08004c70   0x08004c70   0x00000034   Code   RO         6432    i.SEGGER_SYSVIEW_RecordExitISRToScheduler  segger_sysview.o
    0x08004ca4   0x08004ca4   0x0000003c   Code   RO         6436    i.SEGGER_SYSVIEW_RecordSystime  segger_sysview.o
    0x08004ce0   0x08004ce0   0x0000005c   Code   RO         6437    i.SEGGER_SYSVIEW_RecordU32  segger_sysview.o
    0x08004d3c   0x08004d3c   0x0000007c   Code   RO         6439    i.SEGGER_SYSVIEW_RecordU32x2  segger_sysview.o
    0x08004db8   0x08004db8   0x00000038   Code   RO         6447    i.SEGGER_SYSVIEW_RecordVoid  segger_sysview.o
    0x08004df0   0x08004df0   0x000000b4   Code   RO         6451    i.SEGGER_SYSVIEW_SendModule  segger_sysview.o
    0x08004ea4   0x08004ea4   0x00000024   Code   RO         6452    i.SEGGER_SYSVIEW_SendModuleDescription  segger_sysview.o
    0x08004ec8   0x08004ec8   0x00000058   Code   RO         6453    i.SEGGER_SYSVIEW_SendNumModules  segger_sysview.o
    0x08004f20   0x08004f20   0x00000048   Code   RO         6456    i.SEGGER_SYSVIEW_SendSysDesc  segger_sysview.o
    0x08004f68   0x08004f68   0x0000010c   Code   RO         6457    i.SEGGER_SYSVIEW_SendTaskInfo  segger_sysview.o
    0x08005074   0x08005074   0x00000020   Code   RO         6458    i.SEGGER_SYSVIEW_SendTaskList  segger_sysview.o
    0x08005094   0x08005094   0x0000000c   Code   RO         6459    i.SEGGER_SYSVIEW_SetRAMBase  segger_sysview.o
    0x080050a0   0x080050a0   0x00000010   Code   RO         6460    i.SEGGER_SYSVIEW_ShrinkId  segger_sysview.o
    0x080050b0   0x080050b0   0x000000fc   Code   RO         6461    i.SEGGER_SYSVIEW_Start  segger_sysview.o
    0x080051ac   0x080051ac   0x00000044   Code   RO         6462    i.SEGGER_SYSVIEW_Stop  segger_sysview.o
    0x080051f0   0x080051f0   0x00000080   Code   RO         6471    i.SEGGER_SYSVIEW_Warn  segger_sysview.o
    0x08005270   0x08005270   0x000000a4   Code   RO         6041    i.SYSVIEW_AddTask   segger_sysview_ucosii.o
    0x08005314   0x08005314   0x0000007c   Code   RO         6042    i.SYSVIEW_RecordU32Register  segger_sysview_ucosii.o
    0x08005390   0x08005390   0x00000050   Code   RO         6045    i.SYSVIEW_SendResourceList  segger_sysview_ucosii.o
    0x080053e0   0x080053e0   0x00000032   Code   RO         6046    i.SYSVIEW_SendTaskInfo  segger_sysview_ucosii.o
    0x08005412   0x08005412   0x00000002   PAD
    0x08005414   0x08005414   0x0000001c   Code   RO         6047    i.SYSVIEW_TaskReady  segger_sysview_ucosii.o
    0x08005430   0x08005430   0x0000001c   Code   RO         6048    i.SYSVIEW_TaskSuspend  segger_sysview_ucosii.o
    0x0800544c   0x0800544c   0x00000020   Code   RO         6049    i.SYSVIEW_TaskSwitchedIn  segger_sysview_ucosii.o
    0x0800546c   0x0800546c   0x0000005c   Code   RO         6050    i.SYSVIEW_UpdateResource  segger_sysview_ucosii.o
    0x080054c8   0x080054c8   0x0000009c   Code   RO         6051    i.SYSVIEW_UpdateTask  segger_sysview_ucosii.o
    0x08005564   0x08005564   0x00000026   Code   RO         5032    i.SysTick_Handler   os_cpu_c.o
    0x0800558a   0x0800558a   0x00000002   PAD
    0x0800558c   0x0800558c   0x000000d8   Code   RO          117    i.SystemInit        system.o
    0x08005664   0x08005664   0x0000003a   Code   RO         3628    i.TI1_Config        stm32f4xx_tim.o
    0x0800569e   0x0800569e   0x00000050   Code   RO         3629    i.TI2_Config        stm32f4xx_tim.o
    0x080056ee   0x080056ee   0x00000048   Code   RO         3630    i.TI3_Config        stm32f4xx_tim.o
    0x08005736   0x08005736   0x00000050   Code   RO         3631    i.TI4_Config        stm32f4xx_tim.o
    0x08005786   0x08005786   0x00000002   PAD
    0x08005788   0x08005788   0x00000130   Code   RO         4739    i.TIM1_Config       pwm.o
    0x080058b8   0x080058b8   0x00000064   Code   RO         4705    i.TIM3_IRQHandler   ppm.o
    0x0800591c   0x0800591c   0x00000006   Code   RO         3639    i.TIM_ClearITPendingBit  stm32f4xx_tim.o
    0x08005922   0x08005922   0x00000018   Code   RO         3644    i.TIM_Cmd           stm32f4xx_tim.o
    0x0800593a   0x0800593a   0x00000022   Code   RO         3665    i.TIM_GetITStatus   stm32f4xx_tim.o
    0x0800595c   0x0800595c   0x0000006e   Code   RO         3667    i.TIM_ICInit        stm32f4xx_tim.o
    0x080059ca   0x080059ca   0x00000012   Code   RO         3669    i.TIM_ITConfig      stm32f4xx_tim.o
    0x080059dc   0x080059dc   0x00000012   Code   RO         3698    i.TIM_SelectInputTrigger  stm32f4xx_tim.o
    0x080059ee   0x080059ee   0x00000012   Code   RO         3703    i.TIM_SelectSlaveMode  stm32f4xx_tim.o
    0x08005a00   0x08005a00   0x00000012   Code   RO         3711    i.TIM_SetIC1Prescaler  stm32f4xx_tim.o
    0x08005a12   0x08005a12   0x0000001a   Code   RO         3712    i.TIM_SetIC2Prescaler  stm32f4xx_tim.o
    0x08005a2c   0x08005a2c   0x00000012   Code   RO         3713    i.TIM_SetIC3Prescaler  stm32f4xx_tim.o
    0x08005a3e   0x08005a3e   0x0000001a   Code   RO         3714    i.TIM_SetIC4Prescaler  stm32f4xx_tim.o
    0x08005a58   0x08005a58   0x00000084   Code   RO         3716    i.TIM_TimeBaseInit  stm32f4xx_tim.o
    0x08005adc   0x08005adc   0x000000a0   Code   RO         5983    i.Task_Angle        mytasks.o
    0x08005b7c   0x08005b7c   0x0000009c   Code   RO         5984    i.Task_COM          mytasks.o
    0x08005c18   0x08005c18   0x000000c0   Code   RO         5985    i.Task_Inner        mytasks.o
    0x08005cd8   0x08005cd8   0x000000d4   Code   RO         5986    i.Task_Outer        mytasks.o
    0x08005dac   0x08005dac   0x00000080   Code   RO         5987    i.Task_Startup      mytasks.o
    0x08005e2c   0x08005e2c   0x00000034   Code   RO         4786    i.USART1_IRQHandler  usart.o
    0x08005e60   0x08005e60   0x00000164   Code   RO         4787    i.USART_Config      usart.o
    0x08005fc4   0x08005fc4   0x00000060   Code   RO         4788    i.USART_GPIO_Init   usart.o
    0x08006024   0x08006024   0x00000018   Code   RO         4789    i.USART_SendByte    usart.o
    0x0800603c   0x0800603c   0x00000070   Code   RO         6188    i._DoInit           segger_rtt.o
    0x080060ac   0x080060ac   0x00000036   Code   RO         6476    i._EncodeStr        segger_sysview.o
    0x080060e2   0x080060e2   0x00000002   PAD
    0x080060e4   0x080060e4   0x000000a8   Code   RO         6477    i._HandleIncomingPacket  segger_sysview.o
    0x0800618c   0x0800618c   0x00000006   Code   RO         6478    i._PreparePacket    segger_sysview.o
    0x08006192   0x08006192   0x00000002   PAD
    0x08006194   0x08006194   0x000001e8   Code   RO         6481    i._SendPacket       segger_sysview.o
    0x0800637c   0x0800637c   0x0000008c   Code   RO         6483    i._TrySendOverflowPacket  segger_sysview.o
    0x08006408   0x08006408   0x00000020   Code   RO         7242    i.__0printf         mc_w.l(printfa.o)
    0x08006428   0x08006428   0x00000028   Code   RO         7318    i.__ARM_fpclassify  m_ws.l(fpclassify.o)
    0x08006450   0x08006450   0x000000aa   Code   RO         7320    i.__kernel_poly     m_ws.l(poly.o)
    0x080064fa   0x080064fa   0x00000006   Code   RO         7305    i.__mathlib_dbl_infnan  m_ws.l(dunder.o)
    0x08006500   0x08006500   0x00000004   Code   RO         7306    i.__mathlib_dbl_infnan2  m_ws.l(dunder.o)
    0x08006504   0x08006504   0x0000000c   Code   RO         7307    i.__mathlib_dbl_invalid  m_ws.l(dunder.o)
    0x08006510   0x08006510   0x00000010   Code   RO         7310    i.__mathlib_dbl_underflow  m_ws.l(dunder.o)
    0x08006520   0x08006520   0x0000000e   Code   RO         7378    i.__scatterload_copy  mc_w.l(handlers.o)
    0x0800652e   0x0800652e   0x00000002   Code   RO         7379    i.__scatterload_null  mc_w.l(handlers.o)
    0x08006530   0x08006530   0x0000000e   Code   RO         7380    i.__scatterload_zeroinit  mc_w.l(handlers.o)
    0x0800653e   0x0800653e   0x00000002   PAD
    0x08006540   0x08006540   0x0000000c   Code   RO         7344    i.__set_errno       mc_w.l(errno.o)
    0x0800654c   0x0800654c   0x00000014   Code   RO         6052    i._cbGetTime        segger_sysview_ucosii.o
    0x08006560   0x08006560   0x00000068   Code   RO         6136    i._cbSendSystemDesc  segger_sysview_config_ucosii.o
    0x080065c8   0x080065c8   0x00000054   Code   RO         6053    i._cbSendTaskList   segger_sysview_ucosii.o
    0x0800661c   0x0800661c   0x00000184   Code   RO         7249    i._fp_digits        mc_w.l(printfa.o)
    0x080067a0   0x080067a0   0x000006dc   Code   RO         7250    i._printf_core      mc_w.l(printfa.o)
    0x08006e7c   0x08006e7c   0x00000024   Code   RO         7251    i._printf_post_padding  mc_w.l(printfa.o)
    0x08006ea0   0x08006ea0   0x0000002e   Code   RO         7252    i._printf_pre_padding  mc_w.l(printfa.o)
    0x08006ece   0x08006ece   0x00000002   PAD
    0x08006ed0   0x08006ed0   0x00000270   Code   RO         6973    i.asin              m_ws.l(asin.o)
    0x08007140   0x08007140   0x00000220   Code   RO         7295    i.atan              m_ws.l(atan.o)
    0x08007360   0x08007360   0x00000180   Code   RO         6983    i.atan2             m_ws.l(atan2.o)
    0x080074e0   0x080074e0   0x00000010   Code   RO         4790    i.fputc             usart.o
    0x080074f0   0x080074f0   0x00000040   Code   RO         5931    i.main              main.o
    0x08007530   0x08007530   0x0000004c   Code   RO         6991    i.sqrt              m_ws.l(sqrt.o)
    0x0800757c   0x0800757c   0x00000100   Data   RO         5155    .constdata          os_core.o
    0x0800767c   0x0800767c   0x00000076   Data   RO         5332    .constdata          os_dbg_r.o
    0x080076f2   0x080076f2   0x00000002   PAD
    0x080076f4   0x080076f4   0x00000008   Data   RO         6055    .constdata          segger_sysview_ucosii.o
    0x080076fc   0x080076fc   0x00000021   Data   RO         6194    .constdata          segger_rtt.o
    0x0800771d   0x0800771d   0x0000001a   Data   RO         6487    .constdata          segger_sysview.o
    0x08007737   0x08007737   0x00000001   PAD
    0x08007738   0x08007738   0x00000050   Data   RO         6974    .constdata          m_ws.l(asin.o)
    0x08007788   0x08007788   0x00000098   Data   RO         7296    .constdata          m_ws.l(atan.o)
    0x08007820   0x08007820   0x00000008   Data   RO         7322    .constdata          m_ws.l(qnan.o)
    0x08007828   0x08007828   0x000000a4   Data   RO         6056    .conststring        segger_sysview_ucosii.o
    0x080078cc   0x080078cc   0x00000020   Data   RO         7376    Region$$Table       anon$$obj.o


    Execution Region RW_IRAM1 (Exec base: 0x20000000, Load base: 0x080078ec, Size: 0x00005230, Max: 0x00018000, ABSOLUTE)

    Exec Addr    Load Addr    Size         Type   Attr      Idx    E Section Name        Object

    0x20000000   0x080078ec   0x00000003   Data   RW         4707    .data               ppm.o
    0x20000003   0x080078ef   0x00000001   PAD
    0x20000004   0x080078f0   0x00000004   Data   RW         4791    .data               usart.o
    0x20000008   0x080078f4   0x00000018   Data   RW         4836    .data               final.o
    0x20000020   0x0800790c   0x00000018   Data   RW         4957    .data               madgwick.o
    0x20000038   0x08007924   0x0000000c   Data   RW         5034    .data               os_cpu_c.o
    0x20000044   0x08007930   0x00000064   Data   RW         5156    .data               os_core.o
    0x200000a8   0x08007994   0x0000000d   Data   RW         5989    .data               mytasks.o
    0x200000b5   0x080079a1   0x00000003   PAD
    0x200000b8   0x080079a4   0x00000008   Data   RW         6057    .data               segger_sysview_ucosii.o
    0x200000c0   0x080079ac   0x00000015   Data   RW         6488    .data               segger_sysview.o
    0x200000d5   0x080079c1   0x00000003   PAD
    0x200000d8   0x080079c4   0x00000004   Data   RW         7337    .data               mc_w.l(stdout.o)
    0x200000dc   0x080079c8   0x00000004   Data   RW         7345    .data               mc_w.l(errno.o)
    0x200000e0        -       0x00000010   Zero   RW         4706    .bss                ppm.o
    0x200000f0        -       0x00000140   Zero   RW         4835    .bss                final.o
    0x20000230        -       0x00000400   Zero   RW         5033    .bss                os_cpu_c.o
    0x20000630        -       0x000013b8   Zero   RW         5154    .bss                os_core.o
    0x200019e8        -       0x00000a00   Zero   RW         5988    .bss                mytasks.o
    0x200023e8        -       0x00000880   Zero   RW         6054    .bss                segger_sysview_ucosii.o
    0x20002c68        -       0x000010b8   Zero   RW         6193    .bss                segger_rtt.o
    0x20003d20        -       0x0000110b   Zero   RW         6486    .bss                segger_sysview.o
    0x20004e2b   0x080079cc   0x00000005   PAD
    0x20004e30        -       0x00000400   Zero   RW          109    STACK               startup.o


==============================================================================

Image component sizes


      Code (inc. data)   RO Data    RW Data    ZI Data      Debug   Object Name

        16          0          0          0          0      21756   app_hooks.o
       106          0          0          0          0        920   delay.o
        32          0          0         24        320       2016   final.o
       888         22          0          0          0      16668   gy86.o
      3996         98          0         24          0       3480   madgwick.o
        64         20          0          0          0        407   main.o
       140         24          0          0          0     212519   misc.o
       896        238          0         13       2560       4143   mytasks.o
       554         12          0          0          0       5186   oled.o
      2800        428        256        100       5048      23602   os_core.o
       276         32          0          0          0        300   os_cpu_a.o
       396         22          0         12       1024      15586   os_cpu_c.o
       348        230        118          0          0       3313   os_dbg_r.o
       124         14          0          0          0       1082   os_flag.o
        88         14          0          0          0        481   os_mem.o
        80          8          0          0          0        503   os_q.o
       600         24          0          0          0       2318   os_sem.o
      1582        118          0          0          0       6472   os_task.o
       312         36          0          0          0       1808   os_time.o
       680        136          0          0          0       3495   os_tmr.o
      1174         46          0          0          0       4623   pid.o
       316         28          0          3         16      22876   ppm.o
       468         24          0          0          0       1778   pwm.o
       764         54         33          0       4280       9456   segger_rtt.o
      3552        238         26         21       4363      34509   segger_sysview.o
       140         90          0          0          0        986   segger_sysview_config_ucosii.o
       858         82        172          8       2176       8041   segger_sysview_ucosii.o
        36          8        392          0       1024        768   startup.o
       248          0          0          0          0       9890   stm32f4xx_gpio.o
        64         12          0          0          0       1018   stm32f4xx_rcc.o
       738         28          0          0          0      29114   stm32f4xx_tim.o
       216         10          0          0          0        449   system.o
       544         54          0          4          0       2599   usart.o

    ----------------------------------------------------------------------
     23122       2150       1032        216      20816     452162   Object Totals
         0          0         32          0          0          0   (incl. Generated)
        26          0          3          7          5          0   (incl. Padding)

    ----------------------------------------------------------------------

      Code (inc. data)   RO Data    RW Data    ZI Data      Debug   Library Member Name

       624         52         80          0          0        168   asin.o
       544         70        152          0          0        124   atan.o
       384         38          0          0          0        144   atan2.o
        38          6          0          0          0        272   dunder.o
        40          0          0          0          0         68   fpclassify.o
       170          0          0          0          0         96   poly.o
         0          0          8          0          0          0   qnan.o
        76          0          0          0          0         84   sqrt.o
         0          0          0          0          0          0   entry.o
         0          0          0          0          0          0   entry10a.o
         0          0          0          0          0          0   entry11a.o
         8          4          0          0          0          0   entry2.o
         4          0          0          0          0          0   entry5.o
         0          0          0          0          0          0   entry7b.o
         0          0          0          0          0          0   entry8b.o
         8          4          0          0          0          0   entry9a.o
        12          6          0          4          0         68   errno.o
        30          0          0          0          0          0   handlers.o
        36          8          0          0          0         68   init.o
         0          0          0          0          0          0   iusefp.o
        30          0          0          0          0         68   llshl.o
        36          0          0          0          0         68   llsshr.o
        32          0          0          0          0         68   llushr.o
        36          0          0          0          0         68   memcpya.o
        36          0          0          0          0        108   memseta.o
      2258         90          0          0          0        452   printfa.o
         0          0          0          4          0          0   stdout.o
        44          0          0          0          0         80   uidiv.o
        98          0          0          0          0         92   uldiv.o
        48          0          0          0          0         68   cdrcmple.o
        20          0          0          0          0         68   cfcmple.o
        20          0          0          0          0         68   cfrcmple.o
        56          0          0          0          0         88   d2f.o
       334          0          0          0          0        148   dadd.o
       222          0          0          0          0        100   ddiv.o
       186          0          0          0          0        176   depilogue.o
        48          0          0          0          0         68   dfixul.o
        26          0          0          0          0         76   dfltui.o
       228          0          0          0          0         96   dmul.o
        46          0          0          0          0         80   dscalb.o
       162          0          0          0          0        100   dsqrt.o
        38          0          0          0          0         68   f2d.o
       176          0          0          0          0        140   fadd.o
       124          0          0          0          0         88   fdiv.o
       110          0          0          0          0        168   fepilogue.o
        40          0          0          0          0         68   ffixui.o
        18          0          0          0          0         68   fflti.o
        10          0          0          0          0         68   ffltui.o
       100          0          0          0          0         76   fmul.o

    ----------------------------------------------------------------------
      6562        278        240          8          0       3976   Library Totals
         6          0          0          0          0          0   (incl. Padding)

    ----------------------------------------------------------------------

      Code (inc. data)   RO Data    RW Data    ZI Data      Debug   Library Name

      1876        166        240          0          0        956   m_ws.l
      2668        112          0          8          0       1140   mc_w.l
      2012          0          0          0          0       1880   mf_w.l

    ----------------------------------------------------------------------
      6562        278        240          8          0       3976   Library Totals

    ----------------------------------------------------------------------

==============================================================================


      Code (inc. data)   RO Data    RW Data    ZI Data      Debug   

     29684       2428       1272        224      20816     443550   Grand Totals
     29684       2428       1272        224      20816     443550   ELF Image Totals
     29684       2428       1272        224          0          0   ROM Totals

==============================================================================

    Total RO  Size (Code + RO Data)                30956 (  30.23kB)
    Total RW  Size (RW Data + ZI Data)             21040 (  20.55kB)
    Total ROM Size (Code + RO Data + RW Data)      31180 (  30.45kB)

==============================================================================

