Component: ARM Compiler 5.06 update 5 (build 528) Tool: armlink [4d35e2]

==============================================================================

Section Cross References

    startup.o(RESET) refers to startup.o(STACK) for __initial_sp
    startup.o(RESET) refers to startup.o(.text) for Reset_Handler
    startup.o(RESET) refers to os_cpu_a.o(.text) for OS_CPU_PendSVHandler
    startup.o(RESET) refers to os_cpu_c.o(i.SysTick_Handler) for SysTick_Handler
    startup.o(RESET) refers to tim_sched.o(i.TIM2_IRQHandler) for TIM2_IRQHandler
    startup.o(RESET) refers to ppm.o(i.TIM3_IRQHandler) for TIM3_IRQHandler
    startup.o(RESET) refers to usart.o(i.USART1_IRQHandler) for USART1_IRQHandler
    startup.o(.text) refers to system.o(i.SystemInit) for SystemInit
    startup.o(.text) refers to entry.o(.ARM.Collect$$$$00000000) for __main
    stm32f4xx_adc.o(i.ADC_DeInit) refers to stm32f4xx_rcc.o(i.RCC_APB2PeriphResetCmd) for RCC_APB2PeriphResetCmd
    stm32f4xx_can.o(i.CAN_DeInit) refers to stm32f4xx_rcc.o(i.RCC_APB1PeriphResetCmd) for RCC_APB1PeriphResetCmd
    stm32f4xx_can.o(i.CAN_GetITStatus) refers to stm32f4xx_can.o(i.CheckITStatus) for CheckITStatus
    stm32f4xx_cryp.o(i.CRYP_DeInit) refers to stm32f4xx_rcc.o(i.RCC_AHB2PeriphResetCmd) for RCC_AHB2PeriphResetCmd
    stm32f4xx_dac.o(i.DAC_DeInit) refers to stm32f4xx_rcc.o(i.RCC_APB1PeriphResetCmd) for RCC_APB1PeriphResetCmd
    stm32f4xx_dma2d.o(i.DMA2D_DeInit) refers to stm32f4xx_rcc.o(i.RCC_AHB1PeriphResetCmd) for RCC_AHB1PeriphResetCmd
    stm32f4xx_flash.o(i.FLASH_EraseAllBank1Sectors) refers to stm32f4xx_flash.o(i.FLASH_WaitForLastOperation) for FLASH_WaitForLastOperation
    stm32f4xx_flash.o(i.FLASH_EraseAllBank2Sectors) refers to stm32f4xx_flash.o(i.FLASH_WaitForLastOperation) for FLASH_WaitForLastOperation
    stm32f4xx_flash.o(i.FLASH_EraseAllSectors) refers to stm32f4xx_flash.o(i.FLASH_WaitForLastOperation) for FLASH_WaitForLastOperation
    stm32f4xx_flash.o(i.FLASH_EraseSector) refers to stm32f4xx_flash.o(i.FLASH_WaitForLastOperation) for FLASH_WaitForLastOperation
    stm32f4xx_flash.o(i.FLASH_OB_Launch) refers to stm32f4xx_flash.o(i.FLASH_WaitForLastOperation) for FLASH_WaitForLastOperation
    stm32f4xx_flash.o(i.FLASH_OB_PCROP1Config) refers to stm32f4xx_flash.o(i.FLASH_WaitForLastOperation) for FLASH_WaitForLastOperation
    stm32f4xx_flash.o(i.FLASH_OB_PCROPConfig) refers to stm32f4xx_flash.o(i.FLASH_WaitForLastOperation) for FLASH_WaitForLastOperation
    stm32f4xx_flash.o(i.FLASH_OB_RDPConfig) refers to stm32f4xx_flash.o(i.FLASH_WaitForLastOperation) for FLASH_WaitForLastOperation
    stm32f4xx_flash.o(i.FLASH_OB_UserConfig) refers to stm32f4xx_flash.o(i.FLASH_WaitForLastOperation) for FLASH_WaitForLastOperation
    stm32f4xx_flash.o(i.FLASH_OB_WRP1Config) refers to stm32f4xx_flash.o(i.FLASH_WaitForLastOperation) for FLASH_WaitForLastOperation
    stm32f4xx_flash.o(i.FLASH_OB_WRPConfig) refers to stm32f4xx_flash.o(i.FLASH_WaitForLastOperation) for FLASH_WaitForLastOperation
    stm32f4xx_flash.o(i.FLASH_ProgramByte) refers to stm32f4xx_flash.o(i.FLASH_WaitForLastOperation) for FLASH_WaitForLastOperation
    stm32f4xx_flash.o(i.FLASH_ProgramDoubleWord) refers to stm32f4xx_flash.o(i.FLASH_WaitForLastOperation) for FLASH_WaitForLastOperation
    stm32f4xx_flash.o(i.FLASH_ProgramHalfWord) refers to stm32f4xx_flash.o(i.FLASH_WaitForLastOperation) for FLASH_WaitForLastOperation
    stm32f4xx_flash.o(i.FLASH_ProgramWord) refers to stm32f4xx_flash.o(i.FLASH_WaitForLastOperation) for FLASH_WaitForLastOperation
    stm32f4xx_flash.o(i.FLASH_WaitForLastOperation) refers to stm32f4xx_flash.o(i.FLASH_GetStatus) for FLASH_GetStatus
    stm32f4xx_gpio.o(i.GPIO_DeInit) refers to stm32f4xx_rcc.o(i.RCC_AHB1PeriphResetCmd) for RCC_AHB1PeriphResetCmd
    stm32f4xx_hash.o(i.HASH_DeInit) refers to stm32f4xx_rcc.o(i.RCC_AHB2PeriphResetCmd) for RCC_AHB2PeriphResetCmd
    stm32f4xx_i2c.o(i.I2C_DeInit) refers to stm32f4xx_rcc.o(i.RCC_APB1PeriphResetCmd) for RCC_APB1PeriphResetCmd
    stm32f4xx_i2c.o(i.I2C_Init) refers to stm32f4xx_rcc.o(i.RCC_GetClocksFreq) for RCC_GetClocksFreq
    stm32f4xx_ltdc.o(i.LTDC_DeInit) refers to stm32f4xx_rcc.o(i.RCC_APB2PeriphResetCmd) for RCC_APB2PeriphResetCmd
    stm32f4xx_pwr.o(i.PWR_DeInit) refers to stm32f4xx_rcc.o(i.RCC_APB1PeriphResetCmd) for RCC_APB1PeriphResetCmd
    stm32f4xx_rcc.o(i.RCC_GetClocksFreq) refers to stm32f4xx_rcc.o(.data) for APBAHBPrescTable
    stm32f4xx_rcc.o(i.RCC_WaitForHSEStartUp) refers to stm32f4xx_rcc.o(i.RCC_GetFlagStatus) for RCC_GetFlagStatus
    stm32f4xx_rtc.o(i.RTC_CoarseCalibCmd) refers to stm32f4xx_rtc.o(i.RTC_EnterInitMode) for RTC_EnterInitMode
    stm32f4xx_rtc.o(i.RTC_CoarseCalibCmd) refers to stm32f4xx_rtc.o(i.RTC_ExitInitMode) for RTC_ExitInitMode
    stm32f4xx_rtc.o(i.RTC_CoarseCalibConfig) refers to stm32f4xx_rtc.o(i.RTC_EnterInitMode) for RTC_EnterInitMode
    stm32f4xx_rtc.o(i.RTC_CoarseCalibConfig) refers to stm32f4xx_rtc.o(i.RTC_ExitInitMode) for RTC_ExitInitMode
[...]
    _printf_e                                0x00000000   Number         0  stubs.o ABSOLUTE
    _printf_f                                0x00000000   Number         0  stubs.o ABSOLUTE
    _printf_flags                            0x00000000   Number         0  stubs.o ABSOLUTE
    _printf_fp_dec                           0x00000000   Number         0  stubs.o ABSOLUTE
    _printf_fp_hex                           0x00000000   Number         0  stubs.o ABSOLUTE
    _printf_g                                0x00000000   Number         0  stubs.o ABSOLUTE
    _printf_i                                0x00000000   Number         0  stubs.o ABSOLUTE
    _printf_int_dec                          0x00000000   Number         0  stubs.o ABSOLUTE
    _printf_l                                0x00000000   Number         0  stubs.o ABSOLUTE
    _printf_lc                               0x00000000   Number         0  stubs.o ABSOLUTE
    _printf_ll                               0x00000000   Number         0  stubs.o ABSOLUTE
    _printf_lld                              0x00000000   Number         0  stubs.o ABSOLUTE
    _printf_lli                              0x00000000   Number         0  stubs.o ABSOLUTE
    _printf_llo                              0x00000000   Number         0  stubs.o ABSOLUTE
    _printf_llu                              0x00000000   Number         0  stubs.o ABSOLUTE
    _printf_llx                              0x00000000   Number         0  stubs.o ABSOLUTE
    _printf_longlong_dec                     0x00000000   Number         0  stubs.o ABSOLUTE
    _printf_longlong_hex                     0x00000000   Number         0  stubs.o ABSOLUTE
    _printf_longlong_oct                     0x00000000   Number         0  stubs.o ABSOLUTE
    _printf_ls                               0x00000000   Number         0  stubs.o ABSOLUTE
    _printf_mbtowc                           0x00000000   Number         0  stubs.o ABSOLUTE
    _printf_n                                0x00000000   Number         0  stubs.o ABSOLUTE
    _printf_o                                0x00000000   Number         0  stubs.o ABSOLUTE
    _printf_p                                0x00000000   Number         0  stubs.o ABSOLUTE
    _printf_percent                          0x00000000   Number         0  stubs.o ABSOLUTE
    _printf_pre_padding                      0x00000000   Number         0  stubs.o ABSOLUTE
    _printf_return_value                     0x00000000   Number         0  stubs.o ABSOLUTE
    _printf_s                                0x00000000   Number         0  stubs.o ABSOLUTE
    _printf_sizespec                         0x00000000   Number         0  stubs.o ABSOLUTE
    _printf_str                              0x00000000   Number         0  stubs.o ABSOLUTE
    _printf_truncate_signed                  0x00000000   Number         0  stubs.o ABSOLUTE
    _printf_truncate_unsigned                0x00000000   Number         0  stubs.o ABSOLUTE
    _printf_u                                0x00000000   Number         0  stubs.o ABSOLUTE
    _printf_wc                               0x00000000   Number         0  stubs.o ABSOLUTE
    _printf_wctomb                           0x00000000   Number         0  stubs.o ABSOLUTE
    _printf_widthprec                        0x00000000   Number         0  stubs.o ABSOLUTE
    _printf_x                                0x00000000   Number         0  stubs.o ABSOLUTE
    __cpp_initialize__aeabi_                  - Undefined Weak Reference
    __cxa_finalize                            - Undefined Weak Reference
    __decompress                              - Undefined Weak Reference
    _clock_init                               - Undefined Weak Reference
    _microlib_exit                            - Undefined Weak Reference
    __Vectors_Size                           0x00000188   Number         0  startup.o ABSOLUTE
    __Vectors                                0x08000000   Data           4  startup.o(RESET)
    __Vectors_End                            0x08000188   Data           0  startup.o(RESET)
    __main                                   0x08000189   Thumb Code     0  entry.o(.ARM.Collect$$$$00000000)
    _main_stk                                0x08000189   Thumb Code     0  entry2.o(.ARM.Collect$$$$00000001)
    _main_scatterload                        0x0800018d   Thumb Code     0  entry5.o(.ARM.Collect$$$$00000004)
    __main_after_scatterload                 0x08000191   Thumb Code     0  entry5.o(.ARM.Collect$$$$00000004)
    _main_clock                              0x08000191   Thumb Code     0  entry7b.o(.ARM.Collect$$$$00000008)
    _main_cpp_init                           0x08000191   Thumb Code     0  entry8b.o(.ARM.Collect$$$$0000000A)
    _main_init                               0x08000191   Thumb Code     0  entry9a.o(.ARM.Collect$$$$0000000B)
    __rt_final_cpp                           0x08000199   Thumb Code     0  entry10a.o(.ARM.Collect$$$$0000000D)
    __rt_final_exit                          0x08000199   Thumb Code     0  entry11a.o(.ARM.Collect$$$$0000000F)
    Reset_Handler                            0x0800019d   Thumb Code     8  startup.o(.text)
    NMI_Handler                              0x080001a5   Thumb Code     2  startup.o(.text)
    HardFault_Handler                        0x080001a7   Thumb Code     2  startup.o(.text)
    MemManage_Handler                        0x080001a9   Thumb Code     2  startup.o(.text)
    BusFault_Handler                         0x080001ab   Thumb Code     2  startup.o(.text)
    UsageFault_Handler                       0x080001ad   Thumb Code     2  startup.o(.text)
    SVC_Handler                              0x080001af   Thumb Code     2  startup.o(.text)
    DebugMon_Handler                         0x080001b1   Thumb Code     2  startup.o(.text)
    ADC_IRQHandler                           0x080001b7   Thumb Code     0  startup.o(.text)
    CAN1_RX0_IRQHandler                      0x080001b7   Thumb Code     0  startup.o(.text)
    CAN1_RX1_IRQHandler                      0x080001b7   Thumb Code     0  startup.o(.text)
    CAN1_SCE_IRQHandler                      0x080001b7   Thumb Code     0  startup.o(.text)
    CAN1_TX_IRQHandler                       0x080001b7   Thumb Code     0  startup.o(.text)
    CAN2_RX0_IRQHandler                      0x080001b7   Thumb Code     0  startup.o(.text)
    CAN2_RX1_IRQHandler                      0x080001b7   Thumb Code     0  startup.o(.text)
    CAN2_SCE_IRQHandler                      0x080001b7   Thumb Code     0  startup.o(.text)
    CAN2_TX_IRQHandler                       0x080001b7   Thumb Code     0  startup.o(.text)
    CRYP_IRQHandler                          0x080001b7   Thumb Code     0  startup.o(.text)
    DCMI_IRQHandler                          0x080001b7   Thumb Code     0  startup.o(.text)
    DMA1_Stream0_IRQHandler                  0x080001b7   Thumb Code     0  startup.o(.text)
    DMA1_Stream1_IRQHandler                  0x080001b7   Thumb Code     0  startup.o(.text)
    DMA1_Stream2_IRQHandler                  0x080001b7   Thumb Code     0  startup.o(.text)
    DMA1_Stream3_IRQHandler                  0x080001b7   Thumb Code     0  startup.o(.text)
    DMA1_Stream4_IRQHandler                  0x080001b7   Thumb Code     0  startup.o(.text)
    DMA1_Stream5_IRQHandler                  0x080001b7   Thumb Code     0  startup.o(.text)
    DMA1_Stream6_IRQHandler                  0x080001b7   Thumb Code     0  startup.o(.text)
    DMA1_Stream7_IRQHandler                  0x080001b7   Thumb Code     0  startup.o(.text)
    DMA2_Stream0_IRQHandler                  0x080001b7   Thumb Code     0  startup.o(.text)
    DMA2_Stream1_IRQHandler                  0x080001b7   Thumb Code     0  startup.o(.text)
    DMA2_Stream2_IRQHandler                  0x080001b7   Thumb Code     0  startup.o(.text)
    DMA2_Stream3_IRQHandler                  0x080001b7   Thumb Code     0  startup.o(.text)
    DMA2_Stream4_IRQHandler                  0x080001b7   Thumb Code     0  startup.o(.text)
    DMA2_Stream5_IRQHandler                  0x080001b7   Thumb Code     0  startup.o(.text)
    DMA2_Stream6_IRQHandler                  0x080001b7   Thumb Code     0  startup.o(.text)
    DMA2_Stream7_IRQHandler                  0x080001b7   Thumb Code     0  startup.o(.text)
    ETH_IRQHandler                           0x080001b7   Thumb Code     0  startup.o(.text)
    ETH_WKUP_IRQHandler                      0x080001b7   Thumb Code     0  startup.o(.text)
    EXTI0_IRQHandler                         0x080001b7   Thumb Code     0  startup.o(.text)
    EXTI15_10_IRQHandler                     0x080001b7   Thumb Code     0  startup.o(.text)
    EXTI1_IRQHandler                         0x080001b7   Thumb Code     0  startup.o(.text)
    EXTI2_IRQHandler                         0x080001b7   Thumb Code     0  startup.o(.text)
    EXTI3_IRQHandler                         0x080001b7   Thumb Code     0  startup.o(.text)
    EXTI4_IRQHandler                         0x080001b7   Thumb Code     0  startup.o(.text)
    EXTI9_5_IRQHandler                       0x080001b7   Thumb Code     0  startup.o(.text)
    FLASH_IRQHandler                         0x080001b7   Thumb Code     0  startup.o(.text)
    FPU_IRQHandler                           0x080001b7   Thumb Code     0  startup.o(.text)
    FSMC_IRQHandler                          0x080001b7   Thumb Code     0  startup.o(.text)
    HASH_RNG_IRQHandler                      0x080001b7   Thumb Code     0  startup.o(.text)
    I2C1_ER_IRQHandler                       0x080001b7   Thumb Code     0  startup.o(.text)
    I2C1_EV_IRQHandler                       0x080001b7   Thumb Code     0  startup.o(.text)
    I2C2_ER_IRQHandler                       0x080001b7   Thumb Code     0  startup.o(.text)
    I2C2_EV_IRQHandler                       0x080001b7   Thumb Code     0  startup.o(.text)
    I2C3_ER_IRQHandler                       0x080001b7   Thumb Code     0  startup.o(.text)
    I2C3_EV_IRQHandler                       0x080001b7   Thumb Code     0  startup.o(.text)
    OTG_FS_IRQHandler                        0x080001b7   Thumb Code     0  startup.o(.text)
    OTG_FS_WKUP_IRQHandler                   0x080001b7   Thumb Code     0  startup.o(.text)
    OTG_HS_EP1_IN_IRQHandler                 0x080001b7   Thumb Code     0  startup.o(.text)
    OTG_HS_EP1_OUT_IRQHandler                0x080001b7   Thumb Code     0  startup.o(.text)
    OTG_HS_IRQHandler                        0x080001b7   Thumb Code     0  startup.o(.text)
    OTG_HS_WKUP_IRQHandler                   0x080001b7   Thumb Code     0  startup.o(.text)
    PVD_IRQHandler                           0x080001b7   Thumb Code     0  startup.o(.text)
    RCC_IRQHandler                           0x080001b7   Thumb Code     0  startup.o(.text)
    RTC_Alarm_IRQHandler                     0x080001b7   Thumb Code     0  startup.o(.text)
    RTC_WKUP_IRQHandler                      0x080001b7   Thumb Code     0  startup.o(.text)
    SDIO_IRQHandler                          0x080001b7   Thumb Code     0  startup.o(.text)
    SPI1_IRQHandler                          0x080001b7   Thumb Code     0  startup.o(.text)
    SPI2_IRQHandler                          0x080001b7   Thumb Code     0  startup.o(.text)
    SPI3_IRQHandler                          0x080001b7   Thumb Code     0  startup.o(.text)
    TAMP_STAMP_IRQHandler                    0x080001b7   Thumb Code     0  startup.o(.text)
    TIM1_BRK_TIM9_IRQHandler                 0x080001b7   Thumb Code     0  startup.o(.text)
    TIM1_CC_IRQHandler                       0x080001b7   Thumb Code     0  startup.o(.text)
    TIM1_TRG_COM_TIM11_IRQHandler            0x080001b7   Thumb Code     0  startup.o(.text)
    TIM1_UP_TIM10_IRQHandler                 0x080001b7   Thumb Code     0  startup.o(.text)
    TIM4_IRQHandler                          0x080001b7   Thumb Code     0  startup.o(.text)
    TIM5_IRQHandler                          0x080001b7   Thumb Code     0  startup.o(.text)
    TIM6_DAC_IRQHandler                      0x080001b7   Thumb Code     0  startup.o(.text)
    TIM7_IRQHandler                          0x080001b7   Thumb Code     0  startup.o(.text)
    TIM8_BRK_TIM12_IRQHandler                0x080001b7   Thumb Code     0  startup.o(.text)
    TIM8_CC_IRQHandler                       0x080001b7   Thumb Code     0  startup.o(.text)
    TIM8_TRG_COM_TIM14_IRQHandler            0x080001b7   Thumb Code     0  startup.o(.text)
    TIM8_UP_TIM13_IRQHandler                 0x080001b7   Thumb Code     0  startup.o(.text)
    UART4_IRQHandler                         0x080001b7   Thumb Code     0  startup.o(.text)
    UART5_IRQHandler                         0x080001b7   Thumb Code     0  startup.o(.text)
    USART2_IRQHandler                        0x080001b7   Thumb Code     0  startup.o(.text)
    USART3_IRQHandler                        0x080001b7   Thumb Code     0  startup.o(.text)
    USART6_IRQHandler                        0x080001b7   Thumb Code     0  startup.o(.text)
    WWDG_IRQHandler                          0x080001b7   Thumb Code     0  startup.o(.text)
    OS_CPU_SR_Save                           0x080001c1   Thumb Code     0  os_cpu_a.o(.text)
    OS_CPU_SR_Restore                        0x080001dd   Thumb Code     0  os_cpu_a.o(.text)
    OSStartHighRdy                           0x080001ef   Thumb Code     0  os_cpu_a.o(.text)
    OSCtxSw                                  0x08000247   Thumb Code     0  os_cpu_a.o(.text)
    OSIntCtxSw                               0x08000247   Thumb Code     0  os_cpu_a.o(.text)
    OS_CPU_PendSVHandler                     0x08000251   Thumb Code     0  os_cpu_a.o(.text)
    __aeabi_memcpy                           0x080002d5   Thumb Code    36  memcpya.o(.text)
    __aeabi_memcpy4                          0x080002d5   Thumb Code     0  memcpya.o(.text)
    __aeabi_memcpy8                          0x080002d5   Thumb Code     0  memcpya.o(.text)
    __aeabi_memset                           0x080002f9   Thumb Code    14  memseta.o(.text)
    __aeabi_memset4                          0x080002f9   Thumb Code     0  memseta.o(.text)
    __aeabi_memset8                          0x080002f9   Thumb Code     0  memseta.o(.text)
    __aeabi_memclr                           0x08000307   Thumb Code     4  memseta.o(.text)
    __aeabi_memclr4                          0x08000307   Thumb Code     0  memseta.o(.text)
    __aeabi_memclr8                          0x08000307   Thumb Code     0  memseta.o(.text)
    _memset$wrapper                          0x0800030b   Thumb Code    18  memseta.o(.text)
    __aeabi_fadd                             0x0800031d   Thumb Code   164  fadd.o(.text)
    __aeabi_fsub                             0x080003c1   Thumb Code     6  fadd.o(.text)
    __aeabi_frsub                            0x080003c7   Thumb Code     6  fadd.o(.text)
    __aeabi_fmul                             0x080003cd   Thumb Code   100  fmul.o(.text)
    __aeabi_fdiv                             0x08000431   Thumb Code   124  fdiv.o(.text)
    __aeabi_ddiv                             0x080004ad   Thumb Code   222  ddiv.o(.text)
    __aeabi_i2f                              0x0800058b   Thumb Code    18  fflti.o(.text)
    __aeabi_ui2f                             0x0800059d   Thumb Code    10  ffltui.o(.text)
    __aeabi_ui2d                             0x080005a7   Thumb Code    26  dfltui.o(.text)
    __aeabi_f2uiz                            0x080005c1   Thumb Code    40  ffixui.o(.text)
    __aeabi_f2d                              0x080005e9   Thumb Code    38  f2d.o(.text)
    __aeabi_d2f                              0x0800060f   Thumb Code    56  d2f.o(.text)
    __aeabi_cfcmpeq                          0x08000649   Thumb Code     0  cfcmple.o(.text)
    __aeabi_cfcmple                          0x08000649   Thumb Code    20  cfcmple.o(.text)
    __aeabi_cfrcmple                         0x0800065d   Thumb Code    20  cfrcmple.o(.text)
    __aeabi_uidiv                            0x08000671   Thumb Code     0  uidiv.o(.text)
    __aeabi_uidivmod                         0x08000671   Thumb Code    44  uidiv.o(.text)
    __aeabi_uldivmod                         0x0800069d   Thumb Code    98  uldiv.o(.text)
    __I$use$fp                               0x080006ff   Thumb Code     0  iusefp.o(.text)
    _float_round                             0x080006ff   Thumb Code    18  fepilogue.o(.text)
    _float_epilogue                          0x08000711   Thumb Code    92  fepilogue.o(.text)
    _double_round                            0x0800076d   Thumb Code    30  depilogue.o(.text)
    _double_epilogue                         0x0800078b   Thumb Code   156  depilogue.o(.text)
    __aeabi_dadd                             0x08000827   Thumb Code   322  dadd.o(.text)
    __aeabi_dsub                             0x08000969   Thumb Code     6  dadd.o(.text)
    __aeabi_drsub                            0x0800096f   Thumb Code     6  dadd.o(.text)
    __aeabi_dmul                             0x08000975   Thumb Code   228  dmul.o(.text)
    __ARM_scalbn                             0x08000a59   Thumb Code    46  dscalb.o(.text)
    scalbn                                   0x08000a59   Thumb Code     0  dscalb.o(.text)
    _dsqrt                                   0x08000a87   Thumb Code   162  dsqrt.o(.text)
    __aeabi_d2ulz                            0x08000b29   Thumb Code    48  dfixul.o(.text)
    __aeabi_cdrcmple                         0x08000b59   Thumb Code    48  cdrcmple.o(.text)
    __scatterload                            0x08000b89   Thumb Code    28  init.o(.text)
    __scatterload_rt2                        0x08000b89   Thumb Code     0  init.o(.text)
    __aeabi_llsl                             0x08000bad   Thumb Code    30  llshl.o(.text)
    _ll_shift_l                              0x08000bad   Thumb Code     0  llshl.o(.text)
    __aeabi_llsr                             0x08000bcb   Thumb Code    32  llushr.o(.text)
    _ll_ushift_r                             0x08000bcb   Thumb Code     0  llushr.o(.text)
    __aeabi_lasr                             0x08000beb   Thumb Code    36  llsshr.o(.text)
    _ll_sshift_r                             0x08000beb   Thumb Code     0  llsshr.o(.text)
    App_TCBInitHook                          0x08000c0f   Thumb Code     2  app_hooks.o(i.App_TCBInitHook)
    App_TaskCreateHook                       0x08000c11   Thumb Code     2  app_hooks.o(i.App_TaskCreateHook)
    App_TaskDelHook                          0x08000c13   Thumb Code     2  app_hooks.o(i.App_TaskDelHook)
    App_TaskIdleHook                         0x08000c15   Thumb Code     2  app_hooks.o(i.App_TaskIdleHook)
    App_TaskReturnHook                       0x08000c17   Thumb Code     2  app_hooks.o(i.App_TaskReturnHook)
    App_TaskStatHook                         0x08000c19   Thumb Code     2  app_hooks.o(i.App_TaskStatHook)
    App_TaskSwHook                           0x08000c1b   Thumb Code     2  app_hooks.o(i.App_TaskSwHook)
    App_TimeTickHook                         0x08000c1d   Thumb Code     2  app_hooks.o(i.App_TimeTickHook)
    Board_Init                               0x08000c1f   Thumb Code    36  final.o(i.Board_Init)
    DWT_GetTime                              0x08000c45   Thumb Code    20  dwt_time.o(i.DWT_GetTime)
    DWT_Init                                 0x08000c61   Thumb Code    30  dwt_time.o(i.DWT_Init)
    Delay_us                                 0x08000c89   Thumb Code    24  dwt_time.o(i.Delay_us)
    GPIO_Config                              0x08000ca5   Thumb Code    90  pwm.o(i.GPIO_Config)
    GPIO_Init                                0x08000d09   Thumb Code   144  stm32f4xx_gpio.o(i.GPIO_Init)
    GPIO_PinAFConfig                         0x08000d99   Thumb Code    70  stm32f4xx_gpio.o(i.GPIO_PinAFConfig)
    GPIO_ReadInputDataBit                    0x08000ddf   Thumb Code    18  stm32f4xx_gpio.o(i.GPIO_ReadInputDataBit)
    GPIO_SetBits                             0x08000df1   Thumb Code     4  stm32f4xx_gpio.o(i.GPIO_SetBits)
    GPIO_WriteBit                            0x08000df5   Thumb Code    12  stm32f4xx_gpio.o(i.GPIO_WriteBit)
    GY86_Init                                0x08000e01   Thumb Code    16  gy86.o(i.GY86_Init)
    GY86_MS5611_SendCMD                      0x08000e11   Thumb Code    34  gy86.o(i.GY86_MS5611_SendCMD)
    GY86_ReadReg                             0x08000e33   Thumb Code    66  gy86.o(i.GY86_ReadReg)
    GY86_WriteReg                            0x08000e75   Thumb Code    48  gy86.o(i.GY86_WriteReg)
    HMC5883L_GetData                         0x08000ea5   Thumb Code    84  gy86.o(i.HMC5883L_GetData)
    HMC5883L_Init                            0x08000ef9   Thumb Code    54  gy86.o(i.HMC5883L_Init)
    InnerLoop_Update                         0x08000f31   Thumb Code   240  pid.o(i.InnerLoop_Update)
    MOTOR_Init                               0x08001025   Thumb Code    12  pwm.o(i.MOTOR_Init)
    MPU6050_GetData                          0x08001031   Thumb Code   162  gy86.o(i.MPU6050_GetData)
    MPU6050_Init                             0x080010d3   Thumb Code    68  gy86.o(i.MPU6050_Init)
    MS5611_Reset                             0x08001117   Thumb Code    10  gy86.o(i.MS5611_Reset)
    MadgwickUpdate                           0x08001121   Thumb Code  3670  madgwick.o(i.MadgwickUpdate)
    MyI2C_Init                               0x08001f81   Thumb Code    58  gy86.o(i.MyI2C_Init)
    MyI2C_ReceiveAck                         0x08001fc1   Thumb Code    30  gy86.o(i.MyI2C_ReceiveAck)
    MyI2C_ReceiveByte                        0x08001fdf   Thumb Code    52  gy86.o(i.MyI2C_ReceiveByte)
    MyI2C_SendAck                            0x08002013   Thumb Code    24  gy86.o(i.MyI2C_SendAck)
    MyI2C_SendByte                           0x0800202b   Thumb Code    42  gy86.o(i.MyI2C_SendByte)
    MyI2C_Start                              0x08002055   Thumb Code    28  gy86.o(i.MyI2C_Start)
    MyI2C_Stop                               0x08002071   Thumb Code    22  gy86.o(i.MyI2C_Stop)
    NVIC_Init                                0x08002089   Thumb Code   106  misc.o(i.NVIC_Init)
    NVIC_PriorityGroupConfig                 0x08002101   Thumb Code    10  misc.o(i.NVIC_PriorityGroupConfig)
    OLED_Clear                               0x08002115   Thumb Code    42  oled.o(i.OLED_Clear)
    OLED_I2C_Init                            0x08002141   Thumb Code    76  oled.o(i.OLED_I2C_Init)
    OLED_I2C_SendByte                        0x08002191   Thumb Code    54  oled.o(i.OLED_I2C_SendByte)
    OLED_I2C_Start                           0x080021c7   Thumb Code    28  oled.o(i.OLED_I2C_Start)
    OLED_I2C_Stop                            0x080021e3   Thumb Code    22  oled.o(i.OLED_I2C_Stop)
    OLED_Init                                0x080021f9   Thumb Code   174  oled.o(i.OLED_Init)
    OLED_SetCursor                           0x080022a7   Thumb Code    34  oled.o(i.OLED_SetCursor)
    OLED_W_SCL                               0x080022c9   Thumb Code    24  oled.o(i.OLED_W_SCL)
    OLED_W_SDA                               0x080022e5   Thumb Code    24  oled.o(i.OLED_W_SDA)
    OLED_WriteCommand                        0x08002301   Thumb Code    32  oled.o(i.OLED_WriteCommand)
    OLED_WriteData                           0x08002321   Thumb Code    32  oled.o(i.OLED_WriteData)
    OSDebugInit                              0x08002341   Thumb Code   118  os_dbg_r.o(i.OSDebugInit)
    OSEventNameSet                           0x0800249d   Thumb Code   122  os_core.o(i.OSEventNameSet)
    OSInit                                   0x0800251d   Thumb Code    52  os_core.o(i.OSInit)
    OSInitHookEnd                            0x08002551   Thumb Code     2  os_cpu_c.o(i.OSInitHookEnd)
    OSIntEnter                               0x08002555   Thumb Code    34  os_core.o(i.OSIntEnter)
    OSIntExit                                0x08002581   Thumb Code   144  os_core.o(i.OSIntExit)
    OSSchedLock                              0x08002631   Thumb Code    60  os_core.o(i.OSSchedLock)
    OSSchedUnlock                            0x08002679   Thumb Code   100  os_core.o(i.OSSchedUnlock)
    OSSemCreate                              0x080026e9   Thumb Code    92  os_sem.o(i.OSSemCreate)
    OSSemPend                                0x08002751   Thumb Code   324  os_sem.o(i.OSSemPend)
    OSSemPost                                0x080028a1   Thumb Code   160  os_sem.o(i.OSSemPost)
    OSStart                                  0x08002941   Thumb Code    48  os_core.o(i.OSStart)
    OSTCBInitHook                            0x08002989   Thumb Code    12  os_cpu_c.o(i.OSTCBInitHook)
    OSTaskCreate                             0x08002995   Thumb Code   262  os_task.o(i.OSTaskCreate)
    OSTaskCreateExt                          0x08002aa9   Thumb Code   282  os_task.o(i.OSTaskCreateExt)
    OSTaskCreateHook                         0x08002bd1   Thumb Code    12  os_cpu_c.o(i.OSTaskCreateHook)
    OSTaskDel                                0x08002bdd   Thumb Code   354  os_task.o(i.OSTaskDel)
    OSTaskDelHook                            0x08002d6d   Thumb Code    12  os_cpu_c.o(i.OSTaskDelHook)
    OSTaskIdleHook                           0x08002d79   Thumb Code     8  os_cpu_c.o(i.OSTaskIdleHook)
    OSTaskNameSet                            0x08002d81   Thumb Code   158  os_task.o(i.OSTaskNameSet)
    OSTaskReturnHook                         0x08002e2d   Thumb Code    12  os_cpu_c.o(i.OSTaskReturnHook)
    OSTaskStatHook                           0x08002e39   Thumb Code     8  os_cpu_c.o(i.OSTaskStatHook)
    OSTaskStkChk                             0x08002e41   Thumb Code   168  os_task.o(i.OSTaskStkChk)
    OSTaskStkInit                            0x08002ef1   Thumb Code   170  os_cpu_c.o(i.OSTaskStkInit)
    OSTaskSuspend                            0x08002fa1   Thumb Code   196  os_task.o(i.OSTaskSuspend)
    OSTaskSwHook                             0x08003075   Thumb Code    16  os_cpu_c.o(i.OSTaskSwHook)
    OSTimeDly                                0x08003089   Thumb Code   118  os_time.o(i.OSTimeDly)
    OSTimeDlyHMSM                            0x08003115   Thumb Code   124  os_time.o(i.OSTimeDlyHMSM)
    OSTimeGet                                0x08003199   Thumb Code    34  os_time.o(i.OSTimeGet)
    OSTimeTick                               0x080031c1   Thumb Code   246  os_core.o(i.OSTimeTick)
    OSTimeTickHook                           0x080032d1   Thumb Code    34  os_cpu_c.o(i.OSTimeTickHook)
    OSTmrSignal                              0x080032f9   Thumb Code    16  os_tmr.o(i.OSTmrSignal)
    OSTmr_Init                               0x0800330d   Thumb Code   168  os_tmr.o(i.OSTmr_Init)
    OS_CPU_SysTickInit                       0x080035a1   Thumb Code    50  os_cpu_c.o(i.OS_CPU_SysTickInit)
    OS_Dummy                                 0x080035d9   Thumb Code     2  os_core.o(i.OS_Dummy)
    OS_EventTaskRdy                          0x080035dd   Thumb Code   138  os_core.o(i.OS_EventTaskRdy)
    OS_EventTaskRemove                       0x08003679   Thumb Code    46  os_core.o(i.OS_EventTaskRemove)
    OS_EventTaskRemoveMulti                  0x080036a7   Thumb Code    58  os_core.o(i.OS_EventTaskRemoveMulti)
    OS_EventTaskWait                         0x080036e1   Thumb Code   122  os_core.o(i.OS_EventTaskWait)
    OS_EventWaitListInit                     0x08003769   Thumb Code    28  os_core.o(i.OS_EventWaitListInit)
    OS_FlagInit                              0x08003785   Thumb Code    74  os_flag.o(i.OS_FlagInit)
    OS_FlagUnlink                            0x080037dd   Thumb Code    36  os_flag.o(i.OS_FlagUnlink)
    OS_MemClr                                0x08003a21   Thumb Code    18  os_core.o(i.OS_MemClr)
    OS_MemInit                               0x08003a35   Thumb Code    74  os_mem.o(i.OS_MemInit)
    OS_QInit                                 0x08003a8d   Thumb Code    72  os_q.o(i.OS_QInit)
    OS_Sched                                 0x08003add   Thumb Code    98  os_core.o(i.OS_Sched)
    OS_TCBInit                               0x08003b89   Thumb Code   336  os_core.o(i.OS_TCBInit)
    OS_TaskIdle                              0x08003cf5   Thumb Code    42  os_core.o(i.OS_TaskIdle)
    OS_TaskReturn                            0x08003d25   Thumb Code    18  os_task.o(i.OS_TaskReturn)
    OS_TaskStat                              0x08003d3d   Thumb Code   218  os_core.o(i.OS_TaskStat)
    OS_TaskStatStkChk                        0x08003e2d   Thumb Code    54  os_core.o(i.OS_TaskStatStkChk)
    OS_TaskStkClr                            0x08003e69   Thumb Code    26  os_task.o(i.OS_TaskStkClr)
    OuterLoop_Update                         0x08003e85   Thumb Code   224  pid.o(i.OuterLoop_Update)
    PID_Calculate                            0x08003f71   Thumb Code   194  pid.o(i.PID_Calculate)
    PID_Init                                 0x08004033   Thumb Code    30  pid.o(i.PID_Init)
    PID_Reset                                0x08004051   Thumb Code    14  pid.o(i.PID_Reset)
    PPM_Init                                 0x08004061   Thumb Code   206  ppm.o(i.PPM_Init)
    PWM_SetCompare                           0x08004139   Thumb Code    48  pwm.o(i.PWM_SetCompare)
    QuadPID_Init                             0x0800416d   Thumb Code   190  pid.o(i.QuadPID_Init)
    QuadPID_MotorControl                     0x08004241   Thumb Code   236  pid.o(i.QuadPID_MotorControl)
    Quaternion2Euler                         0x08004335   Thumb Code   316  madgwick.o(i.Quaternion2Euler)
    RCC_AHB1PeriphClockCmd                   0x08004471   Thumb Code    26  stm32f4xx_rcc.o(i.RCC_AHB1PeriphClockCmd)
    RCC_APB1PeriphClockCmd                   0x08004491   Thumb Code    26  stm32f4xx_rcc.o(i.RCC_APB1PeriphClockCmd)
    SCL_W                                    0x080044b1   Thumb Code    24  gy86.o(i.SCL_W)
    SDA_R                                    0x080044cd   Thumb Code    22  gy86.o(i.SDA_R)
    SDA_W                                    0x080044e9   Thumb Code    22  gy86.o(i.SDA_W)
    SEGGER_RTT_AllocUpBuffer                 0x08004505   Thumb Code   194  segger_rtt.o(i.SEGGER_RTT_AllocUpBuffer)
    SEGGER_RTT_ConfigDownBuffer              0x080045cd   Thumb Code   114  segger_rtt.o(i.SEGGER_RTT_ConfigDownBuffer)
    SEGGER_RTT_ReadNoLock                    0x08004645   Thumb Code   166  segger_rtt.o(i.SEGGER_RTT_ReadNoLock)
    SEGGER_RTT_WriteSkipNoLock               0x080046f1   Thumb Code   154  segger_rtt.o(i.SEGGER_RTT_WriteSkipNoLock)
    SEGGER_SYSVIEW_Conf                      0x08004791   Thumb Code    24  segger_sysview_config_ucosii.o(i.SEGGER_SYSVIEW_Conf)
    SEGGER_SYSVIEW_GetSysDesc                0x080047b5   Thumb Code   180  segger_sysview.o(i.SEGGER_SYSVIEW_GetSysDesc)
    SEGGER_SYSVIEW_Init                      0x08004871   Thumb Code    80  segger_sysview.o(i.SEGGER_SYSVIEW_Init)
    SEGGER_SYSVIEW_NameResource              0x080048d9   Thumb Code   104  segger_sysview.o(i.SEGGER_SYSVIEW_NameResource)
    SEGGER_SYSVIEW_OnIdle                    0x08004949   Thumb Code    48  segger_sysview.o(i.SEGGER_SYSVIEW_OnIdle)
    SEGGER_SYSVIEW_OnTaskCreate              0x0800497d   Thumb Code    90  segger_sysview.o(i.SEGGER_SYSVIEW_OnTaskCreate)
    SEGGER_SYSVIEW_OnTaskStartExec           0x080049e1   Thumb Code    90  segger_sysview.o(i.SEGGER_SYSVIEW_OnTaskStartExec)
    SEGGER_SYSVIEW_OnTaskStartReady          0x08004a45   Thumb Code    90  segger_sysview.o(i.SEGGER_SYSVIEW_OnTaskStartReady)
    SEGGER_SYSVIEW_OnTaskStopReady           0x08004aa9   Thumb Code   122  segger_sysview.o(i.SEGGER_SYSVIEW_OnTaskStopReady)
    SEGGER_SYSVIEW_RecordEndCallU32          0x08004b2d   Thumb Code   116  segger_sysview.o(i.SEGGER_SYSVIEW_RecordEndCallU32)
    SEGGER_SYSVIEW_RecordEnterISR            0x08004ba5   Thumb Code    90  segger_sysview.o(i.SEGGER_SYSVIEW_RecordEnterISR)
    SEGGER_SYSVIEW_RecordExitISR             0x08004c09   Thumb Code    48  segger_sysview.o(i.SEGGER_SYSVIEW_RecordExitISR)
    SEGGER_SYSVIEW_RecordExitISRToScheduler  0x08004c3d   Thumb Code    48  segger_sysview.o(i.SEGGER_SYSVIEW_RecordExitISRToScheduler)
    SEGGER_SYSVIEW_RecordSystime             0x08004c71   Thumb Code    52  segger_sysview.o(i.SEGGER_SYSVIEW_RecordSystime)
    SEGGER_SYSVIEW_RecordU32                 0x08004cad   Thumb Code    88  segger_sysview.o(i.SEGGER_SYSVIEW_RecordU32)
    SEGGER_SYSVIEW_RecordU32x2               0x08004d09   Thumb Code   118  segger_sysview.o(i.SEGGER_SYSVIEW_RecordU32x2)
    SEGGER_SYSVIEW_RecordVoid                0x08004d85   Thumb Code    50  segger_sysview.o(i.SEGGER_SYSVIEW_RecordVoid)
    SEGGER_SYSVIEW_SendModule                0x08004dbd   Thumb Code   172  segger_sysview.o(i.SEGGER_SYSVIEW_SendModule)
    SEGGER_SYSVIEW_SendModuleDescription     0x08004e71   Thumb Code    30  segger_sysview.o(i.SEGGER_SYSVIEW_SendModuleDescription)
    SEGGER_SYSVIEW_SendNumModules            0x08004e95   Thumb Code    80  segger_sysview.o(i.SEGGER_SYSVIEW_SendNumModules)
    SEGGER_SYSVIEW_SendSysDesc               0x08004eed   Thumb Code    66  segger_sysview.o(i.SEGGER_SYSVIEW_SendSysDesc)
    SEGGER_SYSVIEW_SendTaskInfo              0x08004f35   Thumb Code   260  segger_sysview.o(i.SEGGER_SYSVIEW_SendTaskInfo)
    SEGGER_SYSVIEW_SendTaskList              0x08005041   Thumb Code    26  segger_sysview.o(i.SEGGER_SYSVIEW_SendTaskList)
    SEGGER_SYSVIEW_SetRAMBase                0x08005061   Thumb Code     6  segger_sysview.o(i.SEGGER_SYSVIEW_SetRAMBase)
    SEGGER_SYSVIEW_ShrinkId                  0x0800506d   Thumb Code    10  segger_sysview.o(i.SEGGER_SYSVIEW_ShrinkId)
    SEGGER_SYSVIEW_Start                     0x0800507d   Thumb Code   240  segger_sysview.o(i.SEGGER_SYSVIEW_Start)
    SEGGER_SYSVIEW_Stop                      0x08005179   Thumb Code    60  segger_sysview.o(i.SEGGER_SYSVIEW_Stop)
    SEGGER_SYSVIEW_Warn                      0x080051bd   Thumb Code   122  segger_sysview.o(i.SEGGER_SYSVIEW_Warn)
    SYSVIEW_AddTask                          0x0800523d   Thumb Code   146  segger_sysview_ucosii.o(i.SYSVIEW_AddTask)
    SYSVIEW_RecordU32Register                0x080052e1   Thumb Code   112  segger_sysview_ucosii.o(i.SYSVIEW_RecordU32Register)
    SYSVIEW_SendResourceList                 0x0800535d   Thumb Code    70  segger_sysview_ucosii.o(i.SYSVIEW_SendResourceList)
    SYSVIEW_SendTaskInfo                     0x080053ad   Thumb Code    50  segger_sysview_ucosii.o(i.SYSVIEW_SendTaskInfo)
    SYSVIEW_TaskReady                        0x080053e1   Thumb Code    22  segger_sysview_ucosii.o(i.SYSVIEW_TaskReady)
    SYSVIEW_TaskSuspend                      0x080053fd   Thumb Code    24  segger_sysview_ucosii.o(i.SYSVIEW_TaskSuspend)
    SYSVIEW_TaskSwitchedIn                   0x08005419   Thumb Code    28  segger_sysview_ucosii.o(i.SYSVIEW_TaskSwitchedIn)
    SYSVIEW_UpdateResource                   0x08005439   Thumb Code    84  segger_sysview_ucosii.o(i.SYSVIEW_UpdateResource)
    SYSVIEW_UpdateTask                       0x08005495   Thumb Code   144  segger_sysview_ucosii.o(i.SYSVIEW_UpdateTask)
    Sem_Init                                 0x08005531   Thumb Code    64  mytasks.o(i.Sem_Init)
    SysTick_Handler                          0x08005589   Thumb Code    38  os_cpu_c.o(i.SysTick_Handler)
    SystemInit                               0x080055b1   Thumb Code   206  system.o(i.SystemInit)
    TIM1_Config                              0x080057ad   Thumb Code   294  pwm.o(i.TIM1_Config)
    TIM2_IRQHandler                          0x080058dd   Thumb Code    76  tim_sched.o(i.TIM2_IRQHandler)
    TIM2_Init                                0x08005939   Thumb Code    90  tim_sched.o(i.TIM2_Init)
    TIM3_IRQHandler                          0x08005995   Thumb Code    82  ppm.o(i.TIM3_IRQHandler)
    TIM_ClearITPendingBit                    0x080059f9   Thumb Code     6  stm32f4xx_tim.o(i.TIM_ClearITPendingBit)
    TIM_Cmd                                  0x080059ff   Thumb Code    24  stm32f4xx_tim.o(i.TIM_Cmd)
    TIM_GetITStatus                          0x08005a17   Thumb Code    34  stm32f4xx_tim.o(i.TIM_GetITStatus)
    TIM_ICInit                               0x08005a39   Thumb Code   110  stm32f4xx_tim.o(i.TIM_ICInit)
    TIM_ITConfig                             0x08005aa7   Thumb Code    18  stm32f4xx_tim.o(i.TIM_ITConfig)
    TIM_SelectInputTrigger                   0x08005ab9   Thumb Code    18  stm32f4xx_tim.o(i.TIM_SelectInputTrigger)
    TIM_SelectSlaveMode                      0x08005acb   Thumb Code    18  stm32f4xx_tim.o(i.TIM_SelectSlaveMode)
    TIM_SetIC1Prescaler                      0x08005add   Thumb Code    18  stm32f4xx_tim.o(i.TIM_SetIC1Prescaler)
    TIM_SetIC2Prescaler                      0x08005aef   Thumb Code    26  stm32f4xx_tim.o(i.TIM_SetIC2Prescaler)
    TIM_SetIC3Prescaler                      0x08005b09   Thumb Code    18  stm32f4xx_tim.o(i.TIM_SetIC3Prescaler)
    TIM_SetIC4Prescaler                      0x08005b1b   Thumb Code    26  stm32f4xx_tim.o(i.TIM_SetIC4Prescaler)
    TIM_TimeBaseInit                         0x08005b35   Thumb Code   104  stm32f4xx_tim.o(i.TIM_TimeBaseInit)
    Task_Attitude                            0x08005bb9   Thumb Code   116  mytasks.o(i.Task_Attitude)
    Task_COM                                 0x08005c59   Thumb Code   116  mytasks.o(i.Task_COM)
    Task_Inner                               0x08005cf5   Thumb Code   124  mytasks.o(i.Task_Inner)
    Task_Outer                               0x08005d95   Thumb Code   128  mytasks.o(i.Task_Outer)
    Task_Startup                             0x08005e3d   Thumb Code    78  mytasks.o(i.Task_Startup)
    USART1_IRQHandler                        0x08005ebd   Thumb Code    42  usart.o(i.USART1_IRQHandler)
    USART_Config                             0x08005ef1   Thumb Code   326  usart.o(i.USART_Config)
    USART_GPIO_Init                          0x08006055   Thumb Code    86  usart.o(i.USART_GPIO_Init)
    USART_SendByte                           0x080060b5   Thumb Code    20  usart.o(i.USART_SendByte)
    __0printf                                0x08006499   Thumb Code    22  printfa.o(i.__0printf)
    __1printf                                0x08006499   Thumb Code     0  printfa.o(i.__0printf)
    __2printf                                0x08006499   Thumb Code     0  printfa.o(i.__0printf)
    __c89printf                              0x08006499   Thumb Code     0  printfa.o(i.__0printf)
    printf                                   0x08006499   Thumb Code     0  printfa.o(i.__0printf)
    __ARM_fpclassify                         0x080064b9   Thumb Code    40  fpclassify.o(i.__ARM_fpclassify)
    __kernel_poly                            0x080064e1   Thumb Code   170  poly.o(i.__kernel_poly)
    __mathlib_dbl_infnan                     0x0800658b   Thumb Code     6  dunder.o(i.__mathlib_dbl_infnan)
    __mathlib_dbl_infnan2                    0x08006591   Thumb Code     4  dunder.o(i.__mathlib_dbl_infnan2)
    __mathlib_dbl_invalid                    0x08006595   Thumb Code    12  dunder.o(i.__mathlib_dbl_invalid)
    __mathlib_dbl_underflow                  0x080065a1   Thumb Code    10  dunder.o(i.__mathlib_dbl_underflow)
    __scatterload_copy                       0x080065b1   Thumb Code    14  handlers.o(i.__scatterload_copy)
    __scatterload_null                       0x080065bf   Thumb Code     2  handlers.o(i.__scatterload_null)
    __scatterload_zeroinit                   0x080065c1   Thumb Code    14  handlers.o(i.__scatterload_zeroinit)
    __set_errno                              0x080065d1   Thumb Code     6  errno.o(i.__set_errno)
    asin                                     0x08006f61   Thumb Code   572  asin.o(i.asin)
    atan                                     0x080071d1   Thumb Code   474  atan.o(i.atan)
    atan2                                    0x080073f1   Thumb Code   346  atan2.o(i.atan2)
    fputc                                    0x08007571   Thumb Code    16  usart.o(i.fputc)
    main                                     0x08007581   Thumb Code    44  main.o(i.main)
    sqrt                                     0x080075c1   Thumb Code    76  sqrt.o(i.sqrt)
    OSUnMapTbl                               0x0800760c   Data         256  os_core.o(.constdata)
    OSDebugEn                                0x0800770c   Data           2  os_dbg_r.o(.constdata)
    OSEndiannessTest                         0x08007710   Data           4  os_dbg_r.o(.constdata)
    OSEventEn                                0x08007714   Data           2  os_dbg_r.o(.constdata)
    OSEventMax                               0x08007716   Data           2  os_dbg_r.o(.constdata)
    OSEventNameEn                            0x08007718   Data           2  os_dbg_r.o(.constdata)
    OSEventSize                              0x0800771a   Data           2  os_dbg_r.o(.constdata)
    OSEventTblSize                           0x0800771c   Data           2  os_dbg_r.o(.constdata)
    OSEventMultiEn                           0x0800771e   Data           2  os_dbg_r.o(.constdata)
    OSFlagEn                                 0x08007720   Data           2  os_dbg_r.o(.constdata)
    OSFlagGrpSize                            0x08007722   Data           2  os_dbg_r.o(.constdata)
    OSFlagNodeSize                           0x08007724   Data           2  os_dbg_r.o(.constdata)
    OSFlagWidth                              0x08007726   Data           2  os_dbg_r.o(.constdata)
    OSFlagMax                                0x08007728   Data           2  os_dbg_r.o(.constdata)
    OSFlagNameEn                             0x0800772a   Data           2  os_dbg_r.o(.constdata)
    OSLowestPrio                             0x0800772c   Data           2  os_dbg_r.o(.constdata)
    OSMboxEn                                 0x0800772e   Data           2  os_dbg_r.o(.constdata)
    OSMemEn                                  0x08007730   Data           2  os_dbg_r.o(.constdata)
    OSMemMax                                 0x08007732   Data           2  os_dbg_r.o(.constdata)
    OSMemNameEn                              0x08007734   Data           2  os_dbg_r.o(.constdata)
    OSMemSize                                0x08007736   Data           2  os_dbg_r.o(.constdata)
    OSMemTblSize                             0x08007738   Data           2  os_dbg_r.o(.constdata)
    OSMutexEn                                0x0800773a   Data           2  os_dbg_r.o(.constdata)
    OSPtrSize                                0x0800773c   Data           2  os_dbg_r.o(.constdata)
    OSQEn                                    0x0800773e   Data           2  os_dbg_r.o(.constdata)
    OSQMax                                   0x08007740   Data           2  os_dbg_r.o(.constdata)
    OSQSize                                  0x08007742   Data           2  os_dbg_r.o(.constdata)
    OSRdyTblSize                             0x08007744   Data           2  os_dbg_r.o(.constdata)
    OSSemEn                                  0x08007746   Data           2  os_dbg_r.o(.constdata)
    OSStkWidth                               0x08007748   Data           2  os_dbg_r.o(.constdata)
    OSTaskCreateEn                           0x0800774a   Data           2  os_dbg_r.o(.constdata)
    OSTaskCreateExtEn                        0x0800774c   Data           2  os_dbg_r.o(.constdata)
    OSTaskDelEn                              0x0800774e   Data           2  os_dbg_r.o(.constdata)
    OSTaskIdleStkSize                        0x08007750   Data           2  os_dbg_r.o(.constdata)
    OSTaskProfileEn                          0x08007752   Data           2  os_dbg_r.o(.constdata)
    OSTaskMax                                0x08007754   Data           2  os_dbg_r.o(.constdata)
    OSTaskNameEn                             0x08007756   Data           2  os_dbg_r.o(.constdata)
    OSTaskStatEn                             0x08007758   Data           2  os_dbg_r.o(.constdata)
    OSTaskStatStkSize                        0x0800775a   Data           2  os_dbg_r.o(.constdata)
    OSTaskStatStkChkEn                       0x0800775c   Data           2  os_dbg_r.o(.constdata)
    OSTaskSwHookEn                           0x0800775e   Data           2  os_dbg_r.o(.constdata)
    OSTaskRegTblSize                         0x08007760   Data           2  os_dbg_r.o(.constdata)
    OSTCBPrioTblMax                          0x08007762   Data           2  os_dbg_r.o(.constdata)
    OSTCBSize                                0x08007764   Data           2  os_dbg_r.o(.constdata)
    OSTicksPerSec                            0x08007766   Data           2  os_dbg_r.o(.constdata)
    OSTimeTickHookEn                         0x08007768   Data           2  os_dbg_r.o(.constdata)
    OSVersionNbr                             0x0800776a   Data           2  os_dbg_r.o(.constdata)
    OS_TLS_TblSize                           0x0800776c   Data           2  os_dbg_r.o(.constdata)
    OSTmrEn                                  0x0800776e   Data           2  os_dbg_r.o(.constdata)
    OSTmrCfgMax                              0x08007770   Data           2  os_dbg_r.o(.constdata)
    OSTmrCfgNameEn                           0x08007772   Data           2  os_dbg_r.o(.constdata)
    OSTmrCfgWheelSize                        0x08007774   Data           2  os_dbg_r.o(.constdata)
    OSTmrCfgTicksPerSec                      0x08007776   Data           2  os_dbg_r.o(.constdata)
    OSTmrSize                                0x08007778   Data           2  os_dbg_r.o(.constdata)
    OSTmrTblSize                             0x0800777a   Data           2  os_dbg_r.o(.constdata)
    OSTmrWheelSize                           0x0800777c   Data           2  os_dbg_r.o(.constdata)
    OSTmrWheelTblSize                        0x0800777e   Data           2  os_dbg_r.o(.constdata)
    OSDataSize                               0x08007780   Data           2  os_dbg_r.o(.constdata)
    SYSVIEW_X_OS_TraceAPI                    0x08007784   Data           8  segger_sysview_ucosii.o(.constdata)
    __mathlib_zero                           0x080078b0   Data           8  qnan.o(.constdata)
    Region$$Table$$Base                      0x0800795c   Number         0  anon$$obj.o(Region$$Table)
    Region$$Table$$Limit                     0x0800797c   Number         0  anon$$obj.o(Region$$Table)
    PPM_Time                                 0x20000000   Data           2  ppm.o(.data)
    PPM_CNT                                  0x20000002   Data           1  ppm.o(.data)
    RxData                                   0x20000004   Data           1  usart.o(.data)
    HMC_Data                                 0x20000008   Data           6  final.o(.data)
    q                                        0x20000010   Data          16  final.o(.data)
    OS_CPU_ExceptStkBase                     0x2000003c   Data           4  os_cpu_c.o(.data)
    OS_KA_BASEPRI_Boundary                   0x20000044   Data           4  os_cpu_c.o(.data)
    OSCtxSwCtr                               0x20000048   Data           4  os_core.o(.data)
    OSEventFreeList                          0x2000004c   Data           4  os_core.o(.data)
    OSFlagFreeList                           0x20000050   Data           4  os_core.o(.data)
    OSCPUUsage                               0x20000054   Data           1  os_core.o(.data)
    OSIdleCtrMax                             0x20000058   Data           4  os_core.o(.data)
    OSIdleCtrRun                             0x2000005c   Data           4  os_core.o(.data)
    OSStatRdy                                0x20000060   Data           1  os_core.o(.data)
    OSIntNesting                             0x20000061   Data           1  os_core.o(.data)
    OSLockNesting                            0x20000062   Data           1  os_core.o(.data)
    OSPrioCur                                0x20000063   Data           1  os_core.o(.data)
    OSPrioHighRdy                            0x20000064   Data           1  os_core.o(.data)
    OSRdyGrp                                 0x20000065   Data           1  os_core.o(.data)
    OSRdyTbl                                 0x20000066   Data           8  os_core.o(.data)
    OSRunning                                0x2000006e   Data           1  os_core.o(.data)
    OSTaskCtr                                0x2000006f   Data           1  os_core.o(.data)
    OSIdleCtr                                0x20000070   Data           4  os_core.o(.data)
    OSTCBCur                                 0x20000074   Data           4  os_core.o(.data)
    OSTCBFreeList                            0x20000078   Data           4  os_core.o(.data)
    OSTCBHighRdy                             0x2000007c   Data           4  os_core.o(.data)
    OSTCBList                                0x20000080   Data           4  os_core.o(.data)
    OSTickStepState                          0x20000084   Data           1  os_core.o(.data)
    OSMemFreeList                            0x20000088   Data           4  os_core.o(.data)
    OSQFreeList                              0x2000008c   Data           4  os_core.o(.data)
    OSTaskRegNextAvailID                     0x20000090   Data           1  os_core.o(.data)
    OSTime                                   0x20000094   Data           4  os_core.o(.data)
    OSTmrFree                                0x20000098   Data           2  os_core.o(.data)
    OSTmrUsed                                0x2000009a   Data           2  os_core.o(.data)
    OSTmrTime                                0x2000009c   Data           4  os_core.o(.data)
    OSTmrSem                                 0x200000a0   Data           4  os_core.o(.data)
    OSTmrSemSignal                           0x200000a4   Data           4  os_core.o(.data)
    OSTmrFreeList                            0x200000a8   Data           4  os_core.o(.data)
    Sem_InnerLoop                            0x200000ac   Data           4  mytasks.o(.data)
    Sem_OuterLoop                            0x200000b0   Data           4  mytasks.o(.data)
    Sem_Attitude                             0x200000b4   Data           4  mytasks.o(.data)
    GY86DataMutex                            0x200000b8   Data           4  mytasks.o(.data)
    SEQDataMutex                             0x200000bc   Data           4  mytasks.o(.data)
    QuadDataMutex                            0x200000c0   Data           4  mytasks.o(.data)
    err                                      0x200000c4   Data           1  mytasks.o(.data)
    SEGGER_SYSVIEW_TickCnt                   0x200000d0   Data           4  segger_sysview.o(.data)
    SEGGER_SYSVIEW_InterruptId               0x200000d4   Data           4  segger_sysview.o(.data)
    __stdout                                 0x200000e8   Data           4  stdout.o(.data)
    PPM                                      0x200000f0   Data          16  ppm.o(.bss)
    MPU6050_Data                             0x20000100   Data          12  final.o(.bss)
    quad                                     0x2000010c   Data         308  final.o(.bss)
    OS_CPU_ExceptStk                         0x20000240   Data        1024  os_cpu_c.o(.bss)
    OSEventTbl                               0x20000640   Data         240  os_core.o(.bss)
    OSFlagTbl                                0x20000730   Data          80  os_core.o(.bss)
    OSTaskStatStk                            0x20000780   Data         512  os_core.o(.bss)
    OSTaskIdleStk                            0x20000980   Data         512  os_core.o(.bss)
    OSTCBPrioTbl                             0x20000b80   Data         256  os_core.o(.bss)
    OSTCBTbl                                 0x20000c80   Data        2024  os_core.o(.bss)
    OSMemTbl                                 0x20001468   Data         120  os_core.o(.bss)
    OSQTbl                                   0x200014e0   Data          96  os_core.o(.bss)
    OSTmrTbl                                 0x20001540   Data         640  os_core.o(.bss)
    OSTmrTaskStk                             0x200017c0   Data         512  os_core.o(.bss)
    OSTmrWheelTbl                            0x200019c0   Data          56  os_core.o(.bss)
    Task_StartupStk                          0x200019f8   Data         512  mytasks.o(.bss)
    Task_AttitudeStk                         0x20001bf8   Data         512  mytasks.o(.bss)
    Task_OuterStk                            0x20001df8   Data         512  mytasks.o(.bss)
    Task_InnerStk                            0x20001ff8   Data         512  mytasks.o(.bss)
    Task_COMStk                              0x200021f8   Data         512  mytasks.o(.bss)
    _SEGGER_RTT                              0x20002c78   Data         168  segger_rtt.o(.bss)
    __initial_sp                             0x20005240   Data           0  startup.o(STACK)



==============================================================================

Memory Map of the image

  Image Entry point : 0x08000189

  Load Region LR_IROM1 (Base: 0x08000000, Size: 0x00007a6c, Max: 0x00080000, ABSOLUTE)

    Execution Region ER_IROM1 (Exec base: 0x08000000, Load base: 0x08000000, Size: 0x0000797c, Max: 0x00080000, ABSOLUTE)

    Exec Addr    Load Addr    Size         Type   Attr      Idx    E Section Name        Object

    0x08000000   0x08000000   0x00000188   Data   RO          111    RESET               startup.o
    0x08000188   0x08000188   0x00000000   Code   RO         7127  * .ARM.Collect$$$$00000000  mc_w.l(entry.o)
    0x08000188   0x08000188   0x00000004   Code   RO         7452    .ARM.Collect$$$$00000001  mc_w.l(entry2.o)
    0x0800018c   0x0800018c   0x00000004   Code   RO         7455    .ARM.Collect$$$$00000004  mc_w.l(entry5.o)
    0x08000190   0x08000190   0x00000000   Code   RO         7457    .ARM.Collect$$$$00000008  mc_w.l(entry7b.o)
    0x08000190   0x08000190   0x00000000   Code   RO         7459    .ARM.Collect$$$$0000000A  mc_w.l(entry8b.o)
    0x08000190   0x08000190   0x00000008   Code   RO         7460    .ARM.Collect$$$$0000000B  mc_w.l(entry9a.o)
    0x08000198   0x08000198   0x00000000   Code   RO         7462    .ARM.Collect$$$$0000000D  mc_w.l(entry10a.o)
    0x08000198   0x08000198   0x00000000   Code   RO         7464    .ARM.Collect$$$$0000000F  mc_w.l(entry11a.o)
    0x08000198   0x08000198   0x00000004   Code   RO         7453    .ARM.Collect$$$$00002712  mc_w.l(entry2.o)
    0x0800019c   0x0800019c   0x00000024   Code   RO          112    .text               startup.o
    0x080001c0   0x080001c0   0x00000114   Code   RO         5045    .text               os_cpu_a.o
    0x080002d4   0x080002d4   0x00000024   Code   RO         7130    .text               mc_w.l(memcpya.o)
    0x080002f8   0x080002f8   0x00000024   Code   RO         7132    .text               mc_w.l(memseta.o)
    0x0800031c   0x0800031c   0x000000b0   Code   RO         7399    .text               mf_w.l(fadd.o)
    0x080003cc   0x080003cc   0x00000064   Code   RO         7401    .text               mf_w.l(fmul.o)
    0x08000430   0x08000430   0x0000007c   Code   RO         7403    .text               mf_w.l(fdiv.o)
    0x080004ac   0x080004ac   0x000000de   Code   RO         7405    .text               mf_w.l(ddiv.o)
    0x0800058a   0x0800058a   0x00000012   Code   RO         7407    .text               mf_w.l(fflti.o)
    0x0800059c   0x0800059c   0x0000000a   Code   RO         7409    .text               mf_w.l(ffltui.o)
    0x080005a6   0x080005a6   0x0000001a   Code   RO         7411    .text               mf_w.l(dfltui.o)
    0x080005c0   0x080005c0   0x00000028   Code   RO         7413    .text               mf_w.l(ffixui.o)
    0x080005e8   0x080005e8   0x00000026   Code   RO         7415    .text               mf_w.l(f2d.o)
    0x0800060e   0x0800060e   0x00000038   Code   RO         7417    .text               mf_w.l(d2f.o)
    0x08000646   0x08000646   0x00000002   PAD
    0x08000648   0x08000648   0x00000014   Code   RO         7419    .text               mf_w.l(cfcmple.o)
    0x0800065c   0x0800065c   0x00000014   Code   RO         7421    .text               mf_w.l(cfrcmple.o)
    0x08000670   0x08000670   0x0000002c   Code   RO         7467    .text               mc_w.l(uidiv.o)
    0x0800069c   0x0800069c   0x00000062   Code   RO         7469    .text               mc_w.l(uldiv.o)
    0x080006fe   0x080006fe   0x00000000   Code   RO         7478    .text               mc_w.l(iusefp.o)
    0x080006fe   0x080006fe   0x0000006e   Code   RO         7479    .text               mf_w.l(fepilogue.o)
    0x0800076c   0x0800076c   0x000000ba   Code   RO         7481    .text               mf_w.l(depilogue.o)
    0x08000826   0x08000826   0x0000014e   Code   RO         7483    .text               mf_w.l(dadd.o)
    0x08000974   0x08000974   0x000000e4   Code   RO         7485    .text               mf_w.l(dmul.o)
    0x08000a58   0x08000a58   0x0000002e   Code   RO         7487    .text               mf_w.l(dscalb.o)
    0x08000a86   0x08000a86   0x000000a2   Code   RO         7489    .text               mf_w.l(dsqrt.o)
    0x08000b28   0x08000b28   0x00000030   Code   RO         7491    .text               mf_w.l(dfixul.o)
    0x08000b58   0x08000b58   0x00000030   Code   RO         7495    .text               mf_w.l(cdrcmple.o)
    0x08000b88   0x08000b88   0x00000024   Code   RO         7497    .text               mc_w.l(init.o)
    0x08000bac   0x08000bac   0x0000001e   Code   RO         7499    .text               mc_w.l(llshl.o)
    0x08000bca   0x08000bca   0x00000020   Code   RO         7501    .text               mc_w.l(llushr.o)
    0x08000bea   0x08000bea   0x00000024   Code   RO         7503    .text               mc_w.l(llsshr.o)
    0x08000c0e   0x08000c0e   0x00000002   Code   RO            1    i.App_TCBInitHook   app_hooks.o
    0x08000c10   0x08000c10   0x00000002   Code   RO            2    i.App_TaskCreateHook  app_hooks.o
    0x08000c12   0x08000c12   0x00000002   Code   RO            3    i.App_TaskDelHook   app_hooks.o
    0x08000c14   0x08000c14   0x00000002   Code   RO            4    i.App_TaskIdleHook  app_hooks.o
    0x08000c16   0x08000c16   0x00000002   Code   RO            5    i.App_TaskReturnHook  app_hooks.o
    0x08000c18   0x08000c18   0x00000002   Code   RO            6    i.App_TaskStatHook  app_hooks.o
    0x08000c1a   0x08000c1a   0x00000002   Code   RO            7    i.App_TaskSwHook    app_hooks.o
    0x08000c1c   0x08000c1c   0x00000002   Code   RO            8    i.App_TimeTickHook  app_hooks.o
    0x08000c1e   0x08000c1e   0x00000024   Code   RO         4831    i.Board_Init        final.o
    0x08000c42   0x08000c42   0x00000002   PAD
    0x08000c44   0x08000c44   0x0000001c   Code   RO         4983    i.DWT_GetTime       dwt_time.o
    0x08000c60   0x08000c60   0x00000028   Code   RO         4984    i.DWT_Init          dwt_time.o
    0x08000c88   0x08000c88   0x0000001c   Code   RO         4987    i.Delay_us          dwt_time.o
    0x08000ca4   0x08000ca4   0x00000064   Code   RO         4735    i.GPIO_Config       pwm.o
    0x08000d08   0x08000d08   0x00000090   Code   RO         1610    i.GPIO_Init         stm32f4xx_gpio.o
    0x08000d98   0x08000d98   0x00000046   Code   RO         1611    i.GPIO_PinAFConfig  stm32f4xx_gpio.o
    0x08000dde   0x08000dde   0x00000012   Code   RO         1614    i.GPIO_ReadInputDataBit  stm32f4xx_gpio.o
    0x08000df0   0x08000df0   0x00000004   Code   RO         1618    i.GPIO_SetBits      stm32f4xx_gpio.o
    0x08000df4   0x08000df4   0x0000000c   Code   RO         1622    i.GPIO_WriteBit     stm32f4xx_gpio.o
    0x08000e00   0x08000e00   0x00000010   Code   RO         4425    i.GY86_Init         gy86.o
    0x08000e10   0x08000e10   0x00000022   Code   RO         4426    i.GY86_MS5611_SendCMD  gy86.o
    0x08000e32   0x08000e32   0x00000042   Code   RO         4427    i.GY86_ReadReg      gy86.o
    0x08000e74   0x08000e74   0x00000030   Code   RO         4428    i.GY86_WriteReg     gy86.o
    0x08000ea4   0x08000ea4   0x00000054   Code   RO         4429    i.HMC5883L_GetData  gy86.o
    0x08000ef8   0x08000ef8   0x00000036   Code   RO         4430    i.HMC5883L_Init     gy86.o
    0x08000f2e   0x08000f2e   0x00000002   PAD
    0x08000f30   0x08000f30   0x000000f4   Code   RO         4895    i.InnerLoop_Update  pid.o
    0x08001024   0x08001024   0x0000000c   Code   RO         4736    i.MOTOR_Init        pwm.o
    0x08001030   0x08001030   0x000000a2   Code   RO         4431    i.MPU6050_GetData   gy86.o
    0x080010d2   0x080010d2   0x00000044   Code   RO         4432    i.MPU6050_Init      gy86.o
    0x08001116   0x08001116   0x0000000a   Code   RO         4436    i.MS5611_Reset      gy86.o
    0x08001120   0x08001120   0x00000e60   Code   RO         4957    i.MadgwickUpdate    madgwick.o
    0x08001f80   0x08001f80   0x00000040   Code   RO         4437    i.MyI2C_Init        gy86.o
    0x08001fc0   0x08001fc0   0x0000001e   Code   RO         4438    i.MyI2C_ReceiveAck  gy86.o
    0x08001fde   0x08001fde   0x00000034   Code   RO         4439    i.MyI2C_ReceiveByte  gy86.o
    0x08002012   0x08002012   0x00000018   Code   RO         4440    i.MyI2C_SendAck     gy86.o
    0x0800202a   0x0800202a   0x0000002a   Code   RO         4441    i.MyI2C_SendByte    gy86.o
    0x08002054   0x08002054   0x0000001c   Code   RO         4442    i.MyI2C_Start       gy86.o
    0x08002070   0x08002070   0x00000016   Code   RO         4443    i.MyI2C_Stop        gy86.o
    0x08002086   0x08002086   0x00000002   PAD
    0x08002088   0x08002088   0x00000078   Code   RO          132    i.NVIC_Init         misc.o
    0x08002100   0x08002100   0x00000014   Code   RO          133    i.NVIC_PriorityGroupConfig  misc.o
    0x08002114   0x08002114   0x0000002a   Code   RO         4581    i.OLED_Clear        oled.o
    0x0800213e   0x0800213e   0x00000002   PAD
    0x08002140   0x08002140   0x00000050   Code   RO         4582    i.OLED_I2C_Init     oled.o
    0x08002190   0x08002190   0x00000036   Code   RO         4583    i.OLED_I2C_SendByte  oled.o
    0x080021c6   0x080021c6   0x0000001c   Code   RO         4584    i.OLED_I2C_Start    oled.o
    0x080021e2   0x080021e2   0x00000016   Code   RO         4585    i.OLED_I2C_Stop     oled.o
    0x080021f8   0x080021f8   0x000000ae   Code   RO         4586    i.OLED_Init         oled.o
    0x080022a6   0x080022a6   0x00000022   Code   RO         4588    i.OLED_SetCursor    oled.o
    0x080022c8   0x080022c8   0x0000001c   Code   RO         4595    i.OLED_W_SCL        oled.o
    0x080022e4   0x080022e4   0x0000001c   Code   RO         4596    i.OLED_W_SDA        oled.o
    0x08002300   0x08002300   0x00000020   Code   RO         4597    i.OLED_WriteCommand  oled.o
    0x08002320   0x08002320   0x00000020   Code   RO         4598    i.OLED_WriteData    oled.o
    0x08002340   0x08002340   0x0000015c   Code   RO         5360    i.OSDebugInit       os_dbg_r.o
    0x0800249c   0x0800249c   0x00000080   Code   RO         5150    i.OSEventNameSet    os_core.o
    0x0800251c   0x0800251c   0x00000034   Code   RO         5152    i.OSInit            os_core.o
    0x08002550   0x08002550   0x00000002   Code   RO         5049    i.OSInitHookEnd     os_cpu_c.o
    0x08002552   0x08002552   0x00000002   PAD
    0x08002554   0x08002554   0x0000002c   Code   RO         5153    i.OSIntEnter        os_core.o
    0x08002580   0x08002580   0x000000b0   Code   RO         5154    i.OSIntExit         os_core.o
    0x08002630   0x08002630   0x00000048   Code   RO         5155    i.OSSchedLock       os_core.o
    0x08002678   0x08002678   0x00000070   Code   RO         5156    i.OSSchedUnlock     os_core.o
    0x080026e8   0x080026e8   0x00000068   Code   RO         5679    i.OSSemCreate       os_sem.o
    0x08002750   0x08002750   0x00000150   Code   RO         5681    i.OSSemPend         os_sem.o
    0x080028a0   0x080028a0   0x000000a0   Code   RO         5683    i.OSSemPost         os_sem.o
    0x08002940   0x08002940   0x00000048   Code   RO         5157    i.OSStart           os_core.o
    0x08002988   0x08002988   0x0000000c   Code   RO         5050    i.OSTCBInitHook     os_cpu_c.o
    0x08002994   0x08002994   0x00000114   Code   RO         5733    i.OSTaskCreate      os_task.o
    0x08002aa8   0x08002aa8   0x00000128   Code   RO         5734    i.OSTaskCreateExt   os_task.o
    0x08002bd0   0x08002bd0   0x0000000c   Code   RO         5051    i.OSTaskCreateHook  os_cpu_c.o
    0x08002bdc   0x08002bdc   0x00000190   Code   RO         5735    i.OSTaskDel         os_task.o
    0x08002d6c   0x08002d6c   0x0000000c   Code   RO         5052    i.OSTaskDelHook     os_cpu_c.o
    0x08002d78   0x08002d78   0x00000008   Code   RO         5053    i.OSTaskIdleHook    os_cpu_c.o
    0x08002d80   0x08002d80   0x000000ac   Code   RO         5738    i.OSTaskNameSet     os_task.o
    0x08002e2c   0x08002e2c   0x0000000c   Code   RO         5054    i.OSTaskReturnHook  os_cpu_c.o
    0x08002e38   0x08002e38   0x00000008   Code   RO         5055    i.OSTaskStatHook    os_cpu_c.o
    0x08002e40   0x08002e40   0x000000b0   Code   RO         5744    i.OSTaskStkChk      os_task.o
    0x08002ef0   0x08002ef0   0x000000b0   Code   RO         5056    i.OSTaskStkInit     os_cpu_c.o
    0x08002fa0   0x08002fa0   0x000000d4   Code   RO         5745    i.OSTaskSuspend     os_task.o
    0x08003074   0x08003074   0x00000014   Code   RO         5057    i.OSTaskSwHook      os_cpu_c.o
    0x08003088   0x08003088   0x0000008c   Code   RO         5834    i.OSTimeDly         os_time.o
    0x08003114   0x08003114   0x00000084   Code   RO         5835    i.OSTimeDlyHMSM     os_time.o
    0x08003198   0x08003198   0x00000028   Code   RO         5837    i.OSTimeGet         os_time.o
    0x080031c0   0x080031c0   0x00000110   Code   RO         5159    i.OSTimeTick        os_core.o
    0x080032d0   0x080032d0   0x00000028   Code   RO         5058    i.OSTimeTickHook    os_cpu_c.o
    0x080032f8   0x080032f8   0x00000014   Code   RO         5874    i.OSTmrSignal       os_tmr.o
    0x0800330c   0x0800330c   0x000000f4   Code   RO         5880    i.OSTmr_Init        os_tmr.o
    0x08003400   0x08003400   0x00000050   Code   RO         5881    i.OSTmr_InitTask    os_tmr.o
    0x08003450   0x08003450   0x00000074   Code   RO         5882    i.OSTmr_Link        os_tmr.o
    0x080034c4   0x080034c4   0x00000094   Code   RO         5883    i.OSTmr_Task        os_tmr.o
    0x08003558   0x08003558   0x00000048   Code   RO         5884    i.OSTmr_Unlink      os_tmr.o
    0x080035a0   0x080035a0   0x00000038   Code   RO         5059    i.OS_CPU_SysTickInit  os_cpu_c.o
    0x080035d8   0x080035d8   0x00000002   Code   RO         5161    i.OS_Dummy          os_core.o
    0x080035da   0x080035da   0x00000002   PAD
    0x080035dc   0x080035dc   0x0000009c   Code   RO         5162    i.OS_EventTaskRdy   os_core.o
    0x08003678   0x08003678   0x0000002e   Code   RO         5163    i.OS_EventTaskRemove  os_core.o
    0x080036a6   0x080036a6   0x0000003a   Code   RO         5164    i.OS_EventTaskRemoveMulti  os_core.o
    0x080036e0   0x080036e0   0x00000088   Code   RO         5165    i.OS_EventTaskWait  os_core.o
    0x08003768   0x08003768   0x0000001c   Code   RO         5167    i.OS_EventWaitListInit  os_core.o
    0x08003784   0x08003784   0x00000058   Code   RO         5385    i.OS_FlagInit       os_flag.o
    0x080037dc   0x080037dc   0x00000024   Code   RO         5387    i.OS_FlagUnlink     os_flag.o
    0x08003800   0x08003800   0x00000060   Code   RO         5168    i.OS_InitEventList  os_core.o
    0x08003860   0x08003860   0x0000005c   Code   RO         5169    i.OS_InitMisc       os_core.o
    0x080038bc   0x080038bc   0x00000044   Code   RO         5170    i.OS_InitRdyList    os_core.o
    0x08003900   0x08003900   0x00000080   Code   RO         5171    i.OS_InitTCBList    os_core.o
    0x08003980   0x08003980   0x00000050   Code   RO         5172    i.OS_InitTaskIdle   os_core.o
    0x080039d0   0x080039d0   0x00000050   Code   RO         5173    i.OS_InitTaskStat   os_core.o
    0x08003a20   0x08003a20   0x00000012   Code   RO         5174    i.OS_MemClr         os_core.o
    0x08003a32   0x08003a32   0x00000002   PAD
    0x08003a34   0x08003a34   0x00000058   Code   RO         5517    i.OS_MemInit        os_mem.o
    0x08003a8c   0x08003a8c   0x00000050   Code   RO         5616    i.OS_QInit          os_q.o
    0x08003adc   0x08003adc   0x00000080   Code   RO         5176    i.OS_Sched          os_core.o
    0x08003b5c   0x08003b5c   0x0000002c   Code   RO         5177    i.OS_SchedNew       os_core.o
    0x08003b88   0x08003b88   0x0000016c   Code   RO         5179    i.OS_TCBInit        os_core.o
    0x08003cf4   0x08003cf4   0x00000030   Code   RO         5180    i.OS_TaskIdle       os_core.o
    0x08003d24   0x08003d24   0x00000018   Code   RO         5746    i.OS_TaskReturn     os_task.o
    0x08003d3c   0x08003d3c   0x000000f0   Code   RO         5181    i.OS_TaskStat       os_core.o
    0x08003e2c   0x08003e2c   0x0000003c   Code   RO         5182    i.OS_TaskStatStkChk  os_core.o
    0x08003e68   0x08003e68   0x0000001a   Code   RO         5747    i.OS_TaskStkClr     os_task.o
    0x08003e82   0x08003e82   0x00000002   PAD
    0x08003e84   0x08003e84   0x000000ec   Code   RO         4896    i.OuterLoop_Update  pid.o
    0x08003f70   0x08003f70   0x000000c2   Code   RO         4897    i.PID_Calculate     pid.o
    0x08004032   0x08004032   0x0000001e   Code   RO         4898    i.PID_Init          pid.o
    0x08004050   0x08004050   0x0000000e   Code   RO         4899    i.PID_Reset         pid.o
    0x0800405e   0x0800405e   0x00000002   PAD
    0x08004060   0x08004060   0x000000d8   Code   RO         4704    i.PPM_Init          ppm.o
    0x08004138   0x08004138   0x00000034   Code   RO         4738    i.PWM_SetCompare    pwm.o
    0x0800416c   0x0800416c   0x000000d4   Code   RO         4900    i.QuadPID_Init      pid.o
    0x08004240   0x08004240   0x000000f4   Code   RO         4901    i.QuadPID_MotorControl  pid.o
    0x08004334   0x08004334   0x0000013c   Code   RO         4958    i.Quaternion2Euler  madgwick.o
    0x08004470   0x08004470   0x00000020   Code   RO         2407    i.RCC_AHB1PeriphClockCmd  stm32f4xx_rcc.o
    0x08004490   0x08004490   0x00000020   Code   RO         2413    i.RCC_APB1PeriphClockCmd  stm32f4xx_rcc.o
    0x080044b0   0x080044b0   0x0000001c   Code   RO         4444    i.SCL_W             gy86.o
    0x080044cc   0x080044cc   0x0000001c   Code   RO         4445    i.SDA_R             gy86.o
    0x080044e8   0x080044e8   0x0000001c   Code   RO         4446    i.SDA_W             gy86.o
    0x08004504   0x08004504   0x000000c8   Code   RO         6286    i.SEGGER_RTT_AllocUpBuffer  segger_rtt.o
    0x080045cc   0x080045cc   0x00000078   Code   RO         6287    i.SEGGER_RTT_ConfigDownBuffer  segger_rtt.o
    0x08004644   0x08004644   0x000000ac   Code   RO         6300    i.SEGGER_RTT_ReadNoLock  segger_rtt.o
    0x080046f0   0x080046f0   0x000000a0   Code   RO         6314    i.SEGGER_RTT_WriteSkipNoLock  segger_rtt.o
    0x08004790   0x08004790   0x00000024   Code   RO         6264    i.SEGGER_SYSVIEW_Conf  segger_sysview_config_ucosii.o
    0x080047b4   0x080047b4   0x000000bc   Code   RO         6532    i.SEGGER_SYSVIEW_GetSysDesc  segger_sysview.o
    0x08004870   0x08004870   0x00000068   Code   RO         6537    i.SEGGER_SYSVIEW_Init  segger_sysview.o
    0x080048d8   0x080048d8   0x00000070   Code   RO         6543    i.SEGGER_SYSVIEW_NameResource  segger_sysview.o
    0x08004948   0x08004948   0x00000034   Code   RO         6544    i.SEGGER_SYSVIEW_OnIdle  segger_sysview.o
    0x0800497c   0x0800497c   0x00000064   Code   RO         6545    i.SEGGER_SYSVIEW_OnTaskCreate  segger_sysview.o
    0x080049e0   0x080049e0   0x00000064   Code   RO         6546    i.SEGGER_SYSVIEW_OnTaskStartExec  segger_sysview.o
    0x08004a44   0x08004a44   0x00000064   Code   RO         6547    i.SEGGER_SYSVIEW_OnTaskStartReady  segger_sysview.o
    0x08004aa8   0x08004aa8   0x00000084   Code   RO         6549    i.SEGGER_SYSVIEW_OnTaskStopReady  segger_sysview.o
    0x08004b2c   0x08004b2c   0x00000078   Code   RO         6557    i.SEGGER_SYSVIEW_RecordEndCallU32  segger_sysview.o
    0x08004ba4   0x08004ba4   0x00000064   Code   RO         6558    i.SEGGER_SYSVIEW_RecordEnterISR  segger_sysview.o
    0x08004c08   0x08004c08   0x00000034   Code   RO         6560    i.SEGGER_SYSVIEW_RecordExitISR  segger_sysview.o
    0x08004c3c   0x08004c3c   0x00000034   Code   RO         6561    i.SEGGER_SYSVIEW_RecordExitISRToScheduler  segger_sysview.o
    0x08004c70   0x08004c70   0x0000003c   Code   RO         6565    i.SEGGER_SYSVIEW_RecordSystime  segger_sysview.o
    0x08004cac   0x08004cac   0x0000005c   Code   RO         6566    i.SEGGER_SYSVIEW_RecordU32  segger_sysview.o
    0x08004d08   0x08004d08   0x0000007c   Code   RO         6568    i.SEGGER_SYSVIEW_RecordU32x2  segger_sysview.o
    0x08004d84   0x08004d84   0x00000038   Code   RO         6576    i.SEGGER_SYSVIEW_RecordVoid  segger_sysview.o
    0x08004dbc   0x08004dbc   0x000000b4   Code   RO         6580    i.SEGGER_SYSVIEW_SendModule  segger_sysview.o
    0x08004e70   0x08004e70   0x00000024   Code   RO         6581    i.SEGGER_SYSVIEW_SendModuleDescription  segger_sysview.o
    0x08004e94   0x08004e94   0x00000058   Code   RO         6582    i.SEGGER_SYSVIEW_SendNumModules  segger_sysview.o
    0x08004eec   0x08004eec   0x00000048   Code   RO         6585    i.SEGGER_SYSVIEW_SendSysDesc  segger_sysview.o
    0x08004f34   0x08004f34   0x0000010c   Code   RO         6586    i.SEGGER_SYSVIEW_SendTaskInfo  segger_sysview.o
    0x08005040   0x08005040   0x00000020   Code   RO         6587    i.SEGGER_SYSVIEW_SendTaskList  segger_sysview.o
    0x08005060   0x08005060   0x0000000c   Code   RO         6588    i.SEGGER_SYSVIEW_SetRAMBase  segger_sysview.o
    0x0800506c   0x0800506c   0x00000010   Code   RO         6589    i.SEGGER_SYSVIEW_ShrinkId  segger_sysview.o
    0x0800507c   0x0800507c   0x000000fc   Code   RO         6590    i.SEGGER_SYSVIEW_Start  segger_sysview.o
    0x08005178   0x08005178   0x00000044   Code   RO         6591    i.SEGGER_SYSVIEW_Stop  segger_sysview.o
    0x080051bc   0x080051bc   0x00000080   Code   RO         6600    i.SEGGER_SYSVIEW_Warn  segger_sysview.o
    0x0800523c   0x0800523c   0x000000a4   Code   RO         6170    i.SYSVIEW_AddTask   segger_sysview_ucosii.o
    0x080052e0   0x080052e0   0x0000007c   Code   RO         6171    i.SYSVIEW_RecordU32Register  segger_sysview_ucosii.o
    0x0800535c   0x0800535c   0x00000050   Code   RO         6174    i.SYSVIEW_SendResourceList  segger_sysview_ucosii.o
    0x080053ac   0x080053ac   0x00000032   Code   RO         6175    i.SYSVIEW_SendTaskInfo  segger_sysview_ucosii.o
    0x080053de   0x080053de   0x00000002   PAD
    0x080053e0   0x080053e0   0x0000001c   Code   RO         6176    i.SYSVIEW_TaskReady  segger_sysview_ucosii.o
    0x080053fc   0x080053fc   0x0000001c   Code   RO         6177    i.SYSVIEW_TaskSuspend  segger_sysview_ucosii.o
    0x08005418   0x08005418   0x00000020   Code   RO         6178    i.SYSVIEW_TaskSwitchedIn  segger_sysview_ucosii.o
    0x08005438   0x08005438   0x0000005c   Code   RO         6179    i.SYSVIEW_UpdateResource  segger_sysview_ucosii.o
    0x08005494   0x08005494   0x0000009c   Code   RO         6180    i.SYSVIEW_UpdateTask  segger_sysview_ucosii.o
    0x08005530   0x08005530   0x00000058   Code   RO         6011    i.Sem_Init          mytasks.o
    0x08005588   0x08005588   0x00000026   Code   RO         5061    i.SysTick_Handler   os_cpu_c.o
    0x080055ae   0x080055ae   0x00000002   PAD
    0x080055b0   0x080055b0   0x000000d8   Code   RO          117    i.SystemInit        system.o
    0x08005688   0x08005688   0x0000003a   Code   RO         3628    i.TI1_Config        stm32f4xx_tim.o
    0x080056c2   0x080056c2   0x00000050   Code   RO         3629    i.TI2_Config        stm32f4xx_tim.o
    0x08005712   0x08005712   0x00000048   Code   RO         3630    i.TI3_Config        stm32f4xx_tim.o
    0x0800575a   0x0800575a   0x00000050   Code   RO         3631    i.TI4_Config        stm32f4xx_tim.o
    0x080057aa   0x080057aa   0x00000002   PAD
    0x080057ac   0x080057ac   0x00000130   Code   RO         4739    i.TIM1_Config       pwm.o
    0x080058dc   0x080058dc   0x0000005c   Code   RO         5022    i.TIM2_IRQHandler   tim_sched.o
    0x08005938   0x08005938   0x0000005a   Code   RO         5023    i.TIM2_Init         tim_sched.o
    0x08005992   0x08005992   0x00000002   PAD
    0x08005994   0x08005994   0x00000064   Code   RO         4705    i.TIM3_IRQHandler   ppm.o
    0x080059f8   0x080059f8   0x00000006   Code   RO         3639    i.TIM_ClearITPendingBit  stm32f4xx_tim.o
    0x080059fe   0x080059fe   0x00000018   Code   RO         3644    i.TIM_Cmd           stm32f4xx_tim.o
    0x08005a16   0x08005a16   0x00000022   Code   RO         3665    i.TIM_GetITStatus   stm32f4xx_tim.o
    0x08005a38   0x08005a38   0x0000006e   Code   RO         3667    i.TIM_ICInit        stm32f4xx_tim.o
    0x08005aa6   0x08005aa6   0x00000012   Code   RO         3669    i.TIM_ITConfig      stm32f4xx_tim.o
    0x08005ab8   0x08005ab8   0x00000012   Code   RO         3698    i.TIM_SelectInputTrigger  stm32f4xx_tim.o
    0x08005aca   0x08005aca   0x00000012   Code   RO         3703    i.TIM_SelectSlaveMode  stm32f4xx_tim.o
    0x08005adc   0x08005adc   0x00000012   Code   RO         3711    i.TIM_SetIC1Prescaler  stm32f4xx_tim.o
    0x08005aee   0x08005aee   0x0000001a   Code   RO         3712    i.TIM_SetIC2Prescaler  stm32f4xx_tim.o
    0x08005b08   0x08005b08   0x00000012   Code   RO         3713    i.TIM_SetIC3Prescaler  stm32f4xx_tim.o
    0x08005b1a   0x08005b1a   0x0000001a   Code   RO         3714    i.TIM_SetIC4Prescaler  stm32f4xx_tim.o
    0x08005b34   0x08005b34   0x00000084   Code   RO         3716    i.TIM_TimeBaseInit  stm32f4xx_tim.o
    0x08005bb8   0x08005bb8   0x000000a0   Code   RO         6012    i.Task_Attitude     mytasks.o
    0x08005c58   0x08005c58   0x0000009c   Code   RO         6013    i.Task_COM          mytasks.o
    0x08005cf4   0x08005cf4   0x000000a0   Code   RO         6014    i.Task_Inner        mytasks.o
    0x08005d94   0x08005d94   0x000000a8   Code   RO         6015    i.Task_Outer        mytasks.o
    0x08005e3c   0x08005e3c   0x00000080   Code   RO         6016    i.Task_Startup      mytasks.o
    0x08005ebc   0x08005ebc   0x00000034   Code   RO         4786    i.USART1_IRQHandler  usart.o
    0x08005ef0   0x08005ef0   0x00000164   Code   RO         4787    i.USART_Config      usart.o
    0x08006054   0x08006054   0x00000060   Code   RO         4788    i.USART_GPIO_Init   usart.o
    0x080060b4   0x080060b4   0x00000018   Code   RO         4789    i.USART_SendByte    usart.o
    0x080060cc   0x080060cc   0x00000070   Code   RO         6317    i._DoInit           segger_rtt.o
    0x0800613c   0x0800613c   0x00000036   Code   RO         6605    i._EncodeStr        segger_sysview.o
    0x08006172   0x08006172   0x00000002   PAD
    0x08006174   0x08006174   0x000000a8   Code   RO         6606    i._HandleIncomingPacket  segger_sysview.o
    0x0800621c   0x0800621c   0x00000006   Code   RO         6607    i._PreparePacket    segger_sysview.o
    0x08006222   0x08006222   0x00000002   PAD
    0x08006224   0x08006224   0x000001e8   Code   RO         6610    i._SendPacket       segger_sysview.o
    0x0800640c   0x0800640c   0x0000008c   Code   RO         6612    i._TrySendOverflowPacket  segger_sysview.o
    0x08006498   0x08006498   0x00000020   Code   RO         7371    i.__0printf         mc_w.l(printfa.o)
    0x080064b8   0x080064b8   0x00000028   Code   RO         7447    i.__ARM_fpclassify  m_ws.l(fpclassify.o)
    0x080064e0   0x080064e0   0x000000aa   Code   RO         7449    i.__kernel_poly     m_ws.l(poly.o)
    0x0800658a   0x0800658a   0x00000006   Code   RO         7434    i.__mathlib_dbl_infnan  m_ws.l(dunder.o)
    0x08006590   0x08006590   0x00000004   Code   RO         7435    i.__mathlib_dbl_infnan2  m_ws.l(dunder.o)
    0x08006594   0x08006594   0x0000000c   Code   RO         7436    i.__mathlib_dbl_invalid  m_ws.l(dunder.o)
    0x080065a0   0x080065a0   0x00000010   Code   RO         7439    i.__mathlib_dbl_underflow  m_ws.l(dunder.o)
    0x080065b0   0x080065b0   0x0000000e   Code   RO         7507    i.__scatterload_copy  mc_w.l(handlers.o)
    0x080065be   0x080065be   0x00000002   Code   RO         7508    i.__scatterload_null  mc_w.l(handlers.o)
    0x080065c0   0x080065c0   0x0000000e   Code   RO         7509    i.__scatterload_zeroinit  mc_w.l(handlers.o)
    0x080065ce   0x080065ce   0x00000002   PAD
    0x080065d0   0x080065d0   0x0000000c   Code   RO         7473    i.__set_errno       mc_w.l(errno.o)
    0x080065dc   0x080065dc   0x00000014   Code   RO         6181    i._cbGetTime        segger_sysview_ucosii.o
    0x080065f0   0x080065f0   0x00000068   Code   RO         6265    i._cbSendSystemDesc  segger_sysview_config_ucosii.o
    0x08006658   0x08006658   0x00000054   Code   RO         6182    i._cbSendTaskList   segger_sysview_ucosii.o
    0x080066ac   0x080066ac   0x00000184   Code   RO         7378    i._fp_digits        mc_w.l(printfa.o)
    0x08006830   0x08006830   0x000006dc   Code   RO         7379    i._printf_core      mc_w.l(printfa.o)
    0x08006f0c   0x08006f0c   0x00000024   Code   RO         7380    i._printf_post_padding  mc_w.l(printfa.o)
    0x08006f30   0x08006f30   0x0000002e   Code   RO         7381    i._printf_pre_padding  mc_w.l(printfa.o)
    0x08006f5e   0x08006f5e   0x00000002   PAD
    0x08006f60   0x08006f60   0x00000270   Code   RO         7102    i.asin              m_ws.l(asin.o)
    0x080071d0   0x080071d0   0x00000220   Code   RO         7424    i.atan              m_ws.l(atan.o)
    0x080073f0   0x080073f0   0x00000180   Code   RO         7112    i.atan2             m_ws.l(atan2.o)
    0x08007570   0x08007570   0x00000010   Code   RO         4790    i.fputc             usart.o
    0x08007580   0x08007580   0x00000040   Code   RO         5960    i.main              main.o
    0x080075c0   0x080075c0   0x0000004c   Code   RO         7120    i.sqrt              m_ws.l(sqrt.o)
    0x0800760c   0x0800760c   0x00000100   Data   RO         5184    .constdata          os_core.o
    0x0800770c   0x0800770c   0x00000076   Data   RO         5361    .constdata          os_dbg_r.o
    0x08007782   0x08007782   0x00000002   PAD
    0x08007784   0x08007784   0x00000008   Data   RO         6184    .constdata          segger_sysview_ucosii.o
    0x0800778c   0x0800778c   0x00000021   Data   RO         6323    .constdata          segger_rtt.o
    0x080077ad   0x080077ad   0x0000001a   Data   RO         6616    .constdata          segger_sysview.o
    0x080077c7   0x080077c7   0x00000001   PAD
    0x080077c8   0x080077c8   0x00000050   Data   RO         7103    .constdata          m_ws.l(asin.o)
    0x08007818   0x08007818   0x00000098   Data   RO         7425    .constdata          m_ws.l(atan.o)
    0x080078b0   0x080078b0   0x00000008   Data   RO         7451    .constdata          m_ws.l(qnan.o)
    0x080078b8   0x080078b8   0x000000a4   Data   RO         6185    .conststring        segger_sysview_ucosii.o
    0x0800795c   0x0800795c   0x00000020   Data   RO         7505    Region$$Table       anon$$obj.o


    Execution Region RW_IRAM1 (Exec base: 0x20000000, Load base: 0x0800797c, Size: 0x00005240, Max: 0x00018000, ABSOLUTE)

    Exec Addr    Load Addr    Size         Type   Attr      Idx    E Section Name        Object

    0x20000000   0x0800797c   0x00000003   Data   RW         4707    .data               ppm.o
    0x20000003   0x0800797f   0x00000001   PAD
    0x20000004   0x08007980   0x00000004   Data   RW         4791    .data               usart.o
    0x20000008   0x08007984   0x00000018   Data   RW         4836    .data               final.o
    0x20000020   0x0800799c   0x00000018   Data   RW         4960    .data               madgwick.o
    0x20000038   0x080079b4   0x00000001   Data   RW         5024    .data               tim_sched.o
    0x20000039   0x080079b5   0x00000003   PAD
    0x2000003c   0x080079b8   0x0000000c   Data   RW         5063    .data               os_cpu_c.o
    0x20000048   0x080079c4   0x00000064   Data   RW         5185    .data               os_core.o
    0x200000ac   0x08007a28   0x00000019   Data   RW         6018    .data               mytasks.o
    0x200000c5   0x08007a41   0x00000003   PAD
    0x200000c8   0x08007a44   0x00000008   Data   RW         6186    .data               segger_sysview_ucosii.o
    0x200000d0   0x08007a4c   0x00000015   Data   RW         6617    .data               segger_sysview.o
    0x200000e5   0x08007a61   0x00000003   PAD
    0x200000e8   0x08007a64   0x00000004   Data   RW         7466    .data               mc_w.l(stdout.o)
    0x200000ec   0x08007a68   0x00000004   Data   RW         7474    .data               mc_w.l(errno.o)
    0x200000f0        -       0x00000010   Zero   RW         4706    .bss                ppm.o
    0x20000100        -       0x00000140   Zero   RW         4835    .bss                final.o
    0x20000240        -       0x00000400   Zero   RW         5062    .bss                os_cpu_c.o
    0x20000640        -       0x000013b8   Zero   RW         5183    .bss                os_core.o
    0x200019f8        -       0x00000a00   Zero   RW         6017    .bss                mytasks.o
    0x200023f8        -       0x00000880   Zero   RW         6183    .bss                segger_sysview_ucosii.o
    0x20002c78        -       0x000010b8   Zero   RW         6322    .bss                segger_rtt.o
    0x20003d30        -       0x0000110b   Zero   RW         6615    .bss                segger_sysview.o
    0x20004e3b   0x08007a6c   0x00000005   PAD
    0x20004e40        -       0x00000400   Zero   RW          109    STACK               startup.o


==============================================================================

Image component sizes


      Code (inc. data)   RO Data    RW Data    ZI Data      Debug   Object Name

        16          0          0          0          0      21756   app_hooks.o
        96         22          0          0          0       1292   dwt_time.o
        36          0          0         24        320       2020   final.o
       888         22          0          0          0      16668   gy86.o
      3996         98          0         24          0       3480   madgwick.o
        64         20          0          0          0        407   main.o
       140         24          0          0          0     212519   misc.o
       860        234          0         25       2560      14952   mytasks.o
       554         12          0          0          0       5186   oled.o
      2800        428        256        100       5048      23602   os_core.o
       276         32          0          0          0        300   os_cpu_a.o
       396         22          0         12       1024      15586   os_cpu_c.o
       348        230        118          0          0       3313   os_dbg_r.o
       124         14          0          0          0       1082   os_flag.o
        88         14          0          0          0        481   os_mem.o
        80          8          0          0          0        503   os_q.o
       600         24          0          0          0       2318   os_sem.o
      1582        118          0          0          0       6472   os_task.o
       312         36          0          0          0       1808   os_time.o
       680        136          0          0          0       3495   os_tmr.o
      1174         46          0          0          0       4623   pid.o
       316         28          0          3         16      22876   ppm.o
       468         24          0          0          0       1778   pwm.o
       764         54         33          0       4280       9456   segger_rtt.o
      3552        238         26         21       4363      34509   segger_sysview.o
       140         90          0          0          0        986   segger_sysview_config_ucosii.o
       858         82        172          8       2176       8041   segger_sysview_ucosii.o
        36          8        392          0       1024        768   startup.o
       248          0          0          0          0       9890   stm32f4xx_gpio.o
        64         12          0          0          0       1018   stm32f4xx_rcc.o
       738         28          0          0          0      29114   stm32f4xx_tim.o
       216         10          0          0          0        449   system.o
       182         16          0          1          0        998   tim_sched.o
       544         54          0          4          0       2599   usart.o

    ----------------------------------------------------------------------
     23266       2184       1032        232      20816     464345   Object Totals
         0          0         32          0          0          0   (incl. Generated)
        30          0          3         10          5          0   (incl. Padding)

    ----------------------------------------------------------------------

      Code (inc. data)   RO Data    RW Data    ZI Data      Debug   Library Member Name

       624         52         80          0          0        168   asin.o
       544         70        152          0          0        124   atan.o
       384         38          0          0          0        144   atan2.o
        38          6          0          0          0        272   dunder.o
        40          0          0          0          0         68   fpclassify.o
       170          0          0          0          0         96   poly.o
         0          0          8          0          0          0   qnan.o
        76          0          0          0          0         84   sqrt.o
         0          0          0          0          0          0   entry.o
         0          0          0          0          0          0   entry10a.o
         0          0          0          0          0          0   entry11a.o
         8          4          0          0          0          0   entry2.o
         4          0          0          0          0          0   entry5.o
         0          0          0          0          0          0   entry7b.o
         0          0          0          0          0          0   entry8b.o
         8          4          0          0          0          0   entry9a.o
        12          6          0          4          0         68   errno.o
        30          0          0          0          0          0   handlers.o
        36          8          0          0          0         68   init.o
         0          0          0          0          0          0   iusefp.o
        30          0          0          0          0         68   llshl.o
        36          0          0          0          0         68   llsshr.o
        32          0          0          0          0         68   llushr.o
        36          0          0          0          0         68   memcpya.o
        36          0          0          0          0        108   memseta.o
      2258         90          0          0          0        452   printfa.o
         0          0          0          4          0          0   stdout.o
        44          0          0          0          0         80   uidiv.o
        98          0          0          0          0         92   uldiv.o
        48          0          0          0          0         68   cdrcmple.o
        20          0          0          0          0         68   cfcmple.o
        20          0          0          0          0         68   cfrcmple.o
        56          0          0          0          0         88   d2f.o
       334          0          0          0          0        148   dadd.o
       222          0          0          0          0        100   ddiv.o
       186          0          0          0          0        176   depilogue.o
        48          0          0          0          0         68   dfixul.o
        26          0          0          0          0         76   dfltui.o
       228          0          0          0          0         96   dmul.o
        46          0          0          0          0         80   dscalb.o
       162          0          0          0          0        100   dsqrt.o
        38          0          0          0          0         68   f2d.o
       176          0          0          0          0        140   fadd.o
       124          0          0          0          0         88   fdiv.o
       110          0          0          0          0        168   fepilogue.o
        40          0          0          0          0         68   ffixui.o
        18          0          0          0          0         68   fflti.o
        10          0          0          0          0         68   ffltui.o
       100          0          0          0          0         76   fmul.o

    ----------------------------------------------------------------------
      6562        278        240          8          0       3976   Library Totals
         6          0          0          0          0          0   (incl. Padding)

    ----------------------------------------------------------------------

      Code (inc. data)   RO Data    RW Data    ZI Data      Debug   Library Name

      1876        166        240          0          0        956   m_ws.l
      2668        112          0          8          0       1140   mc_w.l
      2012          0          0          0          0       1880   mf_w.l

    ----------------------------------------------------------------------
      6562        278        240          8          0       3976   Library Totals

    ----------------------------------------------------------------------

==============================================================================


      Code (inc. data)   RO Data    RW Data    ZI Data      Debug   

     29828       2462       1272        240      20816     455577   Grand Totals
     29828       2462       1272        240      20816     455577   ELF Image Totals
     29828       2462       1272        240          0          0   ROM Totals

==============================================================================

    Total RO  Size (Code + RO Data)                31100 (  30.37kB)
    Total RW  Size (RW Data + ZI Data)             21056 (  20.56kB)
    Total ROM Size (Code + RO Data + RW Data)      31340 (  30.61kB)

==============================================================================

